<html>
<body>
<pre>
<h1>µVision Build Log</h1>
<h2>Tool Versions:</h2>
IDE-Version: ¦ÌVision V5.23.0.0
Copyright (C) 2017 ARM Ltd and ARM Germany GmbH. All rights reserved.
License Information: dfrtghr AutoBVT, Microsoft, LIC=KRMFW-QBG0H-Y6CQX-HPCN8-1VVYA-JF1D9
 
Tool Versions:
Toolchain:       MDK-ARM Plus  Version: 5.23
Toolchain Path:  D:\MDK4.22\ARM\ARMCC\Bin
C Compiler:      Armcc.exe V5.06 update 4 (build 422)
Assembler:       Armasm.exe V5.06 update 4 (build 422)
Linker/Locator:  ArmLink.exe V5.06 update 4 (build 422)
Library Manager: ArmAr.exe V5.06 update 4 (build 422)
Hex Converter:   FromElf.exe V5.06 update 4 (build 422)
CPU DLL:         
Dialog DLL:      
Target DLL:      Segger\JL2CM3.dll V2.99.23.0
Dialog DLL:      TCM.DLL V1.27.0.0
 
<h2>Project:</h2>
D:\NRF52832\SDK\nRF5_SDK_13.1.0_190225\nRF5_SDK_13.1.0_190225\examples\ble_central\ble_app_hrs_c\pca10040\s132\arm5_no_packs\ble_app_hrs_c_pca10040_s132.uvprojx
Project File Date:  02/19/2019

<h2>Output:</h2>
*** Using Compiler 'V5.06 update 4 (build 422)', folder: 'D:\MDK4.22\ARM\ARMCC\Bin'
Build target 'nrf52832_xxaa'
compiling boards.c...
compiling bsp.c...
compiling main.c...
..\ble_dfu\bracelet_dfu.h(62): warning:  #1-D: last line of file ends without a newline
  #endif
..\ble_dfu\ble_bracelet_dfu_c.h(33): warning:  #1-D: last line of file ends without a newline
  #endif
..\..\..\main.c(1276): warning:  #177-D: function "services_init"  was declared but never referenced
  static void services_init(void)
..\..\..\main.c: 3 warnings, 0 errors
compiling bsp_btn_ble.c...
compiling bsp_nfc.c...
compiling ble_advdata.c...
compiling ble_conn_params.c...
compiling ble_conn_state.c...
compiling ble_srv_common.c...
compiling ble_db_discovery.c...
compiling gatt_cache_manager.c...
compiling id_manager.c...
compiling gatts_cache_manager.c...
compiling nrf_ble_gatt.c...
compiling peer_id.c...
compiling peer_data_storage.c...
compiling peer_database.c...
compiling pm_buffer.c...
compiling pm_mutex.c...
compiling peer_manager.c...
compiling security_dispatcher.c...
compiling security_manager.c...
compiling ble_dfu.c...
compiling ble_bas_c.c...
compiling ble_hrs_c.c...
compiling ble_advertising.c...
compiling ble_rscs_c.c...
compiling ble_dfus_c.c...
..\ble_dfu\bracelet_dfu.h(62): warning:  #1-D: last line of file ends without a newline
  #endif
..\ble_dfu\ble_bracelet_dfu_c.h(33): warning:  #1-D: last line of file ends without a newline
  #endif
..\ble_dfu\ble_dfus_c.c(280): warning:  #1-D: last line of file ends without a newline
  }
..\ble_dfu\ble_dfus_c.c: 3 warnings, 0 errors
compiling ble_bracelet_dfu_c.c...
..\ble_dfu\bracelet_dfu.h(62): warning:  #1-D: last line of file ends without a newline
  #endif
..\ble_dfu\ble_bracelet_dfu_c.h(33): warning:  #1-D: last line of file ends without a newline
  #endif
..\ble_dfu\ble_bracelet_dfu_c.c(28): warning:  #177-D: variable "err_code"  was declared but never referenced
  	uint32_t err_code;
..\ble_dfu\ble_bracelet_dfu_c.c: 3 warnings, 0 errors
compiling nrf_drv_common.c...
compiling nrf_drv_gpiote.c...
compiling nrf_drv_clock.c...
compiling app_button.c...
compiling nrf_drv_uart.c...
compiling nrf_drv_rtc.c...
compiling app_error.c...
compiling app_error_weak.c...
compiling app_scheduler.c...
compiling crc16.c...
compiling app_util_platform.c...
compiling app_timer.c...
compiling hardfault_implementation.c...
compiling fstorage.c...
compiling nrf_assert.c...
compiling nrf_strerror.c...
compiling sdk_mapped_flags.c...
compiling app_uart_fifo.c...
compiling fds.c...
"no source": Error:  #5: cannot open source input file "..\..\..\..\..\..\..\nRF5_SDK_13.1.01_0803\components\libraries\fds\fds.c": No such file or directory
..\..\..\..\..\..\..\nRF5_SDK_13.1.01_0803\components\libraries\fds\fds.c: 0 warnings, 1 error
compiling app_fifo.c...
compiling retarget.c...
compiling RTT_Syscalls_KEIL.c...
compiling nrf_log_backend_serial.c...
compiling SEGGER_RTT_printf.c...
compiling nrf_log_frontend.c...
compiling SEGGER_RTT.c...
compiling softdevice_handler.c...
compiling uart.c...
..\ble_dfu\bracelet_dfu.h(62): warning:  #1-D: last line of file ends without a newline
  #endif
..\ble_dfu\ble_bracelet_dfu_c.h(33): warning:  #1-D: last line of file ends without a newline
  #endif
..\uart\uart.c: 2 warnings, 0 errors
compiling datadeal.c...
..\ble_dfu\bracelet_dfu.h(62): warning:  #1-D: last line of file ends without a newline
  #endif
..\ble_dfu\ble_bracelet_dfu_c.h(33): warning:  #1-D: last line of file ends without a newline
  #endif
..\datadeal\datadeal.c(65): warning:  #550-D: variable "err_code"  was set but never used
      uint32_t err_code;
..\datadeal\datadeal.c: 3 warnings, 0 errors
compiling strdeal.c...
compiling app_adv.c...
compiling identificator.c...
..\ble_dfu\bracelet_dfu.h(62): warning:  #1-D: last line of file ends without a newline
  #endif
..\ble_dfu\ble_bracelet_dfu_c.h(33): warning:  #1-D: last line of file ends without a newline
  #endif
..\identificator\identificator.c(115): warning:  #550-D: variable "err_code"  was set but never used
  	uint32_t err_code;	
..\identificator\identificator.c: 3 warnings, 0 errors
compiling wdt.c...
compiling app_rtc.c...
assembling arm_startup_nrf52.s...
compiling mble_dfu.c...
compiling system_nrf52.c...
compiling bracelet_dfu.c...
..\ble_dfu\bracelet_dfu.h(62): warning:  #1-D: last line of file ends without a newline
  #endif
..\ble_dfu\ble_bracelet_dfu_c.h(33): warning:  #1-D: last line of file ends without a newline
  #endif
..\ble_dfu\bracelet_dfu.c(322): warning:  #1-D: last line of file ends without a newline
  }
..\ble_dfu\bracelet_dfu.c: 3 warnings, 0 errors
linking...
Program Size: Code=44996 RO-data=1736 RW-data=452 ZI-data=38452  
FromELF: creating hex file...
".\_build\application.axf" - 0 Error(s), 20 Warning(s).

<h2>Software Packages used:</h2>

Package Vendor: ARM
                http://www.keil.com/pack/ARM.CMSIS.4.5.0.pack
                ARM::CMSIS:CORE:4.3.0
                CMSIS (Cortex Microcontroller Software Interface Standard)
   * Component: CORE Version: 4.3.0

Package Vendor: NordicSemiconductor
                http://developer.nordicsemi.com/nRF5_SDK/pieces/nRF_DeviceFamilyPack/NordicSemiconductor.nRF_DeviceFamilyPack.8.12.0.pack
                NordicSemiconductor::Device:Startup:8.12.0
                Nordic Semiconductor nRF ARM devices Device Family Pack.
   * Component: Startup Version: 8.12.0

<h2>Collection of Component include folders:</h2>
  .\RTE\_nrf52832_xxaa
  D:\MDK4.22\ARM\PACK\ARM\CMSIS\4.5.0\CMSIS\Include
  D:\MDK4.22\ARM\PACK\NordicSemiconductor\nRF_DeviceFamilyPack\8.12.0\Device\Include
  D:\MDK4.22\ARM\PACK\NordicSemiconductor\nRF_DeviceFamilyPack\8.14.0\Device\Include

<h2>Collection of Component Files used:</h2>

   * Component: ARM::CMSIS:CORE:4.3.0

   * Component: NordicSemiconductor::Device:Startup:8.12.0
      Source file:   Device\Source\arm\arm_startup_nrf52.s
      Source file:   Device\Source\system_nrf52.c
      Include file:  Device\Include\system_nrf52.h
Build Time Elapsed:  00:00:24
</pre>
</body>
</html>
