Component: ARM Compiler 5.06 update 4 (build 422) Tool: armlink [4d35d2]

==============================================================================

Section Cross References

    main.o(i.advertising_init) refers to memseta.o(.text) for __aeabi_memclr4
    main.o(i.advertising_init) refers to ble_advertising.o(i.ble_advertising_init) for ble_advertising_init
    main.o(i.advertising_init) refers to app_error.o(i.app_error_handler_bare) for app_error_handler_bare
    main.o(i.advertising_init) refers to main.o(.bss) for .bss
    main.o(i.advertising_init) refers to app_rtc.o(.data) for gap_data
    main.o(i.advertising_init) refers to main.o(.data) for .data
    main.o(i.advertising_init) refers to main.o(i.on_adv_evt) for on_adv_evt
    main.o(i.assert_nrf_callback) refers to app_error.o(i.app_error_handler) for app_error_handler
    main.o(i.ble_evt_dispatch) refers to ble_conn_state.o(i.ble_conn_state_on_ble_evt) for ble_conn_state_on_ble_evt
    main.o(i.ble_evt_dispatch) refers to peer_manager.o(i.pm_on_ble_evt) for pm_on_ble_evt
    main.o(i.ble_evt_dispatch) refers to ble_db_discovery.o(i.ble_db_discovery_on_ble_evt) for ble_db_discovery_on_ble_evt
    main.o(i.ble_evt_dispatch) refers to ble_rscs_c.o(i.ble_rscs_c_on_ble_evt) for ble_rscs_c_on_ble_evt
    main.o(i.ble_evt_dispatch) refers to bsp_btn_ble.o(i.bsp_btn_ble_on_ble_evt) for bsp_btn_ble_on_ble_evt
    main.o(i.ble_evt_dispatch) refers to nrf_ble_gatt.o(i.nrf_ble_gatt_on_ble_evt) for nrf_ble_gatt_on_ble_evt
    main.o(i.ble_evt_dispatch) refers to main.o(i.on_ble_evt) for on_ble_evt
    main.o(i.ble_evt_dispatch) refers to ble_advertising.o(i.ble_advertising_on_ble_evt) for ble_advertising_on_ble_evt
    main.o(i.ble_evt_dispatch) refers to ble_dfu.o(i.ble_dfu_on_ble_evt) for ble_dfu_on_ble_evt
    main.o(i.ble_evt_dispatch) refers to main.o(.bss) for .bss
    main.o(i.ble_evt_dispatch) refers to identificator.o(.bss) for m_ble_rscs_c
    main.o(i.ble_stack_init) refers to softdevice_handler.o(i.softdevice_handler_init) for softdevice_handler_init
    main.o(i.ble_stack_init) refers to app_error.o(i.app_error_handler_bare) for app_error_handler_bare
    main.o(i.ble_stack_init) refers to softdevice_handler.o(i.softdevice_app_ram_start_get) for softdevice_app_ram_start_get
    main.o(i.ble_stack_init) refers to softdevice_handler.o(i.softdevice_enable) for softdevice_enable
    main.o(i.ble_stack_init) refers to softdevice_handler.o(i.softdevice_ble_evt_handler_set) for softdevice_ble_evt_handler_set
    main.o(i.ble_stack_init) refers to softdevice_handler.o(i.softdevice_sys_evt_handler_set) for softdevice_sys_evt_handler_set
    main.o(i.ble_stack_init) refers to main.o(.constdata) for .constdata
    main.o(i.ble_stack_init) refers to main.o(.bss) for .bss
    main.o(i.ble_stack_init) refers to main.o(i.ble_evt_dispatch) for ble_evt_dispatch
    main.o(i.ble_stack_init) refers to main.o(i.sys_evt_dispatch) for sys_evt_dispatch
    main.o(i.bsp_event_handler) refers to main.o(i.sleep_mode_enter) for sleep_mode_enter
    main.o(i.bsp_event_handler) refers to app_error.o(i.app_error_handler_bare) for app_error_handler_bare
    main.o(i.bsp_event_handler) refers to main.o(i.scan_start) for scan_start
    main.o(i.bsp_event_handler) refers to identificator.o(.data) for m_conn_handle
    main.o(i.bsp_event_handler) refers to main.o(.data) for .data
    main.o(i.conn_params_error_handler) refers to app_error.o(i.app_error_handler_bare) for app_error_handler_bare
    main.o(i.db_disc_handler) refers to ble_rscs_c.o(i.ble_rscs_on_db_disc_evt) for ble_rscs_on_db_disc_evt
    main.o(i.db_disc_handler) refers to identificator.o(.bss) for m_ble_rscs_c
    main.o(i.gatt_evt_handler) refers to ble_db_discovery.o(i.ble_db_discovery_start) for ble_db_discovery_start
    main.o(i.gatt_evt_handler) refers to app_error.o(i.app_error_handler_bare) for app_error_handler_bare
    main.o(i.gatt_evt_handler) refers to main.o(.data) for .data
    main.o(i.gatt_evt_handler) refers to identificator.o(.data) for m_pending_db_disc_conn
    main.o(i.gatt_evt_handler) refers to main.o(.bss) for .bss
    main.o(i.main) refers to app_timer.o(i.app_timer_init) for app_timer_init
    main.o(i.main) refers to app_error.o(i.app_error_handler_bare) for app_error_handler_bare
    main.o(i.main) refers to uart.o(i.uart_init) for uart_init
    main.o(i.main) refers to bsp.o(i.bsp_init) for bsp_init
    main.o(i.main) refers to bsp_btn_ble.o(i.bsp_btn_ble_init) for bsp_btn_ble_init
    main.o(i.main) refers to app_rtc.o(i.lfclk_config) for lfclk_config
    main.o(i.main) refers to app_rtc.o(i.rtc_config) for rtc_config
    main.o(i.main) refers to main.o(i.ble_stack_init) for ble_stack_init
    main.o(i.main) refers to nrf_ble_gatt.o(i.nrf_ble_gatt_init) for nrf_ble_gatt_init
    main.o(i.main) refers to ble_db_discovery.o(i.ble_db_discovery_init) for ble_db_discovery_init
    main.o(i.main) refers to main.o(i.peer_manager_init) for peer_manager_init
[...]
    adv_data_encode                          0x00020081   Thumb Code   386  ble_advdata.o(i.adv_data_encode)
    advertising_init                         0x000202c1   Thumb Code   100  main.o(i.advertising_init)
    ah                                       0x00020335   Thumb Code    82  id_manager.o(i.ah)
    app_adv_SendFifoData                     0x0002038d   Thumb Code   118  app_adv.o(i.app_adv_SendFifoData)
    app_adv_WriteFifoData                    0x0002040d   Thumb Code    60  app_adv.o(i.app_adv_WriteFifoData)
    app_adv_fifoinit                         0x0002044d   Thumb Code    24  app_adv.o(i.app_adv_fifoinit)
    app_button_enable                        0x0002050d   Thumb Code    32  app_button.o(i.app_button_enable)
    app_button_init                          0x00020531   Thumb Code    96  app_button.o(i.app_button_init)
    app_error_fault_handler                  0x000205a1   Thumb Code    26  app_error_weak.o(i.app_error_fault_handler)
    app_error_handler_bare                   0x000205c5   Thumb Code    22  app_error.o(i.app_error_handler_bare)
    app_fds_FindAndDelete                    0x000205dd   Thumb Code    60  app_fds.o(i.app_fds_FindAndDelete)
    app_fds_ReadRecord                       0x0002061d   Thumb Code    78  app_fds.o(i.app_fds_ReadRecord)
    app_fds_WriteDeviceAddress               0x00020685   Thumb Code   180  app_fds.o(i.app_fds_WriteDeviceAddress)
    app_fds_init                             0x000207b1   Thumb Code    22  app_fds.o(i.app_fds_init)
    app_fifo_get                             0x000207cd   Thumb Code    22  app_fifo.o(i.app_fifo_get)
    app_fifo_init                            0x000207e3   Thumb Code    32  app_fifo.o(i.app_fifo_init)
    app_fifo_put                             0x00020803   Thumb Code    26  app_fifo.o(i.app_fifo_put)
    app_timer_create                         0x0002081d   Thumb Code    32  app_timer.o(i.app_timer_create)
    app_timer_init                           0x00020841   Thumb Code    70  app_timer.o(i.app_timer_init)
    app_timer_start                          0x00020895   Thumb Code   128  app_timer.o(i.app_timer_start)
    app_timer_stop                           0x0002091d   Thumb Code    26  app_timer.o(i.app_timer_stop)
    app_uart_get                             0x0002093d   Thumb Code    42  app_uart_fifo.o(i.app_uart_get)
    app_uart_init                            0x00020971   Thumb Code   164  app_uart_fifo.o(i.app_uart_init)
    app_uart_put                             0x00020a25   Thumb Code    52  app_uart_fifo.o(i.app_uart_put)
    app_util_critical_region_enter           0x00020a61   Thumb Code    64  app_util_platform.o(i.app_util_critical_region_enter)
    app_util_critical_region_exit            0x00020aa9   Thumb Code    46  app_util_platform.o(i.app_util_critical_region_exit)
    ble_advdata_set                          0x00020c35   Thumb Code   104  ble_advdata.o(i.ble_advdata_set)
    ble_advertising_init                     0x00020c9d   Thumb Code   280  ble_advertising.o(i.ble_advertising_init)
    ble_advertising_on_ble_evt               0x00020dbd   Thumb Code    88  ble_advertising.o(i.ble_advertising_on_ble_evt)
    ble_advertising_start                    0x00020e19   Thumb Code   252  ble_advertising.o(i.ble_advertising_start)
    ble_conn_params_init                     0x00020f1d   Thumb Code    72  ble_conn_params.o(i.ble_conn_params_init)
    ble_conn_state_conn_handles              0x00020f75   Thumb Code    10  ble_conn_state.o(i.ble_conn_state_conn_handles)
    ble_conn_state_encrypted                 0x00020f85   Thumb Code    12  ble_conn_state.o(i.ble_conn_state_encrypted)
    ble_conn_state_mitm_protected            0x00020f95   Thumb Code    12  ble_conn_state.o(i.ble_conn_state_mitm_protected)
    ble_conn_state_n_centrals                0x00020fa5   Thumb Code    12  ble_conn_state.o(i.ble_conn_state_n_centrals)
    ble_conn_state_on_ble_evt                0x00020fb5   Thumb Code   262  ble_conn_state.o(i.ble_conn_state_on_ble_evt)
    ble_conn_state_role                      0x000210c1   Thumb Code    42  ble_conn_state.o(i.ble_conn_state_role)
    ble_conn_state_user_flag_acquire         0x000210f1   Thumb Code    40  ble_conn_state.o(i.ble_conn_state_user_flag_acquire)
    ble_conn_state_user_flag_collection      0x0002111d   Thumb Code    22  ble_conn_state.o(i.ble_conn_state_user_flag_collection)
    ble_conn_state_user_flag_get             0x00021139   Thumb Code    38  ble_conn_state.o(i.ble_conn_state_user_flag_get)
    ble_conn_state_user_flag_set             0x00021165   Thumb Code    42  ble_conn_state.o(i.ble_conn_state_user_flag_set)
    ble_db_discovery_evt_register            0x00021195   Thumb Code    56  ble_db_discovery.o(i.ble_db_discovery_evt_register)
    ble_db_discovery_init                    0x000211d5   Thumb Code    24  ble_db_discovery.o(i.ble_db_discovery_init)
    ble_db_discovery_on_ble_evt              0x000211f1   Thumb Code    70  ble_db_discovery.o(i.ble_db_discovery_on_ble_evt)
    ble_db_discovery_start                   0x0002123d   Thumb Code    84  ble_db_discovery.o(i.ble_db_discovery_start)
    ble_dfu_init                             0x000212fd   Thumb Code    88  ble_dfu.o(i.ble_dfu_init)
    ble_dfu_on_ble_evt                       0x00021359   Thumb Code   178  ble_dfu.o(i.ble_dfu_on_ble_evt)
    ble_rscs_c_handles_assign                0x00021461   Thumb Code    18  ble_rscs_c.o(i.ble_rscs_c_handles_assign)
    ble_rscs_c_init                          0x00021473   Thumb Code    48  ble_rscs_c.o(i.ble_rscs_c_init)
    ble_rscs_c_on_ble_evt                    0x000214a3   Thumb Code   126  ble_rscs_c.o(i.ble_rscs_c_on_ble_evt)
    ble_rscs_message_send                    0x00021521   Thumb Code   264  strdeal.o(i.ble_rscs_message_send)
    ble_rscs_on_db_disc_evt                  0x00021649   Thumb Code   190  ble_rscs_c.o(i.ble_rscs_on_db_disc_evt)
    ble_rscs_string_send                     0x0002170d   Thumb Code    78  strdeal.o(i.ble_rscs_string_send)
    ble_srv_is_indication_enabled            0x00021761   Thumb Code     8  ble_srv_common.o(i.ble_srv_is_indication_enabled)
    bsp_board_button_idx_to_pin              0x000218cd   Thumb Code     6  boards.o(i.bsp_board_button_idx_to_pin)
    bsp_board_button_state_get               0x000218d9   Thumb Code    28  boards.o(i.bsp_board_button_state_get)
    bsp_board_led_invert                     0x000218f9   Thumb Code    32  boards.o(i.bsp_board_led_invert)
    bsp_board_led_off                        0x0002191d   Thumb Code    10  boards.o(i.bsp_board_led_off)
    bsp_board_led_on                         0x0002192d   Thumb Code    10  boards.o(i.bsp_board_led_on)
    bsp_board_led_state_get                  0x0002193d   Thumb Code    28  boards.o(i.bsp_board_led_state_get)
    bsp_board_leds_init                      0x0002195d   Thumb Code    38  boards.o(i.bsp_board_leds_init)
    bsp_board_leds_off                       0x00021989   Thumb Code    18  boards.o(i.bsp_board_leds_off)
    bsp_board_leds_on                        0x0002199b   Thumb Code    18  boards.o(i.bsp_board_leds_on)
    bsp_board_pin_to_button_idx              0x000219ad   Thumb Code    30  boards.o(i.bsp_board_pin_to_button_idx)
    bsp_btn_ble_init                         0x000219d1   Thumb Code    52  bsp_btn_ble.o(i.bsp_btn_ble_init)
    bsp_btn_ble_on_ble_evt                   0x00021a09   Thumb Code   106  bsp_btn_ble.o(i.bsp_btn_ble_on_ble_evt)
    bsp_btn_ble_sleep_mode_prepare           0x00021a79   Thumb Code    30  bsp_btn_ble.o(i.bsp_btn_ble_sleep_mode_prepare)
    bsp_button_is_pressed                    0x00021b29   Thumb Code     4  bsp.o(i.bsp_button_is_pressed)
    bsp_event_handler                        0x00021b2d   Thumb Code    56  main.o(i.bsp_event_handler)
    bsp_event_to_button_action_assign        0x00021b6d   Thumb Code    64  bsp.o(i.bsp_event_to_button_action_assign)
    bsp_indication_set                       0x00021bb1   Thumb Code    20  bsp.o(i.bsp_indication_set)
    bsp_init                                 0x00021bc9   Thumb Code   126  bsp.o(i.bsp_init)
    bsp_wakeup_button_enable                 0x00021e15   Thumb Code    16  bsp.o(i.bsp_wakeup_button_enable)
    chunk_queue_next                         0x00021fe1   Thumb Code    20  fds.o(i.chunk_queue_next)
    disconnect_ble_link                      0x00022309   Thumb Code    64  identificator.o(i.disconnect_ble_link)
    fds_file_delete                          0x000226e9   Thumb Code    70  fds.o(i.fds_file_delete)
    fds_gc                                   0x00022735   Thumb Code    58  fds.o(i.fds_gc)
    fds_init                                 0x00022779   Thumb Code   130  fds.o(i.fds_init)
    fds_record_close                         0x00022801   Thumb Code    54  fds.o(i.fds_record_close)
    fds_record_delete                        0x0002283d   Thumb Code    62  fds.o(i.fds_record_delete)
    fds_record_find                          0x00022881   Thumb Code    14  fds.o(i.fds_record_find)
    fds_record_find_by_key                   0x0002288f   Thumb Code    16  fds.o(i.fds_record_find_by_key)
    fds_record_find_in_file                  0x0002289f   Thumb Code    16  fds.o(i.fds_record_find_in_file)
    fds_record_id_from_desc                  0x000228af   Thumb Code    16  fds.o(i.fds_record_id_from_desc)
    fds_record_open                          0x000228c1   Thumb Code    60  fds.o(i.fds_record_open)
    fds_record_update                        0x00022901   Thumb Code    14  fds.o(i.fds_record_update)
    fds_record_write                         0x0002290f   Thumb Code     8  fds.o(i.fds_record_write)
    fds_record_write_reserved                0x00022917   Thumb Code    12  fds.o(i.fds_record_write_reserved)
    fds_register                             0x00022925   Thumb Code    26  fds.o(i.fds_register)
    fds_reserve                              0x00022949   Thumb Code    46  fds.o(i.fds_reserve)
    fds_reserve_cancel                       0x0002297d   Thumb Code    60  fds.o(i.fds_reserve_cancel)
    fputc                                    0x00022a99   Thumb Code    14  retarget.o(i.fputc)
    free                                     0x00022aa9   Thumb Code    76  malloc.o(i.free)
    fs_erase                                 0x00022af9   Thumb Code   110  fstorage.o(i.fs_erase)
    fs_init                                  0x00022b75   Thumb Code   164  fstorage.o(i.fs_init)
    fs_queued_op_count_get                   0x00022c25   Thumb Code    16  fstorage.o(i.fs_queued_op_count_get)
    fs_store                                 0x00022c39   Thumb Code   124  fstorage.o(i.fs_store)
    fs_sys_event_handler                     0x00022cb9   Thumb Code    96  fstorage.o(i.fs_sys_event_handler)
    gap_info_save                            0x00022d21   Thumb Code   162  identificator.o(i.gap_info_save)
    gcm_ble_evt_handler                      0x00022fe1   Thumb Code   232  gatt_cache_manager.o(i.gcm_ble_evt_handler)
    gcm_gscm_evt_handler                     0x000230cd   Thumb Code   102  gatt_cache_manager.o(i.gcm_gscm_evt_handler)
    gcm_im_evt_handler                       0x00023139   Thumb Code    44  gatt_cache_manager.o(i.gcm_im_evt_handler)
    gcm_init                                 0x00023169   Thumb Code    66  gatt_cache_manager.o(i.gcm_init)
    gcm_local_database_has_changed           0x000231b1   Thumb Code    78  gatt_cache_manager.o(i.gcm_local_database_has_changed)
    gcm_smd_evt_handler                      0x00023205   Thumb Code    14  gatt_cache_manager.o(i.gcm_smd_evt_handler)
    get_connection_by_conn_handle            0x00023215   Thumb Code    48  id_manager.o(i.get_connection_by_conn_handle)
    get_free_connection                      0x0002324d   Thumb Code    40  id_manager.o(i.get_free_connection)
    gscm_db_change_notification_done         0x000232d5   Thumb Code    22  gatts_cache_manager.o(i.gscm_db_change_notification_done)
    gscm_init                                0x000232f1   Thumb Code    16  gatts_cache_manager.o(i.gscm_init)
    gscm_local_database_has_changed          0x00023305   Thumb Code    22  gatts_cache_manager.o(i.gscm_local_database_has_changed)
    gscm_local_db_cache_apply                0x00023321   Thumb Code   106  gatts_cache_manager.o(i.gscm_local_db_cache_apply)
    gscm_local_db_cache_update               0x0002338b   Thumb Code   128  gatts_cache_manager.o(i.gscm_local_db_cache_update)
    gscm_pdb_evt_handler                     0x0002340d   Thumb Code    78  gatts_cache_manager.o(i.gscm_pdb_evt_handler)
    gscm_service_changed_ind_needed          0x00023461   Thumb Code    26  gatts_cache_manager.o(i.gscm_service_changed_ind_needed)
    gscm_service_changed_ind_send            0x0002347d   Thumb Code    40  gatts_cache_manager.o(i.gscm_service_changed_ind_send)
    im_address_resolve                       0x000234bf   Thumb Code    70  id_manager.o(i.im_address_resolve)
    im_ble_addr_get                          0x00023505   Thumb Code    42  id_manager.o(i.im_ble_addr_get)
    im_ble_evt_handler                       0x00023535   Thumb Code   174  id_manager.o(i.im_ble_evt_handler)
    im_conn_handle_get                       0x000235e5   Thumb Code    40  id_manager.o(i.im_conn_handle_get)
    im_init                                  0x00023611   Thumb Code    54  id_manager.o(i.im_init)
    im_is_duplicate_bonding_data             0x00023651   Thumb Code    52  id_manager.o(i.im_is_duplicate_bonding_data)
    im_master_id_is_valid                    0x00023685   Thumb Code    24  id_manager.o(i.im_master_id_is_valid)
    im_master_ids_compare                    0x0002369d   Thumb Code    42  id_manager.o(i.im_master_ids_compare)
    im_new_peer_id                           0x000236c7   Thumb Code     4  id_manager.o(i.im_new_peer_id)
    im_pdb_evt_handler                       0x000236cb   Thumb Code   114  id_manager.o(i.im_pdb_evt_handler)
    im_peer_free                             0x0002373d   Thumb Code    38  id_manager.o(i.im_peer_free)
    im_peer_id_get_by_conn_handle            0x00023765   Thumb Code    28  id_manager.o(i.im_peer_id_get_by_conn_handle)
    im_peer_id_get_by_master_id              0x00023785   Thumb Code    60  id_manager.o(i.im_peer_id_get_by_master_id)
    intern_softdevice_events_execute         0x00023881   Thumb Code   114  softdevice_handler.o(i.intern_softdevice_events_execute)
    is_valid_irk                             0x000239bd   Thumb Code    20  id_manager.o(i.is_valid_irk)
    lfclk_config                             0x00023a39   Thumb Code    22  app_rtc.o(i.lfclk_config)
    main                                     0x00023f85   Thumb Code   492  main.o(i.main)
    malloc                                   0x000241e5   Thumb Code    92  malloc.o(i.malloc)
    new_connection                           0x00024351   Thumb Code    80  id_manager.o(i.new_connection)
    next_id_get                              0x000243a9   Thumb Code    48  peer_id.o(i.next_id_get)
    nrf_ble_gatt_init                        0x000243e9   Thumb Code    44  nrf_ble_gatt.o(i.nrf_ble_gatt_init)
    nrf_ble_gatt_on_ble_evt                  0x00024415   Thumb Code   354  nrf_ble_gatt.o(i.nrf_ble_gatt_on_ble_evt)
    nrf_drv_clock_init                       0x000246b5   Thumb Code    64  nrf_drv_clock.o(i.nrf_drv_clock_init)
    nrf_drv_clock_lfclk_request              0x000246fd   Thumb Code    96  nrf_drv_clock.o(i.nrf_drv_clock_lfclk_request)
    nrf_drv_clock_on_sd_enable               0x00024765   Thumb Code    44  nrf_drv_clock.o(i.nrf_drv_clock_on_sd_enable)
    nrf_drv_clock_on_soc_event               0x00024795   Thumb Code    10  nrf_drv_clock.o(i.nrf_drv_clock_on_soc_event)
    nrf_drv_common_irq_enable                0x0002479f   Thumb Code    56  nrf_drv_common.o(i.nrf_drv_common_irq_enable)
    nrf_drv_gpiote_in_event_enable           0x000247dd   Thumb Code   156  nrf_drv_gpiote.o(i.nrf_drv_gpiote_in_event_enable)
    nrf_drv_gpiote_in_init                   0x00024881   Thumb Code   172  nrf_drv_gpiote.o(i.nrf_drv_gpiote_in_init)
    nrf_drv_gpiote_in_is_set                 0x00024939   Thumb Code    20  nrf_drv_gpiote.o(i.nrf_drv_gpiote_in_is_set)
    nrf_drv_gpiote_init                      0x0002494d   Thumb Code    84  nrf_drv_gpiote.o(i.nrf_drv_gpiote_init)
    nrf_drv_gpiote_is_init                   0x000249a9   Thumb Code    14  nrf_drv_gpiote.o(i.nrf_drv_gpiote_is_init)
    nrf_drv_rtc_cc_set                       0x000249cd   Thumb Code   128  nrf_drv_rtc.o(i.nrf_drv_rtc_cc_set)
    nrf_drv_rtc_enable                       0x00024a51   Thumb Code    20  nrf_drv_rtc.o(i.nrf_drv_rtc_enable)
    nrf_drv_rtc_init                         0x00024a69   Thumb Code    94  nrf_drv_rtc.o(i.nrf_drv_rtc_init)
    nrf_drv_uart_init                        0x00024b65   Thumb Code    98  nrf_drv_uart.o(i.nrf_drv_uart_init)
    nrf_drv_uart_rx                          0x00024bcd   Thumb Code   170  nrf_drv_uart.o(i.nrf_drv_uart_rx)
    nrf_drv_uart_rx_enable                   0x00024c7d   Thumb Code    42  nrf_drv_uart.o(i.nrf_drv_uart_rx_enable)
    nrf_drv_uart_tx                          0x00024e05   Thumb Code   262  nrf_drv_uart.o(i.nrf_drv_uart_tx)
    nrf_drv_uart_tx_in_progress              0x00024f11   Thumb Code    18  nrf_drv_uart.o(i.nrf_drv_uart_tx_in_progress)
    pdb_init                                 0x00025acd   Thumb Code    66  peer_database.o(i.pdb_init)
    pdb_next_deleted_peer_id_get             0x00025b1d   Thumb Code     4  peer_database.o(i.pdb_next_deleted_peer_id_get)
    pdb_next_peer_id_get                     0x00025b21   Thumb Code     4  peer_database.o(i.pdb_next_peer_id_get)
    pdb_pds_evt_handler                      0x00025b25   Thumb Code   294  peer_database.o(i.pdb_pds_evt_handler)
    pdb_peer_allocate                        0x00025c55   Thumb Code     4  peer_database.o(i.pdb_peer_allocate)
    pdb_peer_data_ptr_get                    0x00025c59   Thumb Code     6  peer_database.o(i.pdb_peer_data_ptr_get)
    pdb_peer_free                            0x00025c5f   Thumb Code    68  peer_database.o(i.pdb_peer_free)
    pdb_raw_store                            0x00025ca3   Thumb Code     8  peer_database.o(i.pdb_raw_store)
    pdb_write_buf_get                        0x00025cad   Thumb Code   260  peer_database.o(i.pdb_write_buf_get)
    pdb_write_buf_release                    0x00025db5   Thumb Code    40  peer_database.o(i.pdb_write_buf_release)
    pdb_write_buf_store                      0x00025ddd   Thumb Code   188  peer_database.o(i.pdb_write_buf_store)
    pdb_write_buf_store_prepare              0x00025ea1   Thumb Code    98  peer_database.o(i.pdb_write_buf_store_prepare)
    pds_init                                 0x00025f15   Thumb Code    98  peer_data_storage.o(i.pds_init)
    pds_next_deleted_peer_id_get             0x00025f81   Thumb Code     4  peer_data_storage.o(i.pds_next_deleted_peer_id_get)
    pds_next_peer_id_get                     0x00025f85   Thumb Code     4  peer_data_storage.o(i.pds_next_peer_id_get)
    pds_peer_data_iterate                    0x00025f89   Thumb Code    74  peer_data_storage.o(i.pds_peer_data_iterate)
    pds_peer_data_iterate_prepare            0x00025fd9   Thumb Code    10  peer_data_storage.o(i.pds_peer_data_iterate_prepare)
    pds_peer_data_read                       0x00025fe9   Thumb Code   104  peer_data_storage.o(i.pds_peer_data_read)
    pds_peer_data_store                      0x00026051   Thumb Code   162  peer_data_storage.o(i.pds_peer_data_store)
    pds_peer_id_allocate                     0x000260f3   Thumb Code     8  peer_data_storage.o(i.pds_peer_id_allocate)
    pds_peer_id_free                         0x000260fb   Thumb Code    22  peer_data_storage.o(i.pds_peer_id_free)
    pds_peer_id_is_allocated                 0x00026111   Thumb Code     4  peer_data_storage.o(i.pds_peer_id_is_allocated)
    pds_space_reserve                        0x00026115   Thumb Code    46  peer_data_storage.o(i.pds_space_reserve)
    pds_space_reserve_cancel                 0x00026143   Thumb Code    16  peer_data_storage.o(i.pds_space_reserve_cancel)
    peer_id_allocate                         0x00026245   Thumb Code     6  peer_id.o(i.peer_id_allocate)
    peer_id_delete                           0x00026251   Thumb Code    32  peer_id.o(i.peer_id_delete)
    peer_id_free                             0x00026275   Thumb Code    24  peer_id.o(i.peer_id_free)
    peer_id_get_next_deleted                 0x00026291   Thumb Code     6  peer_id.o(i.peer_id_get_next_deleted)
    peer_id_get_next_used                    0x0002629d   Thumb Code    42  peer_id.o(i.peer_id_get_next_used)
    peer_id_init                             0x000262cd   Thumb Code    36  peer_id.o(i.peer_id_init)
    peer_id_is_allocated                     0x000262f5   Thumb Code    16  peer_id.o(i.peer_id_is_allocated)
    peer_id_is_deleted                       0x00026309   Thumb Code    16  peer_id.o(i.peer_id_is_deleted)
    pm_buffer_block_acquire                  0x000263d5   Thumb Code    92  pm_buffer.o(i.pm_buffer_block_acquire)
    pm_buffer_init                           0x00026431   Thumb Code    64  pm_buffer.o(i.pm_buffer_init)
    pm_buffer_ptr_get                        0x00026471   Thumb Code    40  pm_buffer.o(i.pm_buffer_ptr_get)
    pm_buffer_release                        0x00026499   Thumb Code    46  pm_buffer.o(i.pm_buffer_release)
    pm_conn_sec_config_reply                 0x000264c7   Thumb Code     4  peer_manager.o(i.pm_conn_sec_config_reply)
    pm_gcm_evt_handler                       0x00026525   Thumb Code   136  peer_manager.o(i.pm_gcm_evt_handler)
    pm_im_evt_handler                        0x000265ad   Thumb Code    74  peer_manager.o(i.pm_im_evt_handler)
    pm_init                                  0x000265fd   Thumb Code    96  peer_manager.o(i.pm_init)
    pm_local_database_has_changed            0x00026661   Thumb Code    14  peer_manager.o(i.pm_local_database_has_changed)
    pm_mutex_init                            0x00026675   Thumb Code    14  pm_mutex.o(i.pm_mutex_init)
    pm_mutex_lock                            0x00026683   Thumb Code    26  pm_mutex.o(i.pm_mutex_lock)
    pm_mutex_lock_first_available            0x0002669d   Thumb Code    54  pm_mutex.o(i.pm_mutex_lock_first_available)
    pm_mutex_lock_status_get                 0x000266d3   Thumb Code    24  pm_mutex.o(i.pm_mutex_lock_status_get)
    pm_mutex_unlock                          0x000266eb   Thumb Code    58  pm_mutex.o(i.pm_mutex_unlock)
    pm_on_ble_evt                            0x00026725   Thumb Code    36  peer_manager.o(i.pm_on_ble_evt)
    pm_pdb_evt_handler                       0x0002674d   Thumb Code   338  peer_manager.o(i.pm_pdb_evt_handler)
    pm_peer_delete                           0x000268a5   Thumb Code    14  peer_manager.o(i.pm_peer_delete)
    pm_peers_delete                          0x000268b9   Thumb Code    98  peer_manager.o(i.pm_peers_delete)
    pm_register                              0x00026921   Thumb Code    34  peer_manager.o(i.pm_register)
    pm_sec_params_set                        0x0002694d   Thumb Code    14  peer_manager.o(i.pm_sec_params_set)
    pm_sm_evt_handler                        0x00026961   Thumb Code   346  peer_manager.o(i.pm_sm_evt_handler)
    rscs_c_evt_handler                       0x00026ee9   Thumb Code    44  datadeal.o(i.rscs_c_evt_handler)
    rtc_config                               0x00026f59   Thumb Code    68  app_rtc.o(i.rtc_config)
    sdk_mapped_flags_bulk_update_by_key      0x00027129   Thumb Code    68  sdk_mapped_flags.o(i.sdk_mapped_flags_bulk_update_by_key)
    sdk_mapped_flags_first_key_index_get     0x0002716d   Thumb Code    34  sdk_mapped_flags.o(i.sdk_mapped_flags_first_key_index_get)
    sdk_mapped_flags_get_by_key              0x0002719f   Thumb Code    38  sdk_mapped_flags.o(i.sdk_mapped_flags_get_by_key)
    sdk_mapped_flags_key_list_get            0x000271c5   Thumb Code    74  sdk_mapped_flags.o(i.sdk_mapped_flags_key_list_get)
    sdk_mapped_flags_n_flags_set             0x0002720f   Thumb Code    30  sdk_mapped_flags.o(i.sdk_mapped_flags_n_flags_set)
    sdk_mapped_flags_update_by_key           0x0002722d   Thumb Code    14  sdk_mapped_flags.o(i.sdk_mapped_flags_update_by_key)
    sm_ble_evt_handler                       0x00027691   Thumb Code    18  security_manager.o(i.sm_ble_evt_handler)
    sm_conn_sec_config_reply                 0x000276a9   Thumb Code    18  security_manager.o(i.sm_conn_sec_config_reply)
    sm_init                                  0x000276c1   Thumb Code    76  security_manager.o(i.sm_init)
    sm_pdb_evt_handler                       0x00027711   Thumb Code    52  security_manager.o(i.sm_pdb_evt_handler)
    sm_sec_params_set                        0x00027749   Thumb Code    38  security_manager.o(i.sm_sec_params_set)
    sm_smd_evt_handler                       0x00027775   Thumb Code   116  security_manager.o(i.sm_smd_evt_handler)
    smd_ble_evt_handler                      0x000277ed   Thumb Code   226  security_dispatcher.o(i.smd_ble_evt_handler)
    smd_init                                 0x000278d9   Thumb Code    56  security_dispatcher.o(i.smd_init)
    smd_link_secure                          0x00027915   Thumb Code    48  security_dispatcher.o(i.smd_link_secure)
    smd_params_reply                         0x00027945   Thumb Code   276  security_dispatcher.o(i.smd_params_reply)
    smd_pdb_evt_handler                      0x00027ae5   Thumb Code    48  security_dispatcher.o(i.smd_pdb_evt_handler)
    softdevice_app_ram_start_get             0x00027b19   Thumb Code    14  softdevice_handler.o(i.softdevice_app_ram_start_get)
    softdevice_ble_evt_handler_set           0x00027b2d   Thumb Code    14  softdevice_handler.o(i.softdevice_ble_evt_handler_set)
    softdevice_enable                        0x00027b41   Thumb Code    12  softdevice_handler.o(i.softdevice_enable)
    softdevice_fault_handler                 0x00027b4d   Thumb Code     4  softdevice_handler.o(i.softdevice_fault_handler)
    softdevice_handler_init                  0x00027b51   Thumb Code    92  softdevice_handler.o(i.softdevice_handler_init)
    softdevice_handler_is_enabled            0x00027bb5   Thumb Code     6  softdevice_handler.o(i.softdevice_handler_is_enabled)
    softdevice_sys_evt_handler_set           0x00027bc1   Thumb Code    14  softdevice_handler.o(i.softdevice_sys_evt_handler_set)
    uart_data_deal                           0x00027e5d   Thumb Code   260  identificator.o(i.uart_data_deal)
    uart_event_handle                        0x00027f69   Thumb Code    82  uart.o(i.uart_event_handle)
    uart_init                                0x00028069   Thumb Code    54  uart.o(i.uart_init)
    m_target_periph_name                     0x000288e0   Data           3  identificator.o(.constdata)
    rtc                                      0x000288ec   Data           8  app_rtc.o(.constdata)
    table_week                               0x000288f4   Data          12  app_rtc.o(.constdata)
    mon_table                                0x00028900   Data          12  app_rtc.o(.constdata)
    Region$$Table$$Base                      0x0002890c   Number         0  anon$$obj.o(Region$$Table)
    Region$$Table$$Limit                     0x0002892c   Number         0  anon$$obj.o(Region$$Table)
    Image$$RW_IRAM1$$Base                    0x20002480   Number         0  anon$$obj.o ABSOLUTE
    Backbuf                                  0x20002490   Data          20  main.o(.data)
    __stdout                                 0x200025c8   Data           4  retarget.o(.data)
    SetidentIdFlag                           0x200025e4   Data           1  identificator.o(.data)
    connect_flag                             0x200025e5   Data           1  identificator.o(.data)
    is_connect_per_addr                      0x200025e6   Data           1  identificator.o(.data)
    m_pending_db_disc_conn                   0x200025e8   Data           2  identificator.o(.data)
    packet_data_len                          0x200025ea   Data           2  identificator.o(.data)
    m_target_periph_addr                     0x200025ec   Data           7  identificator.o(.data)
    identificator_id                         0x200025f4   Data           8  identificator.o(.data)
    m_conn_handle                            0x200025fc   Data           2  identificator.o(.data)
    write_flag                               0x20002600   Data           1  app_fds.o(.data)
    delete_flag                              0x20002601   Data           1  app_fds.o(.data)
    fds_init_flag                            0x20002602   Data           1  app_fds.o(.data)
    mymac                                    0x20002604   Data           4  app_fds.o(.data)
    uart_send_fifo_flag                      0x20002608   Data           1  app_fds.o(.data)
    connect_dfu                              0x2000260c   Data           1  app_rtc.o(.data)
    advsatrt                                 0x2000260d   Data           1  app_rtc.o(.data)
    timecount                                0x20002610   Data           4  app_rtc.o(.data)
    err_code                                 0x20002614   Data           4  app_rtc.o(.data)
    gap_data                                 0x20002618   Data           6  app_rtc.o(.data)
    SystemCoreClock                          0x20002620   Data           4  system_nrf52.o(.data)
    __microlib_freelist                      0x20002624   Data           4  mvars.o(.data)
    __microlib_freelist_initialised          0x20002628   Data           4  mvars.o(.data)
    fs_data$$Base                            0x2000262c   Number         0  fds.o(fs_data)
    fs_data$$Limit                           0x2000263c   Number         0  fds.o(fs_data)
    manuf_data                               0x200026a4   Data          12  main.o(.bss)
    nrf_nvic_state                           0x20003ae8   Data          12  app_util_platform.o(.bss)
    data_buff                                0x20003e98   Data         256  uart.o(.bss)
    nrf_messend                              0x20003f98   Data         517  identificator.o(.bss)
    m_ble_rscs_c                             0x200041a0   Data          20  identificator.o(.bss)
    calendar                                 0x200091cc   Data          10  app_rtc.o(.bss)
    __heap_base                              0x200091d8   Data           0  arm_startup_nrf52.o(HEAP)
    __heap_limit                             0x200091d8   Data           0  arm_startup_nrf52.o(HEAP)
    __initial_sp                             0x2000b1d8   Data           0  arm_startup_nrf52.o(STACK)



==============================================================================

Memory Map of the image

  Image Entry point : 0x0001f201

  Load Region LR_IROM1 (Base: 0x0001f000, Size: 0x00009ae8, Max: 0x00061000, ABSOLUTE, COMPRESSED[0x00009968])

    Execution Region ER_IROM1 (Base: 0x0001f000, Size: 0x0000992c, Max: 0x00061000, ABSOLUTE)

    Base Addr    Size         Type   Attr      Idx    E Section Name        Object

    0x0001f000   0x00000200   Data   RO         5930    RESET               arm_startup_nrf52.o
    0x0001f200   0x00000000   Code   RO         5971  * .ARM.Collect$$$$00000000  mc_w.l(entry.o)
    0x0001f200   0x00000004   Code   RO         6307    .ARM.Collect$$$$00000001  mc_w.l(entry2.o)
    0x0001f204   0x00000004   Code   RO         6310    .ARM.Collect$$$$00000004  mc_w.l(entry5.o)
    0x0001f208   0x00000000   Code   RO         6312    .ARM.Collect$$$$00000008  mc_w.l(entry7b.o)
    0x0001f208   0x00000000   Code   RO         6314    .ARM.Collect$$$$0000000A  mc_w.l(entry8b.o)
    0x0001f208   0x00000008   Code   RO         6315    .ARM.Collect$$$$0000000B  mc_w.l(entry9a.o)
    0x0001f210   0x00000000   Code   RO         6317    .ARM.Collect$$$$0000000D  mc_w.l(entry10a.o)
    0x0001f210   0x00000000   Code   RO         6319    .ARM.Collect$$$$0000000F  mc_w.l(entry11a.o)
    0x0001f210   0x00000004   Code   RO         6308    .ARM.Collect$$$$00002712  mc_w.l(entry2.o)
    0x0001f214   0x00000024   Code   RO         5931    .text               arm_startup_nrf52.o
    0x0001f238   0x00000062   Code   RO         5974    .text               mc_w.l(uldiv.o)
    0x0001f29a   0x00000024   Code   RO         6004    .text               mc_w.l(memcpya.o)
    0x0001f2be   0x00000024   Code   RO         6006    .text               mc_w.l(memseta.o)
    0x0001f2e2   0x00000024   Code   RO         6008    .text               mc_w.l(strstr.o)
    0x0001f306   0x0000000e   Code   RO         6010    .text               mc_w.l(strlen.o)
    0x0001f314   0x0000001a   Code   RO         6012    .text               mc_w.l(memcmp.o)
    0x0001f32e   0x0000001e   Code   RO         6323    .text               mc_w.l(llshl.o)
    0x0001f34c   0x00000020   Code   RO         6325    .text               mc_w.l(llushr.o)
    0x0001f36c   0x00000024   Code   RO         6340    .text               mc_w.l(init.o)
    0x0001f390   0x00000056   Code   RO         6354    .text               mc_w.l(__dczerorl2.o)
    0x0001f3e6   0x00000002   PAD
    0x0001f3e8   0x00000174   Code   RO         3402    i.GPIOTE_IRQHandler  nrf_drv_gpiote.o
    0x0001f55c   0x00000026   Code   RO         5849    i.Is_Leap_Year      app_rtc.o
    0x0001f582   0x00000016   Code   RO         4181    i.NVIC_ClearPendingIRQ  app_timer.o
    0x0001f598   0x00000016   Code   RO         5375    i.NVIC_DisableIRQ   softdevice_handler.o
    0x0001f5ae   0x00000016   Code   RO         4182    i.NVIC_EnableIRQ    app_timer.o
    0x0001f5c4   0x00000016   Code   RO         5376    i.NVIC_EnableIRQ    softdevice_handler.o
    0x0001f5da   0x00000016   Code   RO         4183    i.NVIC_SetPendingIRQ  app_timer.o
    0x0001f5f0   0x00000020   Code   RO         4184    i.NVIC_SetPriority  app_timer.o
    0x0001f610   0x00000058   Code   RO         3170    i.POWER_CLOCK_IRQHandler  nrf_drv_clock.o
    0x0001f668   0x00000024   Code   RO         4185    i.RTC1_IRQHandler   app_timer.o
    0x0001f68c   0x00000010   Code   RO         3886    i.RTC2_IRQHandler   nrf_drv_rtc.o
    0x0001f69c   0x000000dc   Code   RO         5850    i.RTC_Get           app_rtc.o
    0x0001f778   0x00000050   Code   RO         5851    i.RTC_Get_Week      app_rtc.o
    0x0001f7c8   0x000000bc   Code   RO         5852    i.RTC_Set           app_rtc.o
    0x0001f884   0x00000004   Code   RO         4186    i.SWI0_EGU0_IRQHandler  app_timer.o
    0x0001f888   0x00000024   Code   RO         5377    i.SWI2_EGU2_IRQHandler  softdevice_handler.o
    0x0001f8ac   0x000002cc   Code   RO         5939    i.SystemInit        system_nrf52.o
    0x0001fb78   0x0000001c   Code   RO         3645    i.UARTE0_UART0_IRQHandler  nrf_drv_uart.o
    0x0001fb94   0x00000020   Code   RO         6225    i.__0printf$8       mc_w.l(printf8.o)
    0x0001fbb4   0x0000000e   Code   RO         6348    i.__scatterload_copy  mc_w.l(handlers.o)
    0x0001fbc2   0x00000002   Code   RO         6349    i.__scatterload_null  mc_w.l(handlers.o)
    0x0001fbc4   0x0000000e   Code   RO         6350    i.__scatterload_zeroinit  mc_w.l(handlers.o)
    0x0001fbd2   0x00000002   PAD
    0x0001fbd4   0x00000024   Code   RO         5378    i.__sd_nvic_app_accessible_irq  softdevice_handler.o
    0x0001fbf8   0x00000410   Code   RO         6232    i._printf_core      mc_w.l(printf8.o)
    0x00020008   0x00000024   Code   RO         6233    i._printf_post_padding  mc_w.l(printf8.o)
    0x0002002c   0x0000002e   Code   RO         6234    i._printf_pre_padding  mc_w.l(printf8.o)
    0x0002005a   0x00000026   Code   RO         1510    i.addr_compare      id_manager.o
    0x00020080   0x00000182   Code   RO          823    i.adv_data_encode   ble_advdata.o
    0x00020202   0x00000002   PAD
    0x00020204   0x00000058   Code   RO         2857    i.adv_mode_next_avail_get  ble_advertising.o
    0x0002025c   0x0000002e   Code   RO            4    i.adv_report_parse  main.o
    0x0002028a   0x00000036   Code   RO          689    i.advertising_buttons_configure  bsp_btn_ble.o
    0x000202c0   0x00000074   Code   RO            5    i.advertising_init  main.o
    0x00020334   0x00000052   Code   RO         1511    i.ah                id_manager.o
    0x00020386   0x00000006   Code   RO          562    i.alert_timer_handler  bsp.o
    0x0002038c   0x00000080   Code   RO         5742    i.app_adv_SendFifoData  app_adv.o
    0x0002040c   0x00000040   Code   RO         5743    i.app_adv_WriteFifoData  app_adv.o
    0x0002044c   0x0000001c   Code   RO         5744    i.app_adv_fifoinit  app_adv.o
    0x00020468   0x000000a4   Code   RO         5674    i.app_ble_MessageSend  identificator.o
    0x0002050c   0x00000024   Code   RO         3998    i.app_button_enable  app_button.o
    0x00020530   0x00000070   Code   RO         3999    i.app_button_init   app_button.o
    0x000205a0   0x00000024   Code   RO         4102    i.app_error_fault_handler  app_error_weak.o
    0x000205c4   0x00000016   Code   RO         4063    i.app_error_handler_bare  app_error.o
    0x000205da   0x00000002   PAD
    0x000205dc   0x00000040   Code   RO         5788    i.app_fds_FindAndDelete  app_fds.o
    0x0002061c   0x00000068   Code   RO         5790    i.app_fds_ReadRecord  app_fds.o
    0x00020684   0x000000f8   Code   RO         5791    i.app_fds_WriteDeviceAddress  app_fds.o
    0x0002077c   0x00000034   Code   RO         5792    i.app_fds_evt_handler  app_fds.o
    0x000207b0   0x0000001c   Code   RO         5793    i.app_fds_init      app_fds.o
    0x000207cc   0x00000016   Code   RO         5110    i.app_fifo_get      app_fifo.o
    0x000207e2   0x00000020   Code   RO         5111    i.app_fifo_init     app_fifo.o
    0x00020802   0x0000001a   Code   RO         5113    i.app_fifo_put      app_fifo.o
    0x0002081c   0x00000024   Code   RO         4189    i.app_timer_create  app_timer.o
    0x00020840   0x00000054   Code   RO         4190    i.app_timer_init    app_timer.o
    0x00020894   0x00000088   Code   RO         4193    i.app_timer_start   app_timer.o
    0x0002091c   0x00000020   Code   RO         4194    i.app_timer_stop    app_timer.o
    0x0002093c   0x00000034   Code   RO         5001    i.app_uart_get      app_uart_fifo.o
    0x00020970   0x000000b4   Code   RO         5002    i.app_uart_init     app_uart_fifo.o
    0x00020a24   0x0000003c   Code   RO         5003    i.app_uart_put      app_uart_fifo.o
    0x00020a60   0x00000048   Code   RO         4350    i.app_util_critical_region_enter  app_util_platform.o
    0x00020aa8   0x00000034   Code   RO         4351    i.app_util_critical_region_exit  app_util_platform.o
    0x00020adc   0x000000b8   Code   RO         3646    i.apply_config      nrf_drv_uart.o
    0x00020b94   0x000000a0   Code   RO         2554    i.auth_status_success_process  security_dispatcher.o
    0x00020c34   0x00000068   Code   RO          824    i.ble_advdata_set   ble_advdata.o
    0x00020c9c   0x00000120   Code   RO         2859    i.ble_advertising_init  ble_advertising.o
    0x00020dbc   0x0000005c   Code   RO         2860    i.ble_advertising_on_ble_evt  ble_advertising.o
    0x00020e18   0x00000104   Code   RO         2864    i.ble_advertising_start  ble_advertising.o
    0x00020f1c   0x00000058   Code   RO          916    i.ble_conn_params_init  ble_conn_params.o
    0x00020f74   0x00000010   Code   RO          992    i.ble_conn_state_conn_handles  ble_conn_state.o
    0x00020f84   0x00000010   Code   RO          993    i.ble_conn_state_encrypted  ble_conn_state.o
    0x00020f94   0x00000010   Code   RO          995    i.ble_conn_state_mitm_protected  ble_conn_state.o
    0x00020fa4   0x00000010   Code   RO          996    i.ble_conn_state_n_centrals  ble_conn_state.o
    0x00020fb4   0x0000010c   Code   RO          999    i.ble_conn_state_on_ble_evt  ble_conn_state.o
    0x000210c0   0x00000030   Code   RO         1001    i.ble_conn_state_role  ble_conn_state.o
    0x000210f0   0x0000002c   Code   RO         1003    i.ble_conn_state_user_flag_acquire  ble_conn_state.o
    0x0002111c   0x0000001c   Code   RO         1004    i.ble_conn_state_user_flag_collection  ble_conn_state.o
    0x00021138   0x0000002c   Code   RO         1005    i.ble_conn_state_user_flag_get  ble_conn_state.o
    0x00021164   0x00000030   Code   RO         1006    i.ble_conn_state_user_flag_set  ble_conn_state.o
    0x00021194   0x00000040   Code   RO         1134    i.ble_db_discovery_evt_register  ble_db_discovery.o
    0x000211d4   0x0000001c   Code   RO         1135    i.ble_db_discovery_init  ble_db_discovery.o
    0x000211f0   0x0000004c   Code   RO         1136    i.ble_db_discovery_on_ble_evt  ble_db_discovery.o
    0x0002123c   0x0000005c   Code   RO         1137    i.ble_db_discovery_start  ble_db_discovery.o
    0x00021298   0x00000060   Code   RO          825    i.ble_device_addr_encode  ble_advdata.o
    0x000212f8   0x00000002   Code   RO            7    i.ble_dfu_evt_handler  main.o
    0x000212fa   0x00000002   PAD
    0x000212fc   0x0000005c   Code   RO         2795    i.ble_dfu_init      ble_dfu.o
    0x00021358   0x000000b2   Code   RO         2796    i.ble_dfu_on_ble_evt  ble_dfu.o
    0x0002140a   0x00000002   PAD
    0x0002140c   0x00000054   Code   RO            8    i.ble_evt_dispatch  main.o
    0x00021460   0x00000012   Code   RO         2990    i.ble_rscs_c_handles_assign  ble_rscs_c.o
    0x00021472   0x00000030   Code   RO         2991    i.ble_rscs_c_init   ble_rscs_c.o
    0x000214a2   0x0000007e   Code   RO         2992    i.ble_rscs_c_on_ble_evt  ble_rscs_c.o
    0x00021520   0x00000128   Code   RO         5622    i.ble_rscs_message_send  strdeal.o
    0x00021648   0x000000c4   Code   RO         2994    i.ble_rscs_on_db_disc_evt  ble_rscs_c.o
    0x0002170c   0x00000054   Code   RO         5623    i.ble_rscs_string_send  strdeal.o
    0x00021760   0x00000008   Code   RO         1253    i.ble_srv_is_indication_enabled  ble_srv_common.o
    0x00021768   0x000000e0   Code   RO            9    i.ble_stack_init    main.o
    0x00021848   0x00000084   Code   RO         2797    i.bootloader_start  ble_dfu.o
    0x000218cc   0x0000000c   Code   RO          423    i.bsp_board_button_idx_to_pin  boards.o
    0x000218d8   0x00000020   Code   RO          424    i.bsp_board_button_state_get  boards.o
    0x000218f8   0x00000024   Code   RO          427    i.bsp_board_led_invert  boards.o
    0x0002191c   0x00000010   Code   RO          428    i.bsp_board_led_off  boards.o
    0x0002192c   0x00000010   Code   RO          429    i.bsp_board_led_on  boards.o
    0x0002193c   0x00000020   Code   RO          430    i.bsp_board_led_state_get  boards.o
    0x0002195c   0x0000002c   Code   RO          431    i.bsp_board_leds_init  boards.o
    0x00021988   0x00000012   Code   RO          432    i.bsp_board_leds_off  boards.o
    0x0002199a   0x00000012   Code   RO          433    i.bsp_board_leds_on  boards.o
    0x000219ac   0x00000024   Code   RO          434    i.bsp_board_pin_to_button_idx  boards.o
    0x000219d0   0x00000038   Code   RO          690    i.bsp_btn_ble_init  bsp_btn_ble.o
    0x00021a08   0x00000070   Code   RO          691    i.bsp_btn_ble_on_ble_evt  bsp_btn_ble.o
    0x00021a78   0x0000001e   Code   RO          692    i.bsp_btn_ble_sleep_mode_prepare  bsp_btn_ble.o
    0x00021a96   0x00000002   PAD
    0x00021a98   0x00000090   Code   RO          563    i.bsp_button_event_handler  bsp.o
    0x00021b28   0x00000004   Code   RO          564    i.bsp_button_is_pressed  bsp.o
    0x00021b2c   0x00000040   Code   RO           10    i.bsp_event_handler  main.o
    0x00021b6c   0x00000044   Code   RO          567    i.bsp_event_to_button_action_assign  bsp.o
    0x00021bb0   0x00000018   Code   RO          568    i.bsp_indication_set  bsp.o
    0x00021bc8   0x00000094   Code   RO          569    i.bsp_init          bsp.o
    0x00021c5c   0x000001b8   Code   RO          570    i.bsp_led_indication  bsp.o
    0x00021e14   0x00000010   Code   RO          572    i.bsp_wakeup_button_enable  bsp.o
    0x00021e24   0x00000008   Code   RO          573    i.button_timer_handler  bsp.o
    0x00021e2c   0x000000da   Code   RO         2798    i.buttonless_char_pt_add  ble_dfu.o
    0x00021f06   0x00000002   PAD
    0x00021f08   0x0000001c   Code   RO         3403    i.channel_free      nrf_drv_gpiote.o
    0x00021f24   0x00000048   Code   RO         3404    i.channel_port_alloc  nrf_drv_gpiote.o
    0x00021f6c   0x00000010   Code   RO         3405    i.channel_port_get  nrf_drv_gpiote.o
    0x00021f7c   0x00000042   Code   RO         1138    i.characteristics_discover  ble_db_discovery.o
    0x00021fbe   0x00000002   PAD
    0x00021fc0   0x00000020   Code   RO         4751    i.check_config      fstorage.o
    0x00021fe0   0x00000018   Code   RO         4445    i.chunk_queue_next  fds.o
    0x00021ff8   0x00000038   Code   RO         2099    i.claim             peer_id.o
    0x00022030   0x00000028   Code   RO         3171    i.clock_clk_started_notify  nrf_drv_clock.o
    0x00022058   0x000000ac   Code   RO         4196    i.compare_reg_update  app_timer.o
    0x00022104   0x00000088   Code   RO          826    i.conn_int_encode   ble_advdata.o
    0x0002218c   0x00000004   Code   RO           11    i.conn_params_error_handler  main.o
    0x00022190   0x0000000c   Code   RO           12    i.db_disc_handler   main.o
    0x0002219c   0x00000080   Code   RO         4446    i.delete_execute    fds.o
    0x0002221c   0x0000008c   Code   RO         1139    i.descriptors_discover  ble_db_discovery.o
    0x000222a8   0x00000060   Code   RO         4001    i.detection_delay_timeout_handler  app_button.o
    0x00022308   0x00000050   Code   RO         5675    i.disconnect_ble_link  identificator.o
    0x00022358   0x000000b8   Code   RO         1140    i.discovery_complete_evt_trigger  ble_db_discovery.o
    0x00022410   0x00000034   Code   RO         1141    i.discovery_error_evt_trigger  ble_db_discovery.o
    0x00022444   0x00000040   Code   RO         4197    i.elapsed_ticks_acquire  app_timer.o
    0x00022484   0x00000030   Code   RO         2555    i.encryption_failure  security_dispatcher.o
    0x000224b4   0x0000006a   Code   RO         4447    i.event_prepare     fds.o
    0x0002251e   0x00000002   PAD
    0x00022520   0x00000020   Code   RO         4448    i.event_send        fds.o
    0x00022540   0x00000034   Code   RO         2669    i.events_send_from_err_code  security_manager.o
    0x00022574   0x0000000c   Code   RO         1311    i.evt_send          gatt_cache_manager.o
    0x00022580   0x0000001c   Code   RO         1512    i.evt_send          id_manager.o
    0x0002259c   0x0000002c   Code   RO         2189    i.evt_send          peer_manager.o
    0x000225c8   0x0000001c   Code   RO         2556    i.evt_send          security_dispatcher.o
    0x000225e4   0x0000000c   Code   RO         2670    i.evt_send          security_manager.o
    0x000225f0   0x000000f8   Code   RO         1789    i.fds_evt_handler   peer_data_storage.o
    0x000226e8   0x0000004c   Code   RO         4450    i.fds_file_delete   fds.o
    0x00022734   0x00000044   Code   RO         4451    i.fds_gc            fds.o
    0x00022778   0x00000088   Code   RO         4452    i.fds_init          fds.o
    0x00022800   0x0000003c   Code   RO         4453    i.fds_record_close  fds.o
    0x0002283c   0x00000044   Code   RO         4454    i.fds_record_delete  fds.o
    0x00022880   0x0000000e   Code   RO         4455    i.fds_record_find   fds.o
    0x0002288e   0x00000010   Code   RO         4456    i.fds_record_find_by_key  fds.o
    0x0002289e   0x00000010   Code   RO         4457    i.fds_record_find_in_file  fds.o
    0x000228ae   0x00000010   Code   RO         4458    i.fds_record_id_from_desc  fds.o
    0x000228be   0x00000002   PAD
    0x000228c0   0x00000040   Code   RO         4460    i.fds_record_open   fds.o
    0x00022900   0x0000000e   Code   RO         4461    i.fds_record_update  fds.o
    0x0002290e   0x00000008   Code   RO         4462    i.fds_record_write  fds.o
    0x00022916   0x0000000c   Code   RO         4463    i.fds_record_write_reserved  fds.o
    0x00022922   0x00000002   PAD
    0x00022924   0x00000024   Code   RO         4464    i.fds_register      fds.o
    0x00022948   0x00000034   Code   RO         4465    i.fds_reserve       fds.o
    0x0002297c   0x00000044   Code   RO         4466    i.fds_reserve_cancel  fds.o
    0x000229c0   0x00000014   Code   RO         5116    i.fifo_get          app_fifo.o
    0x000229d4   0x00000012   Code   RO         5117    i.fifo_put          app_fifo.o
    0x000229e6   0x00000014   Code   RO         1790    i.file_id_within_pm_range  peer_data_storage.o
    0x000229fa   0x00000002   PAD
    0x000229fc   0x00000010   Code   RO         4468    i.flag_clear        fds.o
    0x00022a0c   0x00000012   Code   RO         2557    i.flag_id_init      security_dispatcher.o
    0x00022a1e   0x00000012   Code   RO         2671    i.flag_id_init      security_manager.o
    0x00022a30   0x00000010   Code   RO         4469    i.flag_set          fds.o
    0x00022a40   0x00000058   Code   RO         2672    i.flags_set_from_err_code  security_manager.o
    0x00022a98   0x0000000e   Code   RO         5072    i.fputc             retarget.o
    0x00022aa6   0x00000002   PAD
    0x00022aa8   0x00000050   Code   RO         6279    i.free              mc_w.l(malloc.o)
    0x00022af8   0x00000074   Code   RO         4752    i.fs_erase          fstorage.o
    0x00022b6c   0x00000006   Code   RO         4470    i.fs_event_handler  fds.o
    0x00022b72   0x00000002   PAD
    0x00022b74   0x000000b0   Code   RO         4754    i.fs_init           fstorage.o
    0x00022c24   0x00000014   Code   RO         4757    i.fs_queued_op_count_get  fstorage.o
    0x00022c38   0x00000080   Code   RO         4758    i.fs_store          fstorage.o
    0x00022cb8   0x00000068   Code   RO         4759    i.fs_sys_event_handler  fstorage.o
    0x00022d20   0x000000a8   Code   RO         5676    i.gap_info_save     identificator.o
    0x00022dc8   0x0000003c   Code   RO           13    i.gatt_evt_handler  main.o
    0x00022e04   0x00000070   Code   RO         4471    i.gc_execute        fds.o
    0x00022e74   0x00000048   Code   RO         4472    i.gc_next_page      fds.o
    0x00022ebc   0x0000004c   Code   RO         4473    i.gc_page_erase     fds.o
    0x00022f08   0x00000034   Code   RO         4474    i.gc_record_copy    fds.o
    0x00022f3c   0x00000024   Code   RO         4475    i.gc_record_find_next  fds.o
    0x00022f60   0x00000080   Code   RO         4476    i.gc_state_advance  fds.o
    0x00022fe0   0x000000ec   Code   RO         1312    i.gcm_ble_evt_handler  gatt_cache_manager.o
    0x000230cc   0x0000006c   Code   RO         1313    i.gcm_gscm_evt_handler  gatt_cache_manager.o
    0x00023138   0x00000030   Code   RO         1314    i.gcm_im_evt_handler  gatt_cache_manager.o
    0x00023168   0x00000048   Code   RO         1315    i.gcm_init          gatt_cache_manager.o
    0x000231b0   0x00000054   Code   RO         1316    i.gcm_local_database_has_changed  gatt_cache_manager.o
    0x00023204   0x0000000e   Code   RO         1319    i.gcm_smd_evt_handler  gatt_cache_manager.o
    0x00023212   0x00000002   PAD
    0x00023214   0x00000038   Code   RO         1513    i.get_connection_by_conn_handle  id_manager.o
    0x0002324c   0x00000030   Code   RO         1514    i.get_free_connection  id_manager.o
    0x0002327c   0x00000058   Code   RO         4002    i.gpiote_event_handler  app_button.o
    0x000232d4   0x0000001c   Code   RO         1425    i.gscm_db_change_notification_done  gatts_cache_manager.o
    0x000232f0   0x00000014   Code   RO         1426    i.gscm_init         gatts_cache_manager.o
    0x00023304   0x0000001c   Code   RO         1427    i.gscm_local_database_has_changed  gatts_cache_manager.o
    0x00023320   0x0000006a   Code   RO         1428    i.gscm_local_db_cache_apply  gatts_cache_manager.o
    0x0002338a   0x00000080   Code   RO         1430    i.gscm_local_db_cache_update  gatts_cache_manager.o
    0x0002340a   0x00000002   PAD
    0x0002340c   0x00000054   Code   RO         1431    i.gscm_pdb_evt_handler  gatts_cache_manager.o
    0x00023460   0x0000001a   Code   RO         1432    i.gscm_service_changed_ind_needed  gatts_cache_manager.o
    0x0002347a   0x00000002   PAD
    0x0002347c   0x0000002c   Code   RO         1433    i.gscm_service_changed_ind_send  gatts_cache_manager.o
    0x000234a8   0x00000016   Code   RO         4477    i.header_is_valid   fds.o
    0x000234be   0x00000046   Code   RO         1515    i.im_address_resolve  id_manager.o
    0x00023504   0x00000030   Code   RO         1516    i.im_ble_addr_get   id_manager.o
    0x00023534   0x000000ae   Code   RO         1517    i.im_ble_evt_handler  id_manager.o
    0x000235e2   0x00000002   PAD
    0x000235e4   0x0000002c   Code   RO         1518    i.im_conn_handle_get  id_manager.o
    0x00023610   0x00000040   Code   RO         1522    i.im_init           id_manager.o
    0x00023650   0x00000034   Code   RO         1523    i.im_is_duplicate_bonding_data  id_manager.o
    0x00023684   0x00000018   Code   RO         1524    i.im_master_id_is_valid  id_manager.o
    0x0002369c   0x0000002a   Code   RO         1525    i.im_master_ids_compare  id_manager.o
    0x000236c6   0x00000004   Code   RO         1526    i.im_new_peer_id    id_manager.o
    0x000236ca   0x00000072   Code   RO         1527    i.im_pdb_evt_handler  id_manager.o
    0x0002373c   0x00000026   Code   RO         1528    i.im_peer_free      id_manager.o
    0x00023762   0x00000002   PAD
    0x00023764   0x00000020   Code   RO         1529    i.im_peer_id_get_by_conn_handle  id_manager.o
    0x00023784   0x0000003c   Code   RO         1530    i.im_peer_id_get_by_master_id  id_manager.o
    0x000237c0   0x000000c0   Code   RO         4478    i.init_execute      fds.o
    0x00023880   0x00000078   Code   RO         5379    i.intern_softdevice_events_execute  softdevice_handler.o
    0x000238f8   0x00000078   Code   RO         3647    i.interrupts_enable  nrf_drv_uart.o
    0x00023970   0x0000004c   Code   RO         1142    i.is_desc_discovery_reqd  ble_db_discovery.o
    0x000239bc   0x00000014   Code   RO         1535    i.is_valid_irk      id_manager.o
    0x000239d0   0x0000000c   Code   RO         4479    i.is_word_aligned   fds.o
    0x000239dc   0x00000016   Code   RO         3173    i.item_enqueue      nrf_drv_clock.o
    0x000239f2   0x00000002   PAD
    0x000239f4   0x00000030   Code   RO          574    i.leds_off          bsp.o
    0x00023a24   0x00000014   Code   RO          575    i.leds_timer_handler  bsp.o
    0x00023a38   0x00000016   Code   RO         5853    i.lfclk_config      app_rtc.o
    0x00023a4e   0x00000014   Code   RO         1703    i.link_init         nrf_ble_gatt.o
    0x00023a62   0x00000002   PAD
    0x00023a64   0x00000098   Code   RO         2673    i.link_secure       security_manager.o
    0x00023afc   0x00000086   Code   RO         2558    i.link_secure_central  security_dispatcher.o
    0x00023b82   0x000000c8   Code   RO         2559    i.link_secure_central_existing_peer  security_dispatcher.o
    0x00023c4a   0x0000006c   Code   RO         2560    i.link_secure_central_new_peer  security_dispatcher.o
    0x00023cb6   0x00000002   PAD
    0x00023cb8   0x00000058   Code   RO         2561    i.link_secure_failure  security_dispatcher.o
    0x00023d10   0x0000005c   Code   RO         2674    i.link_secure_pending_process  security_manager.o
    0x00023d6c   0x000000f8   Code   RO         4198    i.list_insertions_handler  app_timer.o
    0x00023e64   0x00000074   Code   RO         1320    i.local_db_apply_in_evt  gatt_cache_manager.o
    0x00023ed8   0x00000078   Code   RO         1321    i.local_db_update_in_evt  gatt_cache_manager.o
    0x00023f50   0x00000032   Code   RO         2501    i.lock_by_mask      pm_mutex.o
    0x00023f82   0x00000002   PAD
    0x00023f84   0x00000260   Code   RO           14    i.main              main.o
    0x000241e4   0x0000006c   Code   RO         6280    i.malloc            mc_w.l(malloc.o)
    0x00024250   0x00000064   Code   RO          827    i.manuf_specific_data_encode  ble_advdata.o
    0x000242b4   0x0000009c   Code   RO          828    i.name_encode       ble_advdata.o
    0x00024350   0x00000058   Code   RO         1536    i.new_connection    id_manager.o
    0x000243a8   0x00000030   Code   RO         2100    i.next_id_get       peer_id.o
    0x000243d8   0x00000010   Code   RO         3406    i.nrf_bitmask_bit_is_set  nrf_drv_gpiote.o
    0x000243e8   0x0000002c   Code   RO         1709    i.nrf_ble_gatt_init  nrf_ble_gatt.o
    0x00024414   0x00000168   Code   RO         1710    i.nrf_ble_gatt_on_ble_evt  nrf_ble_gatt.o
    0x0002457c   0x0000000e   Code   RO         3175    i.nrf_clock_event_check  nrf_drv_clock.o
    0x0002458a   0x00000010   Code   RO         3176    i.nrf_clock_event_clear  nrf_drv_clock.o
    0x0002459a   0x00000002   PAD
    0x0002459c   0x0000008c   Code   RO         4199    i.nrf_delay_us      app_timer.o
    0x00024628   0x0000008c   Code   RO         5677    i.nrf_delay_us      identificator.o
    0x000246b4   0x00000048   Code   RO         3183    i.nrf_drv_clock_init  nrf_drv_clock.o
    0x000246fc   0x00000068   Code   RO         3188    i.nrf_drv_clock_lfclk_request  nrf_drv_clock.o
    0x00024764   0x00000030   Code   RO         3190    i.nrf_drv_clock_on_sd_enable  nrf_drv_clock.o
    0x00024794   0x0000000a   Code   RO         3191    i.nrf_drv_clock_on_soc_event  nrf_drv_clock.o
    0x0002479e   0x00000038   Code   RO         3356    i.nrf_drv_common_irq_enable  nrf_drv_common.o
    0x000247d6   0x00000006   Code   RO         3649    i.nrf_drv_get_IRQn  nrf_drv_uart.o
    0x000247dc   0x000000a4   Code   RO         3411    i.nrf_drv_gpiote_in_event_enable  nrf_drv_gpiote.o
    0x00024880   0x000000b8   Code   RO         3412    i.nrf_drv_gpiote_in_init  nrf_drv_gpiote.o
    0x00024938   0x00000014   Code   RO         3413    i.nrf_drv_gpiote_in_is_set  nrf_drv_gpiote.o
    0x0002494c   0x0000005c   Code   RO         3415    i.nrf_drv_gpiote_init  nrf_drv_gpiote.o
    0x000249a8   0x00000014   Code   RO         3416    i.nrf_drv_gpiote_is_init  nrf_drv_gpiote.o
    0x000249bc   0x00000010   Code   RO         3650    i.nrf_drv_is_in_RAM  nrf_drv_uart.o
    0x000249cc   0x00000084   Code   RO         3888    i.nrf_drv_rtc_cc_set  nrf_drv_rtc.o
    0x00024a50   0x00000018   Code   RO         3890    i.nrf_drv_rtc_enable  nrf_drv_rtc.o
    0x00024a68   0x00000064   Code   RO         3891    i.nrf_drv_rtc_init  nrf_drv_rtc.o
    0x00024acc   0x00000098   Code   RO         3892    i.nrf_drv_rtc_int_handler  nrf_drv_rtc.o
    0x00024b64   0x00000068   Code   RO         3652    i.nrf_drv_uart_init  nrf_drv_uart.o
    0x00024bcc   0x000000b0   Code   RO         3653    i.nrf_drv_uart_rx   nrf_drv_uart.o
    0x00024c7c   0x00000030   Code   RO         3656    i.nrf_drv_uart_rx_enable  nrf_drv_uart.o
    0x00024cac   0x000000a8   Code   RO         3657    i.nrf_drv_uart_rx_for_uart  nrf_drv_uart.o
    0x00024d54   0x000000b0   Code   RO         3658    i.nrf_drv_uart_rx_for_uarte  nrf_drv_uart.o
    0x00024e04   0x0000010c   Code   RO         3660    i.nrf_drv_uart_tx   nrf_drv_uart.o
    0x00024f10   0x00000018   Code   RO         3662    i.nrf_drv_uart_tx_in_progress  nrf_drv_uart.o
    0x00024f28   0x00000024   Code   RO          436    i.nrf_gpio_cfg      boards.o
    0x00024f4c   0x00000024   Code   RO         3430    i.nrf_gpio_cfg      nrf_drv_gpiote.o
    0x00024f70   0x00000024   Code   RO         3664    i.nrf_gpio_cfg      nrf_drv_uart.o
    0x00024f94   0x00000012   Code   RO         3666    i.nrf_gpio_cfg_input  nrf_drv_uart.o
    0x00024fa6   0x00000010   Code   RO           15    i.nrf_gpio_cfg_output  main.o
    0x00024fb6   0x00000014   Code   RO         3667    i.nrf_gpio_cfg_output  nrf_drv_uart.o
    0x00024fca   0x00000022   Code   RO          576    i.nrf_gpio_cfg_sense_set  bsp.o
    0x00024fec   0x00000022   Code   RO         3432    i.nrf_gpio_cfg_sense_set  nrf_drv_gpiote.o
    0x0002500e   0x00000016   Code   RO          437    i.nrf_gpio_pin_write  boards.o
    0x00025024   0x00000028   Code   RO         3433    i.nrf_gpio_ports_read  nrf_drv_gpiote.o
    0x0002504c   0x00000014   Code   RO         3434    i.nrf_gpiote_event_clear  nrf_drv_gpiote.o
    0x00025060   0x00000010   Code   RO         3435    i.nrf_gpiote_event_is_set  nrf_drv_gpiote.o
    0x00025070   0x0000000c   Code   RO         3899    i.nrf_rtc_event_clear  nrf_drv_rtc.o
    0x0002507c   0x0000000a   Code   RO         3668    i.nrf_uart_event_check  nrf_drv_uart.o
    0x00025086   0x0000000c   Code   RO         3669    i.nrf_uart_event_clear  nrf_drv_uart.o
    0x00025092   0x0000000c   Code   RO         3670    i.nrf_uart_int_enable_check  nrf_drv_uart.o
    0x0002509e   0x0000000a   Code   RO         3671    i.nrf_uarte_event_check  nrf_drv_uart.o
    0x000250a8   0x0000000c   Code   RO         3672    i.nrf_uarte_event_clear  nrf_drv_uart.o
    0x000250b4   0x00000012   Code   RO           16    i.on_adv_evt        main.o
    0x000250c6   0x00000002   PAD
    0x000250c8   0x0000022c   Code   RO           17    i.on_ble_evt        main.o
    0x000252f4   0x00000114   Code   RO         1143    i.on_characteristic_discovery_rsp  ble_db_discovery.o
    0x00025408   0x0000001c   Code   RO           18    i.on_conn_params_evt  main.o
    0x00025424   0x00000062   Code   RO         1711    i.on_connected_evt  nrf_ble_gatt.o
    0x00025486   0x000000ae   Code   RO         2799    i.on_ctrlpt_write   ble_dfu.o
    0x00025534   0x000000f0   Code   RO         1144    i.on_descriptor_discovery_rsp  ble_db_discovery.o
    0x00025624   0x00000054   Code   RO         4760    i.on_operation_success  fstorage.o
    0x00025678   0x0000006c   Code   RO         1145    i.on_primary_srv_discovery_rsp  ble_db_discovery.o
    0x000256e4   0x0000007c   Code   RO         1146    i.on_srv_disc_completion  ble_db_discovery.o
    0x00025760   0x00000080   Code   RO         4480    i.op_enqueue        fds.o
    0x000257e0   0x00000078   Code   RO           19    i.pa_lna_assist     main.o
    0x00025858   0x00000012   Code   RO         4481    i.page_offsets_update  fds.o
    0x0002586a   0x00000002   PAD
    0x0002586c   0x00000064   Code   RO         4482    i.page_scan         fds.o
    0x000258d0   0x0000001c   Code   RO         4483    i.page_tag_write_data  fds.o
    0x000258ec   0x00000024   Code   RO         4484    i.page_tag_write_swap  fds.o
    0x00025910   0x000000f8   Code   RO         4485    i.pages_init        fds.o
    0x00025a08   0x0000006c   Code   RO         2562    i.pairing_failure   security_dispatcher.o
    0x00025a74   0x0000003c   Code   RO         2675    i.params_reply_pending_process  security_manager.o
    0x00025ab0   0x0000001c   Code   RO         1936    i.pdb_evt_send      peer_database.o
    0x00025acc   0x00000050   Code   RO         1937    i.pdb_init          peer_database.o
    0x00025b1c   0x00000004   Code   RO         1939    i.pdb_next_deleted_peer_id_get  peer_database.o
    0x00025b20   0x00000004   Code   RO         1940    i.pdb_next_peer_id_get  peer_database.o
    0x00025b24   0x00000130   Code   RO         1941    i.pdb_pds_evt_handler  peer_database.o
    0x00025c54   0x00000004   Code   RO         1942    i.pdb_peer_allocate  peer_database.o
    0x00025c58   0x00000006   Code   RO         1944    i.pdb_peer_data_ptr_get  peer_database.o
    0x00025c5e   0x00000044   Code   RO         1945    i.pdb_peer_free     peer_database.o
    0x00025ca2   0x00000008   Code   RO         1946    i.pdb_raw_store     peer_database.o
    0x00025caa   0x00000002   PAD
    0x00025cac   0x00000108   Code   RO         1947    i.pdb_write_buf_get  peer_database.o
    0x00025db4   0x00000028   Code   RO         1948    i.pdb_write_buf_release  peer_database.o
    0x00025ddc   0x000000c4   Code   RO         1949    i.pdb_write_buf_store  peer_database.o
    0x00025ea0   0x00000068   Code   RO         1950    i.pdb_write_buf_store_prepare  peer_database.o
    0x00025f08   0x0000000c   Code   RO         1791    i.pds_evt_send      peer_data_storage.o
    0x00025f14   0x0000006c   Code   RO         1792    i.pds_init          peer_data_storage.o
    0x00025f80   0x00000004   Code   RO         1793    i.pds_next_deleted_peer_id_get  peer_data_storage.o
    0x00025f84   0x00000004   Code   RO         1794    i.pds_next_peer_id_get  peer_data_storage.o
    0x00025f88   0x00000050   Code   RO         1797    i.pds_peer_data_iterate  peer_data_storage.o
    0x00025fd8   0x00000010   Code   RO         1798    i.pds_peer_data_iterate_prepare  peer_data_storage.o
    0x00025fe8   0x00000068   Code   RO         1799    i.pds_peer_data_read  peer_data_storage.o
    0x00026050   0x000000a2   Code   RO         1800    i.pds_peer_data_store  peer_data_storage.o
    0x000260f2   0x00000008   Code   RO         1801    i.pds_peer_id_allocate  peer_data_storage.o
    0x000260fa   0x00000016   Code   RO         1802    i.pds_peer_id_free  peer_data_storage.o
    0x00026110   0x00000004   Code   RO         1803    i.pds_peer_id_is_allocated  peer_data_storage.o
    0x00026114   0x0000002e   Code   RO         1804    i.pds_space_reserve  peer_data_storage.o
    0x00026142   0x00000010   Code   RO         1805    i.pds_space_reserve_cancel  peer_data_storage.o
    0x00026152   0x00000006   Code   RO         1951    i.peer_data_const_point_to_buffer  peer_database.o
    0x00026158   0x00000080   Code   RO         1806    i.peer_data_delete  peer_data_storage.o
    0x000261d8   0x00000030   Code   RO         1807    i.peer_data_find    peer_data_storage.o
    0x00026208   0x00000020   Code   RO         1808    i.peer_data_id_is_valid  peer_data_storage.o
    0x00026228   0x0000001a   Code   RO         1952    i.peer_data_point_to_buffer  peer_database.o
    0x00026242   0x00000002   PAD
    0x00026244   0x0000000c   Code   RO         2101    i.peer_id_allocate  peer_id.o
    0x00026250   0x00000024   Code   RO         2102    i.peer_id_delete    peer_id.o
    0x00026274   0x0000001c   Code   RO         2103    i.peer_id_free      peer_id.o
    0x00026290   0x0000000c   Code   RO         2104    i.peer_id_get_next_deleted  peer_id.o
    0x0002629c   0x00000030   Code   RO         2105    i.peer_id_get_next_used  peer_id.o
    0x000262cc   0x00000028   Code   RO         2106    i.peer_id_init      peer_id.o
    0x000262f4   0x00000014   Code   RO         2107    i.peer_id_is_allocated  peer_id.o
    0x00026308   0x00000014   Code   RO         2108    i.peer_id_is_deleted  peer_id.o
    0x0002631c   0x0000001c   Code   RO         1537    i.peer_id_set       id_manager.o
    0x00026338   0x0000006c   Code   RO           20    i.peer_manager_init  main.o
    0x000263a4   0x00000018   Code   RO         3436    i.pin_in_use_by_port  nrf_drv_gpiote.o
    0x000263bc   0x00000018   Code   RO         3437    i.pin_in_use_by_te  nrf_drv_gpiote.o
    0x000263d4   0x0000005c   Code   RO         2459    i.pm_buffer_block_acquire  pm_buffer.o
    0x00026430   0x00000040   Code   RO         2460    i.pm_buffer_init    pm_buffer.o
    0x00026470   0x00000028   Code   RO         2461    i.pm_buffer_ptr_get  pm_buffer.o
    0x00026498   0x0000002e   Code   RO         2462    i.pm_buffer_release  pm_buffer.o
    0x000264c6   0x00000004   Code   RO         2191    i.pm_conn_sec_config_reply  peer_manager.o
    0x000264ca   0x0000005a   Code   RO           21    i.pm_evt_handler    main.o
    0x00026524   0x00000088   Code   RO         2195    i.pm_gcm_evt_handler  peer_manager.o
    0x000265ac   0x00000050   Code   RO         2198    i.pm_im_evt_handler  peer_manager.o
    0x000265fc   0x00000064   Code   RO         2199    i.pm_init           peer_manager.o
    0x00026660   0x00000014   Code   RO         2201    i.pm_local_database_has_changed  peer_manager.o
    0x00026674   0x0000000e   Code   RO         2502    i.pm_mutex_init     pm_mutex.o
    0x00026682   0x0000001a   Code   RO         2503    i.pm_mutex_lock     pm_mutex.o
    0x0002669c   0x00000036   Code   RO         2504    i.pm_mutex_lock_first_available  pm_mutex.o
    0x000266d2   0x00000018   Code   RO         2505    i.pm_mutex_lock_status_get  pm_mutex.o
    0x000266ea   0x0000003a   Code   RO         2506    i.pm_mutex_unlock   pm_mutex.o
    0x00026724   0x00000028   Code   RO         2203    i.pm_on_ble_evt     peer_manager.o
    0x0002674c   0x00000158   Code   RO         2204    i.pm_pdb_evt_handler  peer_manager.o
    0x000268a4   0x00000014   Code   RO         2215    i.pm_peer_delete    peer_manager.o
    0x000268b8   0x00000068   Code   RO         2220    i.pm_peers_delete   peer_manager.o
    0x00026920   0x0000002c   Code   RO         2223    i.pm_register       peer_manager.o
    0x0002694c   0x00000014   Code   RO         2225    i.pm_sec_params_set  peer_manager.o
    0x00026960   0x00000160   Code   RO         2226    i.pm_sm_evt_handler  peer_manager.o
    0x00026ac0   0x0000002c   Code   RO         4761    i.queue_advance     fstorage.o
    0x00026aec   0x00000038   Code   RO         4762    i.queue_get_next_free  fstorage.o
    0x00026b24   0x000000bc   Code   RO         4486    i.queue_process     fds.o
    0x00026be0   0x00000070   Code   RO         4763    i.queue_process     fstorage.o
    0x00026c50   0x00000020   Code   RO         4487    i.queue_start       fds.o
    0x00026c70   0x0000001c   Code   RO         4764    i.queue_start       fstorage.o
    0x00026c8c   0x00000088   Code   RO         4488    i.record_find       fds.o
    0x00026d14   0x0000009c   Code   RO         4489    i.record_find_by_desc  fds.o
    0x00026db0   0x0000004c   Code   RO         4490    i.record_find_next  fds.o
    0x00026dfc   0x00000034   Code   RO         4491    i.record_header_flag_dirty  fds.o
    0x00026e30   0x00000014   Code   RO         1809    i.record_key_within_pm_range  peer_data_storage.o
    0x00026e44   0x0000005c   Code   RO         4492    i.record_write_chunk  fds.o
    0x00026ea0   0x00000038   Code   RO         1147    i.registered_handler_get  ble_db_discovery.o
    0x00026ed8   0x00000010   Code   RO         2110    i.release           peer_id.o
    0x00026ee8   0x00000034   Code   RO         5568    i.rscs_c_evt_handler  datadeal.o
    0x00026f1c   0x0000003c   Code   RO         4200    i.rtc1_stop         app_timer.o
    0x00026f58   0x0000004c   Code   RO         5854    i.rtc_config        app_rtc.o
    0x00026fa4   0x0000007c   Code   RO         5855    i.rtc_handler       app_rtc.o
    0x00027020   0x00000032   Code   RO         3674    i.rx_byte           nrf_drv_uart.o
    0x00027052   0x00000018   Code   RO         3675    i.rx_done_event     nrf_drv_uart.o
    0x0002706a   0x00000020   Code   RO         3676    i.rx_enable         nrf_drv_uart.o
    0x0002708a   0x00000002   PAD
    0x0002708c   0x0000002c   Code   RO           22    i.scan_start        main.o
    0x000270b8   0x00000070   Code   RO         5380    i.sd_nvic_EnableIRQ  softdevice_handler.o
    0x00027128   0x00000044   Code   RO         4940    i.sdk_mapped_flags_bulk_update_by_key  sdk_mapped_flags.o
    0x0002716c   0x00000022   Code   RO         4941    i.sdk_mapped_flags_first_key_index_get  sdk_mapped_flags.o
    0x0002718e   0x00000010   Code   RO         4942    i.sdk_mapped_flags_get_by_index  sdk_mapped_flags.o
    0x0002719e   0x00000026   Code   RO         4943    i.sdk_mapped_flags_get_by_key  sdk_mapped_flags.o
    0x000271c4   0x0000004a   Code   RO         4944    i.sdk_mapped_flags_key_list_get  sdk_mapped_flags.o
    0x0002720e   0x0000001e   Code   RO         4945    i.sdk_mapped_flags_n_flags_set  sdk_mapped_flags.o
    0x0002722c   0x0000000e   Code   RO         4946    i.sdk_mapped_flags_update_by_key  sdk_mapped_flags.o
    0x0002723a   0x000000b2   Code   RO         2563    i.sec_info_request_process  security_dispatcher.o
    0x000272ec   0x00000076   Code   RO         2676    i.sec_params_verify  security_manager.o
    0x00027362   0x00000002   PAD
    0x00027364   0x00000054   Code   RO         2564    i.sec_proc_start    security_dispatcher.o
    0x000273b8   0x00000020   Code   RO         2565    i.sec_start_send    security_dispatcher.o
    0x000273d8   0x0000004c   Code   RO         4765    i.send_event        fstorage.o
    0x00027424   0x00000058   Code   RO         1322    i.service_changed_pending_flags_check  gatt_cache_manager.o
    0x0002747c   0x00000044   Code   RO         1434    i.service_changed_pending_set  gatts_cache_manager.o
    0x000274c0   0x00000094   Code   RO         1323    i.service_changed_send_in_evt  gatt_cache_manager.o
    0x00027554   0x00000088   Code   RO          829    i.service_data_encode  ble_advdata.o
    0x000275dc   0x00000048   Code   RO         2866    i.set_adv_mode_fast  ble_advertising.o
    0x00027624   0x00000044   Code   RO         2867    i.set_adv_mode_slow  ble_advertising.o
    0x00027668   0x00000028   Code   RO           23    i.sleep_mode_enter  main.o
    0x00027690   0x00000018   Code   RO         2677    i.sm_ble_evt_handler  security_manager.o
    0x000276a8   0x00000018   Code   RO         2678    i.sm_conn_sec_config_reply  security_manager.o
    0x000276c0   0x00000050   Code   RO         2679    i.sm_init           security_manager.o
    0x00027710   0x00000038   Code   RO         2682    i.sm_pdb_evt_handler  security_manager.o
    0x00027748   0x0000002c   Code   RO         2684    i.sm_sec_params_set  security_manager.o
    0x00027774   0x00000078   Code   RO         2685    i.sm_smd_evt_handler  security_manager.o
    0x000277ec   0x000000ec   Code   RO         2566    i.smd_ble_evt_handler  security_dispatcher.o
    0x000278d8   0x0000003c   Code   RO         2567    i.smd_init          security_dispatcher.o
    0x00027914   0x00000030   Code   RO         2568    i.smd_link_secure   security_dispatcher.o
    0x00027944   0x00000118   Code   RO         2569    i.smd_params_reply  security_dispatcher.o
    0x00027a5c   0x00000088   Code   RO         2686    i.smd_params_reply_perform  security_manager.o
    0x00027ae4   0x00000034   Code   RO         2570    i.smd_pdb_evt_handler  security_dispatcher.o
    0x00027b18   0x00000014   Code   RO         5381    i.softdevice_app_ram_start_get  softdevice_handler.o
    0x00027b2c   0x00000014   Code   RO         5382    i.softdevice_ble_evt_handler_set  softdevice_handler.o
    0x00027b40   0x0000000c   Code   RO         5383    i.softdevice_enable  softdevice_handler.o
    0x00027b4c   0x00000004   Code   RO         5384    i.softdevice_fault_handler  softdevice_handler.o
    0x00027b50   0x00000064   Code   RO         5385    i.softdevice_handler_init  softdevice_handler.o
    0x00027bb4   0x0000000c   Code   RO         5386    i.softdevice_handler_is_enabled  softdevice_handler.o
    0x00027bc0   0x00000014   Code   RO         5391    i.softdevice_sys_evt_handler_set  softdevice_handler.o
    0x00027bd4   0x0000002c   Code   RO           24    i.sys_evt_dispatch  main.o
    0x00027c00   0x00000080   Code   RO         4201    i.timer_list_handler  app_timer.o
    0x00027c80   0x0000003c   Code   RO         4202    i.timer_list_insert  app_timer.o
    0x00027cbc   0x00000060   Code   RO         4203    i.timer_list_remove  app_timer.o
    0x00027d1c   0x00000048   Code   RO         4204    i.timer_stop_op_schedule  app_timer.o
    0x00027d64   0x00000074   Code   RO         4205    i.timer_timeouts_check  app_timer.o
    0x00027dd8   0x00000048   Code   RO         2995    i.tx_buffer_process  ble_rscs_c.o
    0x00027e20   0x00000020   Code   RO         3677    i.tx_byte           nrf_drv_uart.o
    0x00027e40   0x0000001c   Code   RO         3678    i.tx_done_event     nrf_drv_uart.o
    0x00027e5c   0x0000010c   Code   RO         5678    i.uart_data_deal    identificator.o
    0x00027f68   0x00000060   Code   RO         5517    i.uart_event_handle  uart.o
    0x00027fc8   0x000000a0   Code   RO         5004    i.uart_event_handler  app_uart_fifo.o
    0x00028068   0x00000048   Code   RO         5518    i.uart_init         uart.o
    0x000280b0   0x0000011e   Code   RO         3679    i.uart_irq_handler  nrf_drv_uart.o
    0x000281ce   0x000000f0   Code   RO         3680    i.uarte_irq_handler  nrf_drv_uart.o
    0x000282be   0x0000000a   Code   RO          830    i.uint16_encode     ble_advdata.o
    0x000282c8   0x00000060   Code   RO          921    i.update_timeout_handler  ble_conn_params.o
    0x00028328   0x00000018   Code   RO         1008    i.user_flag_is_acquired  ble_conn_state.o
    0x00028340   0x00000030   Code   RO         4206    i.user_op_alloc     app_timer.o
    0x00028370   0x00000030   Code   RO          831    i.uuid_list_encode  ble_advdata.o
    0x000283a0   0x0000009e   Code   RO          832    i.uuid_list_sized_encode  ble_advdata.o
    0x0002843e   0x00000024   Code   RO         1953    i.write_buf_length_words_set  peer_database.o
    0x00028462   0x00000024   Code   RO         1954    i.write_buffer_record_find  peer_database.o
    0x00028486   0x00000002   PAD
    0x00028488   0x0000002c   Code   RO         1955    i.write_buffer_record_find_next  peer_database.o
    0x000284b4   0x0000001e   Code   RO         1956    i.write_buffer_record_invalidate  peer_database.o
    0x000284d2   0x00000002   PAD
    0x000284d4   0x0000002c   Code   RO         1957    i.write_buffer_record_release  peer_database.o
    0x00028500   0x00000124   Code   RO         4493    i.write_enqueue     fds.o
    0x00028624   0x000000f0   Code   RO         4494    i.write_execute     fds.o
    0x00028714   0x00000014   Code   RO         4495    i.write_space_free  fds.o
    0x00028728   0x00000054   Code   RO         4496    i.write_space_reserve  fds.o
    0x0002877c   0x00000014   Data   RO           26    .constdata          main.o
    0x00028790   0x00000008   Data   RO          438    .constdata          boards.o
    0x00028798   0x0000002c   Data   RO          581    .constdata          bsp.o
    0x000287c4   0x00000004   Data   RO          924    .constdata          ble_conn_params.o
    0x000287c8   0x00000004   Data   RO         1435    .constdata          gatts_cache_manager.o
    0x000287cc   0x00000010   Data   RO         1436    .constdata          gatts_cache_manager.o
    0x000287dc   0x00000004   Data   RO         1437    .constdata          gatts_cache_manager.o
    0x000287e0   0x00000008   Data   RO         1540    .constdata          id_manager.o
    0x000287e8   0x00000016   Data   RO         1712    .constdata          nrf_ble_gatt.o
    0x000287fe   0x00000002   PAD
    0x00028800   0x00000004   Data   RO         1810    .constdata          peer_data_storage.o
    0x00028804   0x00000014   Data   RO         1959    .constdata          peer_database.o
    0x00028818   0x00000044   Data   RO         2572    .constdata          security_dispatcher.o
    0x0002885c   0x00000004   Data   RO         2687    .constdata          security_manager.o
    0x00028860   0x00000010   Data   RO         2800    .constdata          ble_dfu.o
    0x00028870   0x00000004   Data   RO         3439    .constdata          nrf_drv_gpiote.o
    0x00028874   0x00000008   Data   RO         4004    .constdata          app_button.o
    0x0002887c   0x00000014   Data   RO         4498    .constdata          fds.o
    0x00028890   0x00000020   Data   RO         5006    .constdata          app_uart_fifo.o
    0x000288b0   0x00000018   Data   RO         5520    .constdata          uart.o
    0x000288c8   0x00000018   Data   RO         5625    .constdata          strdeal.o
    0x000288e0   0x00000003   Data   RO         5681    .constdata          identificator.o
    0x000288e3   0x00000001   PAD
    0x000288e4   0x00000028   Data   RO         5857    .constdata          app_rtc.o
    0x0002890c   0x00000020   Data   RO         6346    Region$$Table       anon$$obj.o


    Execution Region RW_IRAM1 (Base: 0x20002480, Size: 0x00008d58, Max: 0x0000db80, ABSOLUTE, COMPRESSED[0x0000003c])

    Base Addr    Size         Type   Attr      Idx    E Section Name        Object

    0x20002480   0x00000024   Data   RW           27    .data               main.o
    0x200024a4   0x00000010   Data   RW          582    .data               bsp.o
    0x200024b4   0x00000008   Data   RW          693    .data               bsp_btn_ble.o
    0x200024bc   0x00000014   Data   RW          925    .data               ble_conn_params.o
    0x200024d0   0x00000010   Data   RW         1149    .data               ble_db_discovery.o
    0x200024e0   0x0000000c   Data   RW         1324    .data               gatt_cache_manager.o
    0x200024ec   0x0000000c   Data   RW         1438    .data               gatts_cache_manager.o
    0x200024f8   0x00000003   Data   RW         1541    .data               id_manager.o
    0x200024fb   0x00000001   PAD
    0x200024fc   0x0000000c   Data   RW         1811    .data               peer_data_storage.o
    0x20002508   0x00000008   Data   RW         1960    .data               peer_database.o
    0x20002510   0x00000010   Data   RW         2231    .data               peer_manager.o
    0x20002520   0x00000004   Data   RW         2573    .data               security_dispatcher.o
    0x20002524   0x00000015   Data   RW         2688    .data               security_manager.o
    0x20002539   0x00000003   PAD
    0x2000253c   0x0000001f   Data   RW         2869    .data               ble_advertising.o
    0x2000255b   0x00000001   PAD
    0x2000255c   0x00000008   Data   RW         2997    .data               ble_rscs_c.o
    0x20002564   0x00000010   Data   RW         3903    .data               nrf_drv_rtc.o
    0x20002574   0x00000014   Data   RW         4005    .data               app_button.o
    0x20002588   0x00000014   Data   RW         4208    .data               app_timer.o
    0x2000259c   0x00000018   Data   RW         4499    .data               fds.o
    0x200025b4   0x00000002   Data   RW         4767    .data               fstorage.o
    0x200025b6   0x00000002   PAD
    0x200025b8   0x00000010   Data   RW         5007    .data               app_uart_fifo.o
    0x200025c8   0x00000004   Data   RW         5073    .data               retarget.o
    0x200025cc   0x00000014   Data   RW         5392    .data               softdevice_handler.o
    0x200025e0   0x00000002   Data   RW         5521    .data               uart.o
    0x200025e2   0x00000002   PAD
    0x200025e4   0x00000018   Data   RW         5683    .data               identificator.o
    0x200025fc   0x00000002   Data   RW         5684    .data               identificator.o
    0x200025fe   0x00000002   PAD
    0x20002600   0x00000008   Data   RW         5795    .data               app_fds.o
    0x20002608   0x00000001   Data   RW         5796    .data               app_fds.o
    0x20002609   0x00000003   PAD
    0x2000260c   0x00000012   Data   RW         5858    .data               app_rtc.o
    0x2000261e   0x00000002   PAD
    0x20002620   0x00000004   Data   RW         5940    .data               system_nrf52.o
    0x20002624   0x00000004   Data   RW         6327    .data               mc_w.l(mvars.o)
    0x20002628   0x00000004   Data   RW         6328    .data               mc_w.l(mvars.o)
    0x2000262c   0x00000010   Data   RW         4500    fs_data             fds.o
    0x2000263c   0x000005e4   Zero   RW           25    .bss                main.o
    0x20002c20   0x00000020   Zero   RW          577    .bss                bsp.o
    0x20002c40   0x00000020   Zero   RW          578    .bss                bsp.o
    0x20002c60   0x0000000c   Zero   RW          579    .bss                bsp.o
    0x20002c6c   0x00000020   Zero   RW          580    .bss                bsp.o
    0x20002c8c   0x00000020   Zero   RW          922    .bss                ble_conn_params.o
    0x20002cac   0x0000001c   Zero   RW          923    .bss                ble_conn_params.o
    0x20002cc8   0x000000b8   Zero   RW         1009    .bss                ble_conn_state.o
    0x20002d80   0x000005a0   Zero   RW         1148    .bss                ble_db_discovery.o
    0x20003320   0x00000100   Zero   RW         1539    .bss                id_manager.o
    0x20003420   0x00000330   Zero   RW         1958    .bss                peer_database.o
    0x20003750   0x00000040   Zero   RW         2111    .bss                peer_id.o
    0x20003790   0x0000000c   Zero   RW         2229    .bss                peer_manager.o
    0x2000379c   0x00000040   Zero   RW         2571    .bss                security_dispatcher.o
    0x200037dc   0x000000b3   Zero   RW         2868    .bss                ble_advertising.o
    0x2000388f   0x00000001   PAD
    0x20003890   0x000000a0   Zero   RW         2996    .bss                ble_rscs_c.o
    0x20003930   0x00000014   Zero   RW         3193    .bss                nrf_drv_clock.o
    0x20003944   0x00000058   Zero   RW         3438    .bss                nrf_drv_gpiote.o
    0x2000399c   0x00000020   Zero   RW         3681    .bss                nrf_drv_uart.o
    0x200039bc   0x00000020   Zero   RW         4003    .bss                app_button.o
    0x200039dc   0x0000010c   Zero   RW         4207    .bss                app_timer.o
    0x20003ae8   0x0000000c   Zero   RW         4356    .bss                app_util_platform.o
    0x20003af4   0x0000011c   Zero   RW         4497    .bss                fds.o
    0x20003c10   0x00000068   Zero   RW         4766    .bss                fstorage.o
    0x20003c78   0x00000020   Zero   RW         5005    .bss                app_uart_fifo.o
    0x20003c98   0x00000300   Zero   RW         5519    .bss                uart.o
    0x20003f98   0x0000021c   Zero   RW         5679    .bss                identificator.o
    0x200041b4   0x0000500c   Zero   RW         5745    .bss                app_adv.o
    0x200091c0   0x0000000c   Zero   RW         5794    .bss                app_fds.o
    0x200091cc   0x0000000a   Zero   RW         5856    .bss                app_rtc.o
    0x200091d6   0x00000002   PAD
    0x200091d8   0x00000000   Zero   RW         5929    HEAP                arm_startup_nrf52.o
    0x200091d8   0x00002000   Zero   RW         5928    STACK               arm_startup_nrf52.o


==============================================================================

Image component sizes


      Code (inc. data)   RO Data    RW Data    ZI Data      Debug   Object Name

       220         18          0          0      20492       3226   app_adv.o
       332         34          8         20         32      10274   app_button.o
        22          0          0          0          0       2265   app_error.o
        36         10          0          0          0      27329   app_error_weak.o
       496        110          0          9         12       5862   app_fds.o
       118          0          0          0          0       4546   app_fifo.o
       748         66         40         18         10      12315   app_rtc.o
         0          0          0          0          0      20764   app_scheduler.o
      1630        122          0         20        268      48031   app_timer.o
       452         42         32         16         32      13386   app_uart_fifo.o
       124         14          0          0         12       9482   app_util_platform.o
        36          8        512          0       8192        944   arm_startup_nrf52.o
      1330          0          0          0          0      42748   ble_advdata.o
       868         50          0         31        179      14376   ble_advertising.o
       184         24          4         20         60       4395   ble_conn_params.o
       568         56          0          0        184      13417   ble_conn_state.o
      1582         64          0         16       1440      18395   ble_db_discovery.o
       794         12         16          0          0      38151   ble_dfu.o
       460         16          0          8        160      46188   ble_rscs_c.o
         8          0          0          0          0       1484   ble_srv_common.o
       318         42          8          0          0      15408   boards.o
       960         84         44         16        108      40703   bsp.o
       252         10          0          8          0      45469   bsp_btn_ble.o
         0          0          0          0          0       7084   bsp_nfc.o
        52          8          0          0          0        761   datadeal.o
      3680        338         20         40        284      48730   fds.o
       976         74          0          2        104      13455   fstorage.o
      1046         52          0         12          0      20888   gatt_cache_manager.o
       532         36         24         12          0      11151   gatts_cache_manager.o
      1154         56          8          3        256      21109   id_manager.o
       820         58          3         26        540       8684   identificator.o
      2284        346         20         36       1508     149922   main.o
       522          6         22          0          0      30614   nrf_ble_gatt.o
       414         30          0          0         20      16850   nrf_drv_clock.o
        56          0          0          0          0      29267   nrf_drv_common.o
      1178         84          4          0         88      30692   nrf_drv_gpiote.o
       436         26          0         16          0      12127   nrf_drv_rtc.o
      2140         66          0          0         32      43101   nrf_drv_uart.o
      1082         42          4         12          0      20456   peer_data_storage.o
      1332         66         20          8        816      24159   peer_database.o
       336         38          0          0         64       9327   peer_id.o
      1308        102          0         16         12      16112   peer_manager.o
       242          0          0          0          0       4555   pm_buffer.o
       226          0          0          0          0       5489   pm_mutex.o
        14          0          0          4          0       2918   retarget.o
       274          0          0          0          0       7335   sdk_mapped_flags.o
      1862         64         68          4         64      21464   security_dispatcher.o
      1076         74          4         21          0      17440   security_manager.o
       536         52          0         20          0      43652   softdevice_handler.o
       380         38         24          0          0       7023   strdeal.o
       716         62          0          4          0       2863   system_nrf52.o
       168         32         24          2        768       4228   uart.o

    ----------------------------------------------------------------------
     36442       2532        944        436      35740    1070614   Object Totals
         0          0         32          0          0          0   (incl. Generated)
        62          0          3         16          3          0   (incl. Padding)

    ----------------------------------------------------------------------

      Code (inc. data)   RO Data    RW Data    ZI Data      Debug   Library Member Name

        86          0          0          0          0          0   __dczerorl2.o
         0          0          0          0          0          0   entry.o
         0          0          0          0          0          0   entry10a.o
         0          0          0          0          0          0   entry11a.o
         8          4          0          0          0          0   entry2.o
         4          0          0          0          0          0   entry5.o
         0          0          0          0          0          0   entry7b.o
         0          0          0          0          0          0   entry8b.o
         8          4          0          0          0          0   entry9a.o
        30          0          0          0          0          0   handlers.o
        36          8          0          0          0         68   init.o
        30          0          0          0          0         68   llshl.o
        32          0          0          0          0         68   llushr.o
       188         20          0          0          0        160   malloc.o
        26          0          0          0          0         80   memcmp.o
        36          0          0          0          0         68   memcpya.o
        36          0          0          0          0        108   memseta.o
         0          0          0          8          0          0   mvars.o
      1154         54          0          0          0        352   printf8.o
        14          0          0          0          0         68   strlen.o
        36          0          0          0          0         80   strstr.o
        98          0          0          0          0         92   uldiv.o

    ----------------------------------------------------------------------
      1826         90          0          8          0       1212   Library Totals
         4          0          0          0          0          0   (incl. Padding)

    ----------------------------------------------------------------------

      Code (inc. data)   RO Data    RW Data    ZI Data      Debug   Library Name

      1822         90          0          8          0       1212   mc_w.l

    ----------------------------------------------------------------------
      1826         90          0          8          0       1212   Library Totals

    ----------------------------------------------------------------------

==============================================================================


      Code (inc. data)   RO Data    RW Data    ZI Data      Debug   

     38268       2622        944        444      35740    1026338   Grand Totals
     38268       2622        944         60      35740    1026338   ELF Image Totals (compressed)
     38268       2622        944         60          0          0   ROM Totals

==============================================================================

    Total RO  Size (Code + RO Data)                39212 (  38.29kB)
    Total RW  Size (RW Data + ZI Data)             36184 (  35.34kB)
    Total ROM Size (Code + RO Data + RW Data)      39272 (  38.35kB)

==============================================================================

