Component: ARM Compiler 5.06 update 4 (build 422) Tool: armlink [4d35d2]

==============================================================================

Section Cross References

    dfu-cc.pb.o(.constdata) refers to dfu-cc.pb.o(.constdata) for dfu_hash_fields
    dfu-cc.pb.o(.constdata) refers to dfu-cc.pb.o(.constdata) for dfu_init_command_is_debug_default
    dfu-cc.pb.o(.constdata) refers to dfu-cc.pb.o(.constdata) for dfu_init_command_fields
    dfu-cc.pb.o(.constdata) refers to dfu-cc.pb.o(.constdata) for dfu_reset_command_fields
    dfu-cc.pb.o(.constdata) refers to dfu-cc.pb.o(.constdata) for dfu_command_fields
    dfu-cc.pb.o(.constdata) refers to dfu-cc.pb.o(.constdata) for dfu_command_fields
    dfu-cc.pb.o(.constdata) refers to dfu-cc.pb.o(.constdata) for dfu_signed_command_fields
    dfu_req_handling.o(i.dfu_data_write_handler) refers to dfu_req_handling.o(.data) for .data
    dfu_req_handling.o(i.dfu_decode_commmand) refers to pb_decode.o(i.pb_istream_from_buffer) for pb_istream_from_buffer
    dfu_req_handling.o(i.dfu_decode_commmand) refers to pb_decode.o(i.pb_decode) for pb_decode
    dfu_req_handling.o(i.dfu_decode_commmand) refers to nrf_dfu_settings.o(.bss) for s_dfu_settings
    dfu_req_handling.o(i.dfu_decode_commmand) refers to dfu_req_handling.o(.bss) for .bss
    dfu_req_handling.o(i.dfu_decode_commmand) refers to dfu_req_handling.o(i.pb_decoding_callback) for pb_decoding_callback
    dfu_req_handling.o(i.dfu_decode_commmand) refers to dfu_req_handling.o(.data) for .data
    dfu_req_handling.o(i.dfu_decode_commmand) refers to dfu-cc.pb.o(.constdata) for dfu_packet_fields
    dfu_req_handling.o(i.dfu_handle_prevalidate) refers to nrf_dfu_handling_error.o(i.ext_error_set) for ext_error_set
    dfu_req_handling.o(i.dfu_handle_prevalidate) refers to nrf_crypto_sw_hash.o(i.nrf_crypto_hash_compute) for nrf_crypto_hash_compute
    dfu_req_handling.o(i.dfu_handle_prevalidate) refers to memcpya.o(.text) for __aeabi_memcpy
    dfu_req_handling.o(i.dfu_handle_prevalidate) refers to micro_ecc_lib_ecdsa.o(i.nrf_crypto_ecdsa_verify_hash) for nrf_crypto_ecdsa_verify_hash
    dfu_req_handling.o(i.dfu_handle_prevalidate) refers to nrf_dfu_utils.o(i.nrf_dfu_find_cache) for nrf_dfu_find_cache
    dfu_req_handling.o(i.dfu_handle_prevalidate) refers to nrf_dfu_settings.o(.bss) for s_dfu_settings
    dfu_req_handling.o(i.dfu_handle_prevalidate) refers to dfu_req_handling.o(.constdata) for .constdata
    dfu_req_handling.o(i.dfu_handle_prevalidate) refers to dfu_req_handling.o(.data) for .data
    dfu_req_handling.o(i.nrf_dfu_command_req) refers to app_timer.o(i.app_timer_stop) for app_timer_stop
    dfu_req_handling.o(i.nrf_dfu_command_req) refers to main.o(i.app_error_handler_bare) for app_error_handler_bare
    dfu_req_handling.o(i.nrf_dfu_command_req) refers to memseta.o(.text) for __aeabi_memclr4
    dfu_req_handling.o(i.nrf_dfu_command_req) refers to memcpya.o(.text) for __aeabi_memcpy
    dfu_req_handling.o(i.nrf_dfu_command_req) refers to crc32.o(i.crc32_compute) for crc32_compute
    dfu_req_handling.o(i.nrf_dfu_command_req) refers to dfu_req_handling.o(i.dfu_decode_commmand) for dfu_decode_commmand
    dfu_req_handling.o(i.nrf_dfu_command_req) refers to dfu_req_handling.o(i.dfu_handle_prevalidate) for dfu_handle_prevalidate
    dfu_req_handling.o(i.nrf_dfu_command_req) refers to nrf_dfu_settings.o(i.nrf_dfu_settings_write) for nrf_dfu_settings_write
    dfu_req_handling.o(i.nrf_dfu_command_req) refers to nrf_dfu_handling_error.o(i.ext_error_set) for ext_error_set
    dfu_req_handling.o(i.nrf_dfu_command_req) refers to nrf_dfu_settings.o(.bss) for s_dfu_settings
    dfu_req_handling.o(i.nrf_dfu_command_req) refers to dfu_req_handling.o(.data) for .data
    dfu_req_handling.o(i.nrf_dfu_command_req) refers to nrf_dfu_utils.o(.constdata) for nrf_dfu_utils_reset_delay_timer
    dfu_req_handling.o(i.nrf_dfu_command_req) refers to dfu_req_handling.o(.bss) for .bss
    dfu_req_handling.o(i.nrf_dfu_data_req) refers to nrf_dfu_flash.o(i.nrf_dfu_flash_erase) for nrf_dfu_flash_erase
    dfu_req_handling.o(i.nrf_dfu_data_req) refers to crc32.o(i.crc32_compute) for crc32_compute
    dfu_req_handling.o(i.nrf_dfu_data_req) refers to memcpya.o(.text) for __aeabi_memcpy
    dfu_req_handling.o(i.nrf_dfu_data_req) refers to nrf_dfu_flash.o(i.nrf_dfu_flash_store) for nrf_dfu_flash_store
    dfu_req_handling.o(i.nrf_dfu_data_req) refers to nrf_dfu_settings.o(i.nrf_dfu_settings_write) for nrf_dfu_settings_write
    dfu_req_handling.o(i.nrf_dfu_data_req) refers to nrf_dfu.o(i.nrf_dfu_wait) for nrf_dfu_wait
    dfu_req_handling.o(i.nrf_dfu_data_req) refers to dfu_req_handling.o(i.nrf_dfu_postvalidate) for nrf_dfu_postvalidate
    dfu_req_handling.o(i.nrf_dfu_data_req) refers to dfu_req_handling.o(.data) for .data
    dfu_req_handling.o(i.nrf_dfu_data_req) refers to nrf_dfu_settings.o(.bss) for s_dfu_settings
[...]
    nrf_dfu_command_req                      0x0007b009   Thumb Code   288  dfu_req_handling.o(i.nrf_dfu_command_req)
    i.nrf_dfu_continue                       0x0007b138   Section        0  nrf_dfu_utils.o(i.nrf_dfu_continue)
    i.nrf_dfu_continue_bank                  0x0007b16c   Section        0  nrf_dfu_utils.o(i.nrf_dfu_continue_bank)
    nrf_dfu_continue_bank                    0x0007b16d   Thumb Code   110  nrf_dfu_utils.o(i.nrf_dfu_continue_bank)
    i.nrf_dfu_data_req                       0x0007b1e4   Section        0  dfu_req_handling.o(i.nrf_dfu_data_req)
    nrf_dfu_data_req                         0x0007b1e5   Thumb Code   614  dfu_req_handling.o(i.nrf_dfu_data_req)
    i.nrf_dfu_enter_check                    0x0007b45c   Section        0  nrf_dfu.o(i.nrf_dfu_enter_check)
    i.nrf_dfu_find_cache                     0x0007b4a0   Section        0  nrf_dfu_utils.o(i.nrf_dfu_find_cache)
    i.nrf_dfu_flash_erase                    0x0007b510   Section        0  nrf_dfu_flash.o(i.nrf_dfu_flash_erase)
    i.nrf_dfu_flash_init                     0x0007b5a8   Section        0  nrf_dfu_flash.o(i.nrf_dfu_flash_init)
    i.nrf_dfu_flash_store                    0x0007b5d4   Section        0  nrf_dfu_flash.o(i.nrf_dfu_flash_store)
    i.nrf_dfu_init                           0x0007b660   Section        0  nrf_dfu.o(i.nrf_dfu_init)
    i.nrf_dfu_invalidate_bank                0x0007b6f0   Section        0  nrf_dfu_utils.o(i.nrf_dfu_invalidate_bank)
    nrf_dfu_invalidate_bank                  0x0007b6f1   Thumb Code    20  nrf_dfu_utils.o(i.nrf_dfu_invalidate_bank)
    i.nrf_dfu_mbr_compare                    0x0007b708   Section        0  nrf_dfu_mbr.o(i.nrf_dfu_mbr_compare)
    i.nrf_dfu_mbr_copy_bl                    0x0007b724   Section        0  nrf_dfu_mbr.o(i.nrf_dfu_mbr_copy_bl)
    i.nrf_dfu_mbr_copy_sd                    0x0007b73c   Section        0  nrf_dfu_mbr.o(i.nrf_dfu_mbr_copy_sd)
    i.nrf_dfu_mbr_init_sd                    0x0007b760   Section        0  nrf_dfu_mbr.o(i.nrf_dfu_mbr_init_sd)
    i.nrf_dfu_postvalidate                   0x0007b778   Section        0  dfu_req_handling.o(i.nrf_dfu_postvalidate)
    nrf_dfu_postvalidate                     0x0007b779   Thumb Code   404  dfu_req_handling.o(i.nrf_dfu_postvalidate)
    i.nrf_dfu_req_handler_init               0x0007b920   Section        0  dfu_req_handling.o(i.nrf_dfu_req_handler_init)
    i.nrf_dfu_req_handler_on_req             0x0007b978   Section        0  dfu_req_handling.o(i.nrf_dfu_req_handler_on_req)
    i.nrf_dfu_req_handler_reset_if_dfu_complete 0x0007b9b8   Section        0  dfu_req_handling.o(i.nrf_dfu_req_handler_reset_if_dfu_complete)
    i.nrf_dfu_sd_continue_impl               0x0007b9d4   Section        0  nrf_dfu_utils.o(i.nrf_dfu_sd_continue_impl)
    nrf_dfu_sd_continue_impl                 0x0007b9d5   Thumb Code   136  nrf_dfu_utils.o(i.nrf_dfu_sd_continue_impl)
    i.nrf_dfu_settings_calculate_crc         0x0007ba60   Section        0  nrf_dfu_settings.o(i.nrf_dfu_settings_calculate_crc)
    i.nrf_dfu_settings_init                  0x0007ba70   Section        0  nrf_dfu_settings.o(i.nrf_dfu_settings_init)
    i.nrf_dfu_settings_write                 0x0007bac4   Section        0  nrf_dfu_settings.o(i.nrf_dfu_settings_write)
    i.nrf_dfu_transports_close               0x0007bb3c   Section        0  nrf_dfu_transport.o(i.nrf_dfu_transports_close)
    i.nrf_dfu_transports_init                0x0007bb68   Section        0  nrf_dfu_transport.o(i.nrf_dfu_transports_init)
    i.nrf_dfu_wait                           0x0007bb94   Section        0  nrf_dfu.o(i.nrf_dfu_wait)
    i.nrf_drv_rng_stop                       0x0007bb9c   Section        0  nrf_drv_rng.o(i.nrf_drv_rng_stop)
    nrf_drv_rng_stop                         0x0007bb9d   Thumb Code    14  nrf_drv_rng.o(i.nrf_drv_rng_stop)
    i.nrf_gpio_cfg                           0x0007bbb0   Section        0  boards.o(i.nrf_gpio_cfg)
    nrf_gpio_cfg                             0x0007bbb1   Thumb Code    36  boards.o(i.nrf_gpio_cfg)
    i.nrf_gpio_cfg_output                    0x0007bbd4   Section        0  nrf_ble_dfu.o(i.nrf_gpio_cfg_output)
    nrf_gpio_cfg_output                      0x0007bbd5   Thumb Code    16  nrf_ble_dfu.o(i.nrf_gpio_cfg_output)
    i.nrf_gpio_pin_set                       0x0007bbe4   Section        0  nrf_ble_dfu.o(i.nrf_gpio_pin_set)
    nrf_gpio_pin_set                         0x0007bbe5   Thumb Code    14  nrf_ble_dfu.o(i.nrf_gpio_pin_set)
    i.nrf_gpio_pin_write                     0x0007bbf2   Section        0  boards.o(i.nrf_gpio_pin_write)
    nrf_gpio_pin_write                       0x0007bbf3   Thumb Code    22  boards.o(i.nrf_gpio_pin_write)
    i.nrf_nvmc_page_erase                    0x0007bc08   Section        0  nrf_nvmc.o(i.nrf_nvmc_page_erase)
    i.nrf_nvmc_write_words                   0x0007bc38   Section        0  nrf_nvmc.o(i.nrf_nvmc_write_words)
    i.nrf_queue_is_full                      0x0007bc74   Section        0  nrf_queue.o(i.nrf_queue_is_full)
    i.nrf_queue_next_idx                     0x0007bc92   Section        0  nrf_queue.o(i.nrf_queue_next_idx)
    nrf_queue_next_idx                       0x0007bc93   Thumb Code    14  nrf_queue.o(i.nrf_queue_next_idx)
    i.nrf_queue_push                         0x0007bca0   Section        0  nrf_queue.o(i.nrf_queue_push)
    i.on_ble_evt                             0x0007bd54   Section        0  nrf_ble_dfu.o(i.on_ble_evt)
    on_ble_evt                               0x0007bd55   Thumb Code   266  nrf_ble_dfu.o(i.on_ble_evt)
    i.on_ctrl_pt_write                       0x0007be68   Section        0  nrf_ble_dfu.o(i.on_ctrl_pt_write)
    on_ctrl_pt_write                         0x0007be69   Thumb Code   242  nrf_ble_dfu.o(i.on_ctrl_pt_write)
    i.on_dfu_complete                        0x0007bf60   Section        0  dfu_req_handling.o(i.on_dfu_complete)
    on_dfu_complete                          0x0007bf61   Thumb Code    20  dfu_req_handling.o(i.on_dfu_complete)
    i.on_operation_success                   0x0007bf78   Section        0  fstorage.o(i.on_operation_success)
    on_operation_success                     0x0007bf79   Thumb Code    80  fstorage.o(i.on_operation_success)
    i.on_rw_authorize_req                    0x0007bfcc   Section        0  nrf_ble_dfu.o(i.on_rw_authorize_req)
    on_rw_authorize_req                      0x0007bfcd   Thumb Code   142  nrf_ble_dfu.o(i.on_rw_authorize_req)
    i.on_write                               0x0007c060   Section        0  nrf_ble_dfu.o(i.on_write)
    on_write                                 0x0007c061   Thumb Code    90  nrf_ble_dfu.o(i.on_write)
    i.pb_dec_bytes                           0x0007c0c0   Section        0  pb_decode.o(i.pb_dec_bytes)
    pb_dec_bytes                             0x0007c0c1   Thumb Code    64  pb_decode.o(i.pb_dec_bytes)
    i.pb_dec_fixed32                         0x0007c100   Section        0  pb_decode.o(i.pb_dec_fixed32)
    pb_dec_fixed32                           0x0007c101   Thumb Code     6  pb_decode.o(i.pb_dec_fixed32)
    i.pb_dec_fixed64                         0x0007c106   Section        0  pb_decode.o(i.pb_dec_fixed64)
    pb_dec_fixed64                           0x0007c107   Thumb Code     6  pb_decode.o(i.pb_dec_fixed64)
    i.pb_dec_string                          0x0007c10c   Section        0  pb_decode.o(i.pb_dec_string)
    pb_dec_string                            0x0007c10d   Thumb Code    62  pb_decode.o(i.pb_dec_string)
    i.pb_dec_submessage                      0x0007c14a   Section        0  pb_decode.o(i.pb_dec_submessage)
    pb_dec_submessage                        0x0007c14b   Thumb Code    64  pb_decode.o(i.pb_dec_submessage)
    i.pb_dec_svarint                         0x0007c18a   Section        0  pb_decode.o(i.pb_dec_svarint)
    pb_dec_svarint                           0x0007c18b   Thumb Code    88  pb_decode.o(i.pb_dec_svarint)
    i.pb_dec_uvarint                         0x0007c1e2   Section        0  pb_decode.o(i.pb_dec_uvarint)
    pb_dec_uvarint                           0x0007c1e3   Thumb Code    88  pb_decode.o(i.pb_dec_uvarint)
    i.pb_dec_varint                          0x0007c23a   Section        0  pb_decode.o(i.pb_dec_varint)
    pb_dec_varint                            0x0007c23b   Thumb Code    90  pb_decode.o(i.pb_dec_varint)
    i.pb_decode                              0x0007c294   Section        0  pb_decode.o(i.pb_decode)
    i.pb_decode_fixed32                      0x0007c2b2   Section        0  pb_decode.o(i.pb_decode_fixed32)
    i.pb_decode_fixed64                      0x0007c2d2   Section        0  pb_decode.o(i.pb_decode_fixed64)
    i.pb_decode_noinit                       0x0007c330   Section        0  pb_decode.o(i.pb_decode_noinit)
    i.pb_decode_svarint                      0x0007c4b6   Section        0  pb_decode.o(i.pb_decode_svarint)
    i.pb_decode_tag                          0x0007c4f0   Section        0  pb_decode.o(i.pb_decode_tag)
    i.pb_decode_varint                       0x0007c532   Section        0  pb_decode.o(i.pb_decode_varint)
    i.pb_decode_varint32                     0x0007c57c   Section        0  pb_decode.o(i.pb_decode_varint32)
    pb_decode_varint32                       0x0007c57d   Thumb Code    76  pb_decode.o(i.pb_decode_varint32)
    i.pb_decoding_callback                   0x0007c5c8   Section        0  dfu_req_handling.o(i.pb_decoding_callback)
    pb_decoding_callback                     0x0007c5c9   Thumb Code    26  dfu_req_handling.o(i.pb_decoding_callback)
    i.pb_field_iter_begin                    0x0007c5ec   Section        0  pb_common.o(i.pb_field_iter_begin)
    i.pb_field_iter_find                     0x0007c60e   Section        0  pb_common.o(i.pb_field_iter_find)
    i.pb_field_iter_next                     0x0007c63c   Section        0  pb_common.o(i.pb_field_iter_next)
    i.pb_field_set_to_default                0x0007c6bc   Section        0  pb_decode.o(i.pb_field_set_to_default)
    pb_field_set_to_default                  0x0007c6bd   Thumb Code   164  pb_decode.o(i.pb_field_set_to_default)
    i.pb_istream_from_buffer                 0x0007c760   Section        0  pb_decode.o(i.pb_istream_from_buffer)
    i.pb_make_string_substream               0x0007c774   Section        0  pb_decode.o(i.pb_make_string_substream)
    i.pb_message_set_to_defaults             0x0007c7aa   Section        0  pb_decode.o(i.pb_message_set_to_defaults)
    pb_message_set_to_defaults               0x0007c7ab   Thumb Code    38  pb_decode.o(i.pb_message_set_to_defaults)
    i.pb_read                                0x0007c7d0   Section        0  pb_decode.o(i.pb_read)
    i.pb_readbyte                            0x0007c828   Section        0  pb_decode.o(i.pb_readbyte)
    pb_readbyte                              0x0007c829   Thumb Code    32  pb_decode.o(i.pb_readbyte)
    i.pb_skip_field                          0x0007c848   Section        0  pb_decode.o(i.pb_skip_field)
    i.queue_advance                          0x0007c8a4   Section        0  fstorage.o(i.queue_advance)
    queue_advance                            0x0007c8a5   Thumb Code    36  fstorage.o(i.queue_advance)
    i.queue_get_next_free                    0x0007c8d0   Section        0  fstorage.o(i.queue_get_next_free)
    queue_get_next_free                      0x0007c8d1   Thumb Code    52  fstorage.o(i.queue_get_next_free)
    i.queue_process                          0x0007c908   Section        0  fstorage.o(i.queue_process)
    queue_process                            0x0007c909   Thumb Code   104  fstorage.o(i.queue_process)
    i.queue_start                            0x0007c978   Section        0  fstorage.o(i.queue_start)
    queue_start                              0x0007c979   Thumb Code    22  fstorage.o(i.queue_start)
    i.queue_utilization_get                  0x0007c994   Section        0  nrf_queue.o(i.queue_utilization_get)
    queue_utilization_get                    0x0007c995   Thumb Code    24  nrf_queue.o(i.queue_utilization_get)
    i.read_raw_value                         0x0007c9ac   Section        0  pb_decode.o(i.read_raw_value)
    read_raw_value                           0x0007c9ad   Thumb Code    98  pb_decode.o(i.read_raw_value)
    i.reset_delay_timer_handler              0x0007ca10   Section        0  nrf_dfu.o(i.reset_delay_timer_handler)
    reset_delay_timer_handler                0x0007ca11   Thumb Code    26  nrf_dfu.o(i.reset_delay_timer_handler)
    i.reset_device                           0x0007ca34   Section        0  dfu_req_handling.o(i.reset_device)
    reset_device                             0x0007ca35   Thumb Code    30  dfu_req_handling.o(i.reset_device)
    i.reset_device_callback                  0x0007ca5c   Section        0  nrf_dfu_utils.o(i.reset_device_callback)
    reset_device_callback                    0x0007ca5d   Thumb Code    38  nrf_dfu_utils.o(i.reset_device_callback)
    i.response_crc_cmd_send                  0x0007ca88   Section        0  nrf_ble_dfu.o(i.response_crc_cmd_send)
    response_crc_cmd_send                    0x0007ca89   Thumb Code    86  nrf_ble_dfu.o(i.response_crc_cmd_send)
    i.response_select_object_cmd_send        0x0007cae8   Section        0  nrf_ble_dfu.o(i.response_select_object_cmd_send)
    response_select_object_cmd_send          0x0007cae9   Thumb Code    98  nrf_ble_dfu.o(i.response_select_object_cmd_send)
    i.response_send                          0x0007cb54   Section        0  nrf_ble_dfu.o(i.response_send)
    response_send                            0x0007cb55   Thumb Code    82  nrf_ble_dfu.o(i.response_send)
    i.rtc1_stop                              0x0007cbb0   Section        0  app_timer.o(i.rtc1_stop)
    rtc1_stop                                0x0007cbb1   Thumb Code    52  app_timer.o(i.rtc1_stop)
    i.sd_nvic_EnableIRQ                      0x0007cbec   Section        0  softdevice_handler.o(i.sd_nvic_EnableIRQ)
    sd_nvic_EnableIRQ                        0x0007cbed   Thumb Code   106  softdevice_handler.o(i.sd_nvic_EnableIRQ)
    i.send_event                             0x0007cc5c   Section        0  fstorage.o(i.send_event)
    send_event                               0x0007cc5d   Thumb Code    76  fstorage.o(i.send_event)
    i.send_hvx                               0x0007cca8   Section        0  nrf_ble_dfu.o(i.send_hvx)
    send_hvx                                 0x0007cca9   Thumb Code    36  nrf_ble_dfu.o(i.send_hvx)
    i.sha256_final                           0x0007ccd0   Section        0  sha256.o(i.sha256_final)
    i.sha256_init                            0x0007cde0   Section        0  sha256.o(i.sha256_init)
    i.sha256_transform                       0x0007ce34   Section        0  sha256.o(i.sha256_transform)
    i.sha256_update                          0x0007cf60   Section        0  sha256.o(i.sha256_update)
    i.softdevice_app_ram_start_get           0x0007cfb4   Section        0  softdevice_handler.o(i.softdevice_app_ram_start_get)
    i.softdevice_ble_evt_handler_set         0x0007cfc8   Section        0  softdevice_handler.o(i.softdevice_ble_evt_handler_set)
    i.softdevice_enable                      0x0007cfdc   Section        0  softdevice_handler.o(i.softdevice_enable)
    i.softdevice_evt_get                     0x0007cfe8   Section        0  softdevice_handler_appsh.o(i.softdevice_evt_get)
    i.softdevice_evt_schedule                0x0007cffc   Section        0  softdevice_handler_appsh.o(i.softdevice_evt_schedule)
    i.softdevice_fault_handler               0x0007d00c   Section        0  softdevice_handler.o(i.softdevice_fault_handler)
    i.softdevice_handler_init                0x0007d010   Section        0  softdevice_handler.o(i.softdevice_handler_init)
    i.softdevice_handler_is_enabled          0x0007d070   Section        0  softdevice_handler.o(i.softdevice_handler_is_enabled)
    i.softdevice_sys_evt_handler_set         0x0007d07c   Section        0  softdevice_handler.o(i.softdevice_sys_evt_handler_set)
    i.timeout_handler_scheduled_exec         0x0007d090   Section        0  app_timer.o(i.timeout_handler_scheduled_exec)
    timeout_handler_scheduled_exec           0x0007d091   Thumb Code    24  app_timer.o(i.timeout_handler_scheduled_exec)
    i.timer_list_handler                     0x0007d0a8   Section        0  app_timer.o(i.timer_list_handler)
    timer_list_handler                       0x0007d0a9   Thumb Code   122  app_timer.o(i.timer_list_handler)
    i.timer_list_insert                      0x0007d128   Section        0  app_timer.o(i.timer_list_insert)
    timer_list_insert                        0x0007d129   Thumb Code    56  app_timer.o(i.timer_list_insert)
    i.timer_list_remove                      0x0007d164   Section        0  app_timer.o(i.timer_list_remove)
    timer_list_remove                        0x0007d165   Thumb Code    88  app_timer.o(i.timer_list_remove)
    i.timer_stop_op_schedule                 0x0007d1c4   Section        0  app_timer.o(i.timer_stop_op_schedule)
    timer_stop_op_schedule                   0x0007d1c5   Thumb Code    68  app_timer.o(i.timer_stop_op_schedule)
    i.timer_timeouts_check                   0x0007d20c   Section        0  app_timer.o(i.timer_timeouts_check)
    timer_timeouts_check                     0x0007d20d   Thumb Code   124  app_timer.o(i.timer_timeouts_check)
    i.uint32_encode                          0x0007d294   Section        0  nrf_ble_dfu.o(i.uint32_encode)
    uint32_encode                            0x0007d295   Thumb Code    18  nrf_ble_dfu.o(i.uint32_encode)
    i.update_timeout_handler                 0x0007d2a8   Section        0  ble_conn_params.o(i.update_timeout_handler)
    update_timeout_handler                   0x0007d2a9   Thumb Code    88  ble_conn_params.o(i.update_timeout_handler)
    i.user_op_alloc                          0x0007d308   Section        0  app_timer.o(i.user_op_alloc)
    user_op_alloc                            0x0007d309   Thumb Code    42  app_timer.o(i.user_op_alloc)
    i.wait_for_queue                         0x0007d338   Section        0  nrf_dfu_settings.o(i.wait_for_queue)
    wait_for_queue                           0x0007d339   Thumb Code    18  nrf_dfu_settings.o(i.wait_for_queue)
    .constdata                               0x0007d34a   Section        1  dfu-cc.pb.o(.constdata)
    .constdata                               0x0007d34c   Section       36  dfu-cc.pb.o(.constdata)
    .constdata                               0x0007d370   Section      120  dfu-cc.pb.o(.constdata)
    .constdata                               0x0007d3e8   Section       24  dfu-cc.pb.o(.constdata)
    .constdata                               0x0007d400   Section       48  dfu-cc.pb.o(.constdata)
    .constdata                               0x0007d430   Section       48  dfu-cc.pb.o(.constdata)
    .constdata                               0x0007d460   Section       36  dfu-cc.pb.o(.constdata)
    .constdata                               0x0007d484   Section       64  dfu_public_key.o(.constdata)
    .constdata                               0x0007d4c4   Section        5  dfu_req_handling.o(.constdata)
    .constdata                               0x0007d4c9   Section        8  boards.o(.constdata)
    m_board_led_list                         0x0007d4c9   Data           4  boards.o(.constdata)
    m_board_btn_list                         0x0007d4cd   Data           4  boards.o(.constdata)
    .constdata                               0x0007d4d4   Section        4  ble_conn_params.o(.constdata)
    m_conn_params_timer_id                   0x0007d4d4   Data           4  ble_conn_params.o(.constdata)
    .constdata                               0x0007d4d8   Section       20  nrf_ble_dfu.o(.constdata)
    .constdata                               0x0007d4ec   Section       16  nrf_dfu_flash.o(.constdata)
    .constdata                               0x0007d4fc   Section       64  nrf_dfu_mbr.o(.constdata)
    .constdata                               0x0007d53c   Section        4  nrf_dfu_utils.o(.constdata)
    .constdata                               0x0007d540   Section       24  nrf_drv_rng.o(.constdata)
    m_default_config                         0x0007d540   Data           2  nrf_drv_rng.o(.constdata)
    m_rand_pool                              0x0007d544   Data          20  nrf_drv_rng.o(.constdata)
    .constdata                               0x0007d558   Section      256  sha256.o(.constdata)
    k                                        0x0007d558   Data         256  sha256.o(.constdata)
    .constdata                               0x0007d658   Section        8  nrf_crypto_sw_hash.o(.constdata)
    .constdata                               0x0007d660   Section       36  pb_decode.o(.constdata)
    PB_DECODERS                              0x0007d660   Data          36  pb_decode.o(.constdata)
    [Anonymous Symbol]                       0x0007d684   Section        0  micro_ecc_lib_uECC.c.o(.rodata.curve_secp256r1)
    curve_secp256r1                          0x0007d684   Data         176  micro_ecc_lib_uECC.c.o(.rodata.curve_secp256r1)
    dfu_trans                                0x0007d754   Section        8  nrf_ble_dfu.o(dfu_trans)
    __tagsym$$used                           0x0007d754   Number         0  nrf_ble_dfu.o(dfu_trans)
    dfu_trans                                0x0007d754   Data           8  nrf_ble_dfu.o(dfu_trans)
    .ARM.__AT_0x0007E000                     0x0007e000   Section     4096  nrf_dfu_settings.o(.ARM.__AT_0x0007E000)
    __tagsym$$used                           0x0007e000   Number         0  nrf_dfu_settings.o(.ARM.__AT_0x0007E000)
    .ARM.__AT_0x0007F000                     0x0007f000   Section     4096  nrf_dfu_settings.o(.ARM.__AT_0x0007F000)
    __tagsym$$used                           0x0007f000   Number         0  nrf_dfu_settings.o(.ARM.__AT_0x0007F000)
    .ARM.__AT_0x10001014                     0x10001014   Section        4  nrf_bootloader_info.o(.ARM.__AT_0x10001014)
    .ARM.__AT_0x10001018                     0x10001018   Section        4  nrf_dfu_settings.o(.ARM.__AT_0x10001018)
    .data                                    0x20002060   Section       60  dfu_req_handling.o(.data)
    cur_obj_type                             0x20002060   Data           1  dfu_req_handling.o(.data)
    m_current_data_buffer                    0x20002061   Data           1  dfu_req_handling.o(.data)
    m_valid_init_packet_present              0x20002062   Data           1  dfu_req_handling.o(.data)
    m_is_dfu_complete_response_sent          0x20002063   Data           1  dfu_req_handling.o(.data)
    m_dfu_finished_settings_write_state      0x20002064   Data           1  dfu_req_handling.o(.data)
    m_data_buf_pos                           0x20002066   Data           2  dfu_req_handling.o(.data)
    m_flash_operations_pending               0x20002068   Data           4  dfu_req_handling.o(.data)
    m_firmware_start_addr                    0x2000206c   Data           4  dfu_req_handling.o(.data)
    m_firmware_size_req                      0x20002070   Data           4  dfu_req_handling.o(.data)
    crypto_key_pk                            0x20002074   Data           8  dfu_req_handling.o(.data)
    crypto_sig                               0x2000207c   Data           8  dfu_req_handling.o(.data)
    init_packet_hash                         0x20002084   Data           8  dfu_req_handling.o(.data)
    fw_hash                                  0x2000208c   Data           8  dfu_req_handling.o(.data)
    init_packet_data                         0x20002094   Data           8  dfu_req_handling.o(.data)
    .data                                    0x2000209c   Section       20  ble_conn_params.o(.data)
    m_change_param                           0x2000209c   Data           1  ble_conn_params.o(.data)
    m_update_count                           0x2000209d   Data           1  ble_conn_params.o(.data)
    m_conn_handle                            0x2000209e   Data           2  ble_conn_params.o(.data)
    m_preferred_conn_params                  0x200020a0   Data           8  ble_conn_params.o(.data)
    m_current_conn_params                    0x200020a8   Data           8  ble_conn_params.o(.data)
    .data                                    0x200020b0   Section       12  nrf_ble_dfu.o(.data)
    m_conn_handle                            0x200020b0   Data           2  nrf_ble_dfu.o(.data)
    m_pkt_notif_target                       0x200020b2   Data           2  nrf_ble_dfu.o(.data)
    m_pkt_notif_target_cnt                   0x200020b4   Data           2  nrf_ble_dfu.o(.data)
    m_flags                                  0x200020b8   Data           4  nrf_ble_dfu.o(.data)
    .data                                    0x200020bc   Section        4  nrf_dfu_flash.o(.data)
    m_flags                                  0x200020bc   Data           4  nrf_dfu_flash.o(.data)
    .data                                    0x200020c0   Section        1  nrf_dfu_handling_error.o(.data)
    m_last_error                             0x200020c0   Data           1  nrf_dfu_handling_error.o(.data)
    .data                                    0x200020c4   Section        8  nrf_dfu_settings.o(.data)
    flash_operation_pending                  0x200020c4   Data           1  nrf_dfu_settings.o(.data)
    m_callback                               0x200020c8   Data           4  nrf_dfu_settings.o(.data)
    .data                                    0x200020cc   Section       16  app_scheduler.o(.data)
    m_queue_start_index                      0x200020cc   Data           1  app_scheduler.o(.data)
    m_queue_end_index                        0x200020cd   Data           1  app_scheduler.o(.data)
    m_queue_event_size                       0x200020ce   Data           2  app_scheduler.o(.data)
    m_queue_size                             0x200020d0   Data           2  app_scheduler.o(.data)
    m_queue_event_headers                    0x200020d4   Data           4  app_scheduler.o(.data)
    m_queue_event_data                       0x200020d8   Data           4  app_scheduler.o(.data)
    .data                                    0x200020dc   Section       20  app_timer.o(.data)
    m_ticks_elapsed_q_read_ind               0x200020dc   Data           1  app_timer.o(.data)
    m_ticks_elapsed_q_write_ind              0x200020dd   Data           1  app_timer.o(.data)
    m_rtc1_running                           0x200020de   Data           1  app_timer.o(.data)
    m_rtc1_reset                             0x200020df   Data           1  app_timer.o(.data)
    mp_timer_id_head                         0x200020e0   Data           4  app_timer.o(.data)
    m_ticks_latest                           0x200020e4   Data           4  app_timer.o(.data)
    m_ticks_elapsed                          0x200020e8   Data           8  app_timer.o(.data)
    .data                                    0x200020f0   Section        2  fstorage.o(.data)
    m_flags                                  0x200020f0   Data           1  fstorage.o(.data)
    m_retry_count                            0x200020f1   Data           1  fstorage.o(.data)
    .data                                    0x200020f4   Section       20  softdevice_handler.o(.data)
    m_softdevice_enabled                     0x200020f4   Data           1  softdevice_handler.o(.data)
    m_suspended                              0x200020f5   Data           1  softdevice_handler.o(.data)
    m_ble_evt_buffer_size                    0x200020f6   Data           2  softdevice_handler.o(.data)
    m_evt_schedule_func                      0x200020f8   Data           4  softdevice_handler.o(.data)
    m_sys_evt_handler                        0x200020fc   Data           4  softdevice_handler.o(.data)
    mp_ble_evt_buffer                        0x20002100   Data           4  softdevice_handler.o(.data)
    m_ble_evt_handler                        0x20002104   Data           4  softdevice_handler.o(.data)
    .data                                    0x20002108   Section        4  system_nrf52.o(.data)
    __tagsym$$used                           0x20002108   Number         0  system_nrf52.o(.data)
    fs_data                                  0x2000210c   Section       16  nrf_dfu_flash.o(fs_data)
    __tagsym$$used                           0x2000210c   Number         0  nrf_dfu_flash.o(fs_data)
    fs_dfu_config                            0x2000210c   Data          16  nrf_dfu_flash.o(fs_data)
    .bss                                     0x2000211c   Section     1340  dfu_req_handling.o(.bss)
    packet                                   0x2000211c   Data         300  dfu_req_handling.o(.bss)
    m_data_buf                               0x20002248   Data        1024  dfu_req_handling.o(.bss)
    stream                                   0x20002648   Data          16  dfu_req_handling.o(.bss)
    .bss                                     0x20002658   Section       64  dfu_req_handling.o(.bss)
    crypto_sig_buffer                        0x20002658   Data          64  dfu_req_handling.o(.bss)
    .bss                                     0x20002698   Section       32  dfu_req_handling.o(.bss)
    init_packet_hash_buffer                  0x20002698   Data          32  dfu_req_handling.o(.bss)
    .bss                                     0x200026b8   Section       32  dfu_req_handling.o(.bss)
    fw_hash_buffer                           0x200026b8   Data          32  dfu_req_handling.o(.bss)
    .bss                                     0x200026d8   Section       32  ble_conn_params.o(.bss)
    m_conn_params_timer_id_data              0x200026d8   Data          32  ble_conn_params.o(.bss)
    .bss                                     0x200026f8   Section       28  ble_conn_params.o(.bss)
    m_conn_params_config                     0x200026f8   Data          28  ble_conn_params.o(.bss)
    .bss                                     0x20002714   Section      117  nrf_ble_dfu.o(.bss)
    BLE_EVT_BUFFER                           0x20002714   Data          80  nrf_ble_dfu.o(.bss)
    m_dfu                                    0x20002764   Data          20  nrf_ble_dfu.o(.bss)
    m_notif_buffer                           0x20002778   Data          17  nrf_ble_dfu.o(.bss)
    .bss                                     0x2000278c   Section      336  nrf_dfu.o(.bss)
    APP_SCHED_BUF                            0x2000278c   Data         336  nrf_dfu.o(.bss)
    .bss                                     0x200028dc   Section      696  nrf_dfu_settings.o(.bss)
    temp_dfu_settings                        0x200028dc   Data         348  nrf_dfu_settings.o(.bss)
    .bss                                     0x20002b94   Section       32  nrf_dfu_utils.o(.bss)
    nrf_dfu_utils_reset_delay_timer_data     0x20002b94   Data          32  nrf_dfu_utils.o(.bss)
    .bss                                     0x20002bb4   Section       33  nrf_drv_rng.o(.bss)
    m_rand_pool_nrf_queue_buffer             0x20002bb4   Data          33  nrf_drv_rng.o(.bss)
    .bss                                     0x20002bd8   Section       12  nrf_drv_rng.o(.bss)
    m_rand_pool_nrf_queue_cb                 0x20002bd8   Data          12  nrf_drv_rng.o(.bss)
    .bss                                     0x20002be4   Section      268  app_timer.o(.bss)
    m_op_queue                               0x20002be4   Data         268  app_timer.o(.bss)
    .bss                                     0x20002cf0   Section       12  app_util_platform.o(.bss)
    .bss                                     0x20002cfc   Section      104  fstorage.o(.bss)
    m_queue                                  0x20002cfc   Data         104  fstorage.o(.bss)
    STACK                                    0x20002d68   Section     8192  arm_startup_nrf52.o(STACK)

    Global Symbols

    Symbol Name                              Value     Ov Type        Size  Object(Section)

    BuildAttributes$$THM_ISAv4$E$P$D$K$B$S$7EM$VFPi3$EXTD16$VFPS$VFMA$PE$A:L22UL41UL21$X:L11$S22US41US21$IEEE1$IW$USESV6$~STKCKD$USESV7$~SHL$OSPACE$IEEEX$EBA8$MICROLIB$REQ8$PRES8$EABIv2 0x00000000   Number         0  anon$$obj.o ABSOLUTE
    __ARM_use_no_argv                        0x00000000   Number         0  main.o ABSOLUTE
    __cpp_initialize__aeabi_                  - Undefined Weak Reference
    __cxa_finalize                            - Undefined Weak Reference
    __decompress                              - Undefined Weak Reference
    _clock_init                               - Undefined Weak Reference
    _microlib_exit                            - Undefined Weak Reference
    __Vectors_Size                           0x00000200   Number         0  arm_startup_nrf52.o ABSOLUTE
    Image$$ER_IROM1$$Base                    0x00078000   Number         0  anon$$obj.o ABSOLUTE
    __Vectors                                0x00078000   Data           4  arm_startup_nrf52.o(RESET)
    __Vectors_End                            0x00078200   Data           0  arm_startup_nrf52.o(RESET)
    __main                                   0x00078201   Thumb Code     0  entry.o(.ARM.Collect$$$$00000000)
    _main_stk                                0x00078201   Thumb Code     0  entry2.o(.ARM.Collect$$$$00000001)
    _main_scatterload                        0x00078205   Thumb Code     0  entry5.o(.ARM.Collect$$$$00000004)
    __main_after_scatterload                 0x00078209   Thumb Code     0  entry5.o(.ARM.Collect$$$$00000004)
    _main_clock                              0x00078209   Thumb Code     0  entry7b.o(.ARM.Collect$$$$00000008)
    _main_cpp_init                           0x00078209   Thumb Code     0  entry8b.o(.ARM.Collect$$$$0000000A)
    _main_init                               0x00078209   Thumb Code     0  entry9a.o(.ARM.Collect$$$$0000000B)
    __rt_final_cpp                           0x00078211   Thumb Code     0  entry10a.o(.ARM.Collect$$$$0000000D)
    __rt_final_exit                          0x00078211   Thumb Code     0  entry11a.o(.ARM.Collect$$$$0000000F)
    nrf_bootloader_app_start_impl            0x00078215   Thumb Code    64  nrf_bootloader_app_start_asm.o(.emb_text)
    Reset_Handler                            0x00078255   Thumb Code     8  arm_startup_nrf52.o(.text)
    NMI_Handler                              0x0007825d   Thumb Code     2  arm_startup_nrf52.o(.text)
    HardFault_Handler                        0x0007825f   Thumb Code     2  arm_startup_nrf52.o(.text)
    MemoryManagement_Handler                 0x00078261   Thumb Code     2  arm_startup_nrf52.o(.text)
    BusFault_Handler                         0x00078263   Thumb Code     2  arm_startup_nrf52.o(.text)
    UsageFault_Handler                       0x00078265   Thumb Code     2  arm_startup_nrf52.o(.text)
    SVC_Handler                              0x00078267   Thumb Code     2  arm_startup_nrf52.o(.text)
    DebugMon_Handler                         0x00078269   Thumb Code     2  arm_startup_nrf52.o(.text)
    PendSV_Handler                           0x0007826b   Thumb Code     2  arm_startup_nrf52.o(.text)
    SysTick_Handler                          0x0007826d   Thumb Code     2  arm_startup_nrf52.o(.text)
    CCM_AAR_IRQHandler                       0x0007826f   Thumb Code     0  arm_startup_nrf52.o(.text)
    COMP_LPCOMP_IRQHandler                   0x0007826f   Thumb Code     0  arm_startup_nrf52.o(.text)
    ECB_IRQHandler                           0x0007826f   Thumb Code     0  arm_startup_nrf52.o(.text)
    FPU_IRQHandler                           0x0007826f   Thumb Code     0  arm_startup_nrf52.o(.text)
    GPIOTE_IRQHandler                        0x0007826f   Thumb Code     0  arm_startup_nrf52.o(.text)
    I2S_IRQHandler                           0x0007826f   Thumb Code     0  arm_startup_nrf52.o(.text)
    MWU_IRQHandler                           0x0007826f   Thumb Code     0  arm_startup_nrf52.o(.text)
    NFCT_IRQHandler                          0x0007826f   Thumb Code     0  arm_startup_nrf52.o(.text)
    PDM_IRQHandler                           0x0007826f   Thumb Code     0  arm_startup_nrf52.o(.text)
    POWER_CLOCK_IRQHandler                   0x0007826f   Thumb Code     0  arm_startup_nrf52.o(.text)
    PWM0_IRQHandler                          0x0007826f   Thumb Code     0  arm_startup_nrf52.o(.text)
    PWM1_IRQHandler                          0x0007826f   Thumb Code     0  arm_startup_nrf52.o(.text)
    PWM2_IRQHandler                          0x0007826f   Thumb Code     0  arm_startup_nrf52.o(.text)
    QDEC_IRQHandler                          0x0007826f   Thumb Code     0  arm_startup_nrf52.o(.text)
    RADIO_IRQHandler                         0x0007826f   Thumb Code     0  arm_startup_nrf52.o(.text)
    RTC0_IRQHandler                          0x0007826f   Thumb Code     0  arm_startup_nrf52.o(.text)
    RTC2_IRQHandler                          0x0007826f   Thumb Code     0  arm_startup_nrf52.o(.text)
    SAADC_IRQHandler                         0x0007826f   Thumb Code     0  arm_startup_nrf52.o(.text)
    SPIM0_SPIS0_TWIM0_TWIS0_SPI0_TWI0_IRQHandler 0x0007826f   Thumb Code     0  arm_startup_nrf52.o(.text)
    SPIM1_SPIS1_TWIM1_TWIS1_SPI1_TWI1_IRQHandler 0x0007826f   Thumb Code     0  arm_startup_nrf52.o(.text)
    SPIM2_SPIS2_SPI2_IRQHandler              0x0007826f   Thumb Code     0  arm_startup_nrf52.o(.text)
    SWI1_EGU1_IRQHandler                     0x0007826f   Thumb Code     0  arm_startup_nrf52.o(.text)
    SWI3_EGU3_IRQHandler                     0x0007826f   Thumb Code     0  arm_startup_nrf52.o(.text)
    SWI4_EGU4_IRQHandler                     0x0007826f   Thumb Code     0  arm_startup_nrf52.o(.text)
    SWI5_EGU5_IRQHandler                     0x0007826f   Thumb Code     0  arm_startup_nrf52.o(.text)
    TEMP_IRQHandler                          0x0007826f   Thumb Code     0  arm_startup_nrf52.o(.text)
    TIMER0_IRQHandler                        0x0007826f   Thumb Code     0  arm_startup_nrf52.o(.text)
    TIMER1_IRQHandler                        0x0007826f   Thumb Code     0  arm_startup_nrf52.o(.text)
    TIMER2_IRQHandler                        0x0007826f   Thumb Code     0  arm_startup_nrf52.o(.text)
    TIMER3_IRQHandler                        0x0007826f   Thumb Code     0  arm_startup_nrf52.o(.text)
    TIMER4_IRQHandler                        0x0007826f   Thumb Code     0  arm_startup_nrf52.o(.text)
    UARTE0_UART0_IRQHandler                  0x0007826f   Thumb Code     0  arm_startup_nrf52.o(.text)
    WDT_IRQHandler                           0x0007826f   Thumb Code     0  arm_startup_nrf52.o(.text)
    __aeabi_llsl                             0x00078279   Thumb Code    30  llshl.o(.text)
    _ll_shift_l                              0x00078279   Thumb Code     0  llshl.o(.text)
    __aeabi_memcpy                           0x00078297   Thumb Code    36  memcpya.o(.text)
    __aeabi_memcpy4                          0x00078297   Thumb Code     0  memcpya.o(.text)
    __aeabi_memcpy8                          0x00078297   Thumb Code     0  memcpya.o(.text)
    __aeabi_memset                           0x000782bb   Thumb Code    14  memseta.o(.text)
    __aeabi_memset4                          0x000782bb   Thumb Code     0  memseta.o(.text)
    __aeabi_memset8                          0x000782bb   Thumb Code     0  memseta.o(.text)
    __aeabi_memclr                           0x000782c9   Thumb Code     4  memseta.o(.text)
    __aeabi_memclr4                          0x000782c9   Thumb Code     0  memseta.o(.text)
    __aeabi_memclr8                          0x000782c9   Thumb Code     0  memseta.o(.text)
    memset                                   0x000782cd   Thumb Code    18  memseta.o(.text)
    memcmp                                   0x000782df   Thumb Code    26  memcmp.o(.text)
    __scatterload                            0x000782f9   Thumb Code    28  init.o(.text)
    __scatterload_rt2                        0x000782f9   Thumb Code     0  init.o(.text)
    uECC_secp256r1                           0x0007860d   Thumb Code     8  micro_ecc_lib_uECC.c.o(.text.uECC_secp256r1)
    uECC_verify                              0x00078615   Thumb Code   724  micro_ecc_lib_uECC.c.o(.text.uECC_verify)
    uECC_vli_add                             0x000788f1   Thumb Code    88  micro_ecc_lib_uECC.c.o(.text.uECC_vli_add)
    uECC_vli_clear                           0x00078949   Thumb Code    24  micro_ecc_lib_uECC.c.o(.text.uECC_vli_clear)
    uECC_vli_equal                           0x0007898b   Thumb Code    42  micro_ecc_lib_uECC.c.o(.text.uECC_vli_equal)
    uECC_vli_isZero                          0x000789b5   Thumb Code    30  micro_ecc_lib_uECC.c.o(.text.uECC_vli_isZero)
    uECC_vli_mmod                            0x000789d5   Thumb Code   316  micro_ecc_lib_uECC.c.o(.text.uECC_vli_mmod)
    uECC_vli_modAdd                          0x00078b11   Thumb Code    50  micro_ecc_lib_uECC.c.o(.text.uECC_vli_modAdd)
    uECC_vli_modInv                          0x00078b43   Thumb Code   268  micro_ecc_lib_uECC.c.o(.text.uECC_vli_modInv)
    uECC_vli_modMult                         0x00078c4f   Thumb Code    36  micro_ecc_lib_uECC.c.o(.text.uECC_vli_modMult)
    uECC_vli_modMult_fast                    0x00078c73   Thumb Code    32  micro_ecc_lib_uECC.c.o(.text.uECC_vli_modMult_fast)
    uECC_vli_modSquare_fast                  0x00078c93   Thumb Code    32  micro_ecc_lib_uECC.c.o(.text.uECC_vli_modSquare_fast)
    uECC_vli_modSub                          0x00078cb3   Thumb Code    36  micro_ecc_lib_uECC.c.o(.text.uECC_vli_modSub)
    uECC_vli_mult                            0x00078cd7   Thumb Code   786  micro_ecc_lib_uECC.c.o(.text.uECC_vli_mult)
    uECC_vli_numBits                         0x00078fe9   Thumb Code    68  micro_ecc_lib_uECC.c.o(.text.uECC_vli_numBits)
    uECC_vli_rshift1                         0x0007902d   Thumb Code    26  micro_ecc_lib_uECC.c.o(.text.uECC_vli_rshift1)
    uECC_vli_set                             0x00079047   Thumb Code    26  micro_ecc_lib_uECC.c.o(.text.uECC_vli_set)
    uECC_vli_square                          0x00079061   Thumb Code   652  micro_ecc_lib_uECC.c.o(.text.uECC_vli_square)
    uECC_vli_sub                             0x000792f1   Thumb Code    94  micro_ecc_lib_uECC.c.o(.text.uECC_vli_sub)
    uECC_vli_testBit                         0x00079351   Thumb Code    18  micro_ecc_lib_uECC.c.o(.text.uECC_vli_testBit)
    RNG_IRQHandler                           0x0007965d   Thumb Code    82  nrf_drv_rng.o(i.RNG_IRQHandler)
    RTC1_IRQHandler                          0x000796c1   Thumb Code    32  app_timer.o(i.RTC1_IRQHandler)
    SWI0_EGU0_IRQHandler                     0x000796e5   Thumb Code     4  app_timer.o(i.SWI0_EGU0_IRQHandler)
    SWI2_EGU2_IRQHandler                     0x000796e9   Thumb Code    32  softdevice_handler.o(i.SWI2_EGU2_IRQHandler)
    SystemInit                               0x0007970d   Thumb Code   654  system_nrf52.o(i.SystemInit)
    __scatterload_copy                       0x000799d9   Thumb Code    14  handlers.o(i.__scatterload_copy)
    __scatterload_null                       0x000799e7   Thumb Code     2  handlers.o(i.__scatterload_null)
    __scatterload_zeroinit                   0x000799e9   Thumb Code    14  handlers.o(i.__scatterload_zeroinit)
    app_error_fault_handler                  0x00079af1   Thumb Code     4  main.o(i.app_error_fault_handler)
    app_error_handler_bare                   0x00079af5   Thumb Code     4  main.o(i.app_error_handler_bare)
    app_sched_event_put                      0x00079af9   Thumb Code   154  app_scheduler.o(i.app_sched_event_put)
    app_sched_execute                        0x00079b99   Thumb Code    58  app_scheduler.o(i.app_sched_execute)
    app_sched_init                           0x00079bd9   Thumb Code    40  app_scheduler.o(i.app_sched_init)
    app_timer_create                         0x00079c05   Thumb Code    32  app_timer.o(i.app_timer_create)
    app_timer_init                           0x00079c29   Thumb Code    70  app_timer.o(i.app_timer_init)
    app_timer_start                          0x00079c7d   Thumb Code   128  app_timer.o(i.app_timer_start)
    app_timer_stop                           0x00079d05   Thumb Code    26  app_timer.o(i.app_timer_stop)
    app_util_critical_region_enter           0x00079d25   Thumb Code    64  app_util_platform.o(i.app_util_critical_region_enter)
    app_util_critical_region_exit            0x00079d6d   Thumb Code    46  app_util_platform.o(i.app_util_critical_region_exit)
    ble_conn_params_init                     0x00079da1   Thumb Code    72  ble_conn_params.o(i.ble_conn_params_init)
    ble_conn_params_on_ble_evt               0x00079df9   Thumb Code   120  ble_conn_params.o(i.ble_conn_params_on_ble_evt)
    ble_conn_params_stop                     0x00079e7d   Thumb Code     8  ble_conn_params.o(i.ble_conn_params_stop)
    ble_dfu_init                             0x00079e89   Thumb Code    98  nrf_ble_dfu.o(i.ble_dfu_init)
    ble_dfu_transport_close                  0x00079ef5   Thumb Code    60  nrf_ble_dfu.o(i.ble_dfu_transport_close)
    ble_dfu_transport_init                   0x00079f35   Thumb Code   130  nrf_ble_dfu.o(i.ble_dfu_transport_init)
    ble_srv_is_notification_enabled          0x00079fd7   Thumb Code     8  ble_srv_common.o(i.ble_srv_is_notification_enabled)
    bsp_board_led_off                        0x0007a061   Thumb Code    10  boards.o(i.bsp_board_led_off)
    bsp_board_led_on                         0x0007a071   Thumb Code    10  boards.o(i.bsp_board_led_on)
    bsp_board_leds_init                      0x0007a081   Thumb Code    38  boards.o(i.bsp_board_leds_init)
    bsp_board_leds_off                       0x0007a0ad   Thumb Code    18  boards.o(i.bsp_board_leds_off)
    crc32_compute                            0x0007a209   Thumb Code    54  crc32.o(i.crc32_compute)
    ext_error_get                            0x0007a73d   Thumb Code    10  nrf_dfu_handling_error.o(i.ext_error_get)
    ext_error_set                            0x0007a74d   Thumb Code     8  nrf_dfu_handling_error.o(i.ext_error_set)
    fs_erase                                 0x0007a759   Thumb Code   110  fstorage.o(i.fs_erase)
    fs_fake_init                             0x0007a7f5   Thumb Code    14  fstorage.o(i.fs_fake_init)
    fs_queue_is_full                         0x0007a809   Thumb Code    16  fstorage.o(i.fs_queue_is_full)
    fs_store                                 0x0007a81d   Thumb Code   124  fstorage.o(i.fs_store)
    fs_sys_event_handler                     0x0007a89d   Thumb Code    96  fstorage.o(i.fs_sys_event_handler)
    intern_softdevice_events_execute         0x0007a971   Thumb Code   120  softdevice_handler.o(i.intern_softdevice_events_execute)
    main                                     0x0007ab3d   Thumb Code    44  main.o(i.main)
    nrf_bootloader_app_start                 0x0007ab71   Thumb Code    42  nrf_bootloader_app_start.o(i.nrf_bootloader_app_start)
    nrf_bootloader_init                      0x0007ab9b   Thumb Code     8  nrf_bootloader.o(i.nrf_bootloader_init)
    nrf_crypto_ecdsa_sizes_get               0x0007aba3   Thumb Code   120  nrf_crypto_ecdsa.o(i.nrf_crypto_ecdsa_sizes_get)
    nrf_crypto_ecdsa_verify_hash             0x0007ac1b   Thumb Code   146  micro_ecc_lib_ecdsa.o(i.nrf_crypto_ecdsa_verify_hash)
    nrf_crypto_hash_compute                  0x0007acad   Thumb Code   110  nrf_crypto_sw_hash.o(i.nrf_crypto_hash_compute)
    nrf_crypto_hash_finalize                 0x0007ad21   Thumb Code    70  nrf_crypto_sw_hash.o(i.nrf_crypto_hash_finalize)
    nrf_crypto_hash_init                     0x0007ad67   Thumb Code    40  nrf_crypto_sw_hash.o(i.nrf_crypto_hash_init)
    nrf_crypto_hash_size_get                 0x0007ad8f   Thumb Code    46  nrf_crypto_hash.o(i.nrf_crypto_hash_size_get)
    nrf_crypto_hash_update                   0x0007adbd   Thumb Code    24  nrf_crypto_sw_hash.o(i.nrf_crypto_hash_update)
    nrf_dfu_app_is_valid                     0x0007af95   Thumb Code    42  nrf_dfu_utils.o(i.nrf_dfu_app_is_valid)
    nrf_dfu_continue                         0x0007b139   Thumb Code    46  nrf_dfu_utils.o(i.nrf_dfu_continue)
    nrf_dfu_enter_check                      0x0007b45d   Thumb Code    58  nrf_dfu.o(i.nrf_dfu_enter_check)
    nrf_dfu_find_cache                       0x0007b4a1   Thumb Code   108  nrf_dfu_utils.o(i.nrf_dfu_find_cache)
    nrf_dfu_flash_erase                      0x0007b511   Thumb Code   140  nrf_dfu_flash.o(i.nrf_dfu_flash_erase)
    nrf_dfu_flash_init                       0x0007b5a9   Thumb Code    36  nrf_dfu_flash.o(i.nrf_dfu_flash_init)
    nrf_dfu_flash_store                      0x0007b5d5   Thumb Code   132  nrf_dfu_flash.o(i.nrf_dfu_flash_store)
    nrf_dfu_init                             0x0007b661   Thumb Code   126  nrf_dfu.o(i.nrf_dfu_init)
    nrf_dfu_mbr_compare                      0x0007b709   Thumb Code    24  nrf_dfu_mbr.o(i.nrf_dfu_mbr_compare)
    nrf_dfu_mbr_copy_bl                      0x0007b725   Thumb Code    22  nrf_dfu_mbr.o(i.nrf_dfu_mbr_copy_bl)
    nrf_dfu_mbr_copy_sd                      0x0007b73d   Thumb Code    32  nrf_dfu_mbr.o(i.nrf_dfu_mbr_copy_sd)
    nrf_dfu_mbr_init_sd                      0x0007b761   Thumb Code    18  nrf_dfu_mbr.o(i.nrf_dfu_mbr_init_sd)
    nrf_dfu_req_handler_init                 0x0007b921   Thumb Code    80  dfu_req_handling.o(i.nrf_dfu_req_handler_init)
    nrf_dfu_req_handler_on_req               0x0007b979   Thumb Code    58  dfu_req_handling.o(i.nrf_dfu_req_handler_on_req)
    nrf_dfu_req_handler_reset_if_dfu_complete 0x0007b9b9   Thumb Code    24  dfu_req_handling.o(i.nrf_dfu_req_handler_reset_if_dfu_complete)
    nrf_dfu_settings_calculate_crc           0x0007ba61   Thumb Code    10  nrf_dfu_settings.o(i.nrf_dfu_settings_calculate_crc)
    nrf_dfu_settings_init                    0x0007ba71   Thumb Code    72  nrf_dfu_settings.o(i.nrf_dfu_settings_init)
    nrf_dfu_settings_write                   0x0007bac5   Thumb Code    98  nrf_dfu_settings.o(i.nrf_dfu_settings_write)
    nrf_dfu_transports_close                 0x0007bb3d   Thumb Code    36  nrf_dfu_transport.o(i.nrf_dfu_transports_close)
    nrf_dfu_transports_init                  0x0007bb69   Thumb Code    34  nrf_dfu_transport.o(i.nrf_dfu_transports_init)
    nrf_dfu_wait                             0x0007bb95   Thumb Code     6  nrf_dfu.o(i.nrf_dfu_wait)
    nrf_nvmc_page_erase                      0x0007bc09   Thumb Code    38  nrf_nvmc.o(i.nrf_nvmc_page_erase)
    nrf_nvmc_write_words                     0x0007bc39   Thumb Code    52  nrf_nvmc.o(i.nrf_nvmc_write_words)
    nrf_queue_is_full                        0x0007bc75   Thumb Code    30  nrf_queue.o(i.nrf_queue_is_full)
    nrf_queue_push                           0x0007bca1   Thumb Code   178  nrf_queue.o(i.nrf_queue_push)
    pb_decode                                0x0007c295   Thumb Code    30  pb_decode.o(i.pb_decode)
    pb_decode_fixed32                        0x0007c2b3   Thumb Code    32  pb_decode.o(i.pb_decode_fixed32)
    pb_decode_fixed64                        0x0007c2d3   Thumb Code    92  pb_decode.o(i.pb_decode_fixed64)
    pb_decode_noinit                         0x0007c331   Thumb Code   390  pb_decode.o(i.pb_decode_noinit)
    pb_decode_svarint                        0x0007c4b7   Thumb Code    58  pb_decode.o(i.pb_decode_svarint)
    pb_decode_tag                            0x0007c4f1   Thumb Code    66  pb_decode.o(i.pb_decode_tag)
    pb_decode_varint                         0x0007c533   Thumb Code    74  pb_decode.o(i.pb_decode_varint)
    pb_field_iter_begin                      0x0007c5ed   Thumb Code    34  pb_common.o(i.pb_field_iter_begin)
    pb_field_iter_find                       0x0007c60f   Thumb Code    46  pb_common.o(i.pb_field_iter_find)
    pb_field_iter_next                       0x0007c63d   Thumb Code   128  pb_common.o(i.pb_field_iter_next)
    pb_istream_from_buffer                   0x0007c761   Thumb Code    14  pb_decode.o(i.pb_istream_from_buffer)
    pb_make_string_substream                 0x0007c775   Thumb Code    54  pb_decode.o(i.pb_make_string_substream)
    pb_read                                  0x0007c7d1   Thumb Code    84  pb_decode.o(i.pb_read)
    pb_skip_field                            0x0007c849   Thumb Code    90  pb_decode.o(i.pb_skip_field)
    sha256_final                             0x0007ccd1   Thumb Code   272  sha256.o(i.sha256_final)
    sha256_init                              0x0007cde1   Thumb Code    50  sha256.o(i.sha256_init)
    sha256_transform                         0x0007ce35   Thumb Code   294  sha256.o(i.sha256_transform)
    sha256_update                            0x0007cf61   Thumb Code    84  sha256.o(i.sha256_update)
    softdevice_app_ram_start_get             0x0007cfb5   Thumb Code    14  softdevice_handler.o(i.softdevice_app_ram_start_get)
    softdevice_ble_evt_handler_set           0x0007cfc9   Thumb Code    14  softdevice_handler.o(i.softdevice_ble_evt_handler_set)
    softdevice_enable                        0x0007cfdd   Thumb Code    12  softdevice_handler.o(i.softdevice_enable)
    softdevice_evt_get                       0x0007cfe9   Thumb Code    18  softdevice_handler_appsh.o(i.softdevice_evt_get)
    softdevice_evt_schedule                  0x0007cffd   Thumb Code    10  softdevice_handler_appsh.o(i.softdevice_evt_schedule)
    softdevice_fault_handler                 0x0007d00d   Thumb Code     4  softdevice_handler.o(i.softdevice_fault_handler)
    softdevice_handler_init                  0x0007d011   Thumb Code    88  softdevice_handler.o(i.softdevice_handler_init)
    softdevice_handler_is_enabled            0x0007d071   Thumb Code     6  softdevice_handler.o(i.softdevice_handler_is_enabled)
    softdevice_sys_evt_handler_set           0x0007d07d   Thumb Code    14  softdevice_handler.o(i.softdevice_sys_evt_handler_set)
    dfu_init_command_is_debug_default        0x0007d34a   Data           1  dfu-cc.pb.o(.constdata)
    dfu_hash_fields                          0x0007d34c   Data          36  dfu-cc.pb.o(.constdata)
    dfu_init_command_fields                  0x0007d370   Data         120  dfu-cc.pb.o(.constdata)
    dfu_reset_command_fields                 0x0007d3e8   Data          24  dfu-cc.pb.o(.constdata)
    dfu_command_fields                       0x0007d400   Data          48  dfu-cc.pb.o(.constdata)
    dfu_signed_command_fields                0x0007d430   Data          48  dfu-cc.pb.o(.constdata)
    dfu_packet_fields                        0x0007d460   Data          36  dfu-cc.pb.o(.constdata)
    pk                                       0x0007d484   Data          64  dfu_public_key.o(.constdata)
    hash_info_sha256                         0x0007d4c4   Data           2  dfu_req_handling.o(.constdata)
    sig_info_p256                            0x0007d4c6   Data           3  dfu_req_handling.o(.constdata)
    nrf_dfu_utils_reset_delay_timer          0x0007d53c   Data           4  nrf_dfu_utils.o(.constdata)
    Region$$Table$$Base                      0x0007d734   Number         0  anon$$obj.o(Region$$Table)
    Region$$Table$$Limit                     0x0007d754   Number         0  anon$$obj.o(Region$$Table)
    dfu_trans$$Base                          0x0007d754   Number         0  nrf_ble_dfu.o(dfu_trans)
    dfu_trans$$Limit                         0x0007d75c   Number         0  nrf_ble_dfu.o(dfu_trans)
    m_mbr_params_page                        0x0007e000   Data        4096  nrf_dfu_settings.o(.ARM.__AT_0x0007E000)
    m_dfu_settings_buffer                    0x0007f000   Data        4096  nrf_dfu_settings.o(.ARM.__AT_0x0007F000)
    m_uicr_bootloader_start_address          0x10001014   Data           4  nrf_bootloader_info.o(.ARM.__AT_0x10001014)
    m_uicr_mbr_params_page_address           0x10001018   Data           4  nrf_dfu_settings.o(.ARM.__AT_0x10001018)
    Image$$RW_IRAM1$$Base                    0x20002060   Number         0  anon$$obj.o ABSOLUTE
    SystemCoreClock                          0x20002108   Data           4  system_nrf52.o(.data)
    fs_data$$Base                            0x2000210c   Number         0  nrf_dfu_flash.o(fs_data)
    fs_data$$Limit                           0x2000211c   Number         0  nrf_dfu_flash.o(fs_data)
    s_dfu_settings                           0x20002a38   Data         348  nrf_dfu_settings.o(.bss)
    nrf_nvic_state                           0x20002cf0   Data          12  app_util_platform.o(.bss)
    __initial_sp                             0x20004d68   Data           0  arm_startup_nrf52.o(STACK)



==============================================================================

Memory Map of the image

  Image Entry point : 0x00078201

  Load Region LR_IROM1 (Base: 0x00078000, Size: 0x00005818, Max: 0x00006000, ABSOLUTE)

    Execution Region ER_IROM1 (Base: 0x00078000, Size: 0x0000575c, Max: 0x00006000, ABSOLUTE)

    Base Addr    Size         Type   Attr      Idx    E Section Name        Object

    0x00078000   0x00000200   Data   RO         3301    RESET               arm_startup_nrf52.o
    0x00078200   0x00000000   Code   RO         3450  * .ARM.Collect$$$$00000000  mc_w.l(entry.o)
    0x00078200   0x00000004   Code   RO         3467    .ARM.Collect$$$$00000001  mc_w.l(entry2.o)
    0x00078204   0x00000004   Code   RO         3470    .ARM.Collect$$$$00000004  mc_w.l(entry5.o)
    0x00078208   0x00000000   Code   RO         3472    .ARM.Collect$$$$00000008  mc_w.l(entry7b.o)
    0x00078208   0x00000000   Code   RO         3474    .ARM.Collect$$$$0000000A  mc_w.l(entry8b.o)
    0x00078208   0x00000008   Code   RO         3475    .ARM.Collect$$$$0000000B  mc_w.l(entry9a.o)
    0x00078210   0x00000000   Code   RO         3477    .ARM.Collect$$$$0000000D  mc_w.l(entry10a.o)
    0x00078210   0x00000000   Code   RO         3479    .ARM.Collect$$$$0000000F  mc_w.l(entry11a.o)
    0x00078210   0x00000004   Code   RO         3468    .ARM.Collect$$$$00002712  mc_w.l(entry2.o)
    0x00078214   0x00000040   Code   RO         1003    .emb_text           nrf_bootloader_app_start_asm.o
    0x00078254   0x00000024   Code   RO         3302    .text               arm_startup_nrf52.o
    0x00078278   0x0000001e   Code   RO         3453    .text               mc_w.l(llshl.o)
    0x00078296   0x00000024   Code   RO         3455    .text               mc_w.l(memcpya.o)
    0x000782ba   0x00000024   Code   RO         3459    .text               mc_w.l(memseta.o)
    0x000782de   0x0000001a   Code   RO         3463    .text               mc_w.l(memcmp.o)
    0x000782f8   0x00000024   Code   RO         3481    .text               mc_w.l(init.o)
    0x0007831c   0x000000ca   Code   RO         3389    .text.XYcZ_add      micro_ecc_lib_nrf52.lib(micro_ecc_lib_uECC.c.o)
    0x000783e6   0x0000003e   Code   RO         3390    .text.apply_z       micro_ecc_lib_nrf52.lib(micro_ecc_lib_uECC.c.o)
    0x00078424   0x0000000c   Code   RO         3345    .text.bcopy         micro_ecc_lib_nrf52.lib(micro_ecc_lib_uECC.c.o)
    0x00078430   0x00000088   Code   RO         3362    .text.bits2int      micro_ecc_lib_nrf52.lib(micro_ecc_lib_uECC.c.o)
    0x000784b8   0x00000154   Code   RO         3385    .text.double_jacobian_default  micro_ecc_lib_nrf52.lib(micro_ecc_lib_uECC.c.o)
    0x0007860c   0x00000008   Code   RO         3397    .text.uECC_secp256r1  micro_ecc_lib_nrf52.lib(micro_ecc_lib_uECC.c.o)
    0x00078614   0x000002d4   Code   RO         3410    .text.uECC_verify   micro_ecc_lib_nrf52.lib(micro_ecc_lib_uECC.c.o)
    0x000788e8   0x00000008   PAD
    0x000788f0   0x00000058   Code   RO         3351    .text.uECC_vli_add  micro_ecc_lib_nrf52.lib(micro_ecc_lib_uECC.c.o)
    0x00078948   0x00000018   Code   RO         3360    .text.uECC_vli_clear  micro_ecc_lib_nrf52.lib(micro_ecc_lib_uECC.c.o)
    0x00078960   0x0000002a   Code   RO         3346    .text.uECC_vli_cmp_unsafe  micro_ecc_lib_nrf52.lib(micro_ecc_lib_uECC.c.o)
    0x0007898a   0x0000002a   Code   RO         3371    .text.uECC_vli_equal  micro_ecc_lib_nrf52.lib(micro_ecc_lib_uECC.c.o)
    0x000789b4   0x0000001e   Code   RO         3363    .text.uECC_vli_isZero  micro_ecc_lib_nrf52.lib(micro_ecc_lib_uECC.c.o)
    0x000789d2   0x00000002   PAD
    0x000789d4   0x0000013c   Code   RO         3379    .text.uECC_vli_mmod  micro_ecc_lib_nrf52.lib(micro_ecc_lib_uECC.c.o)
    0x00078b10   0x00000032   Code   RO         3377    .text.uECC_vli_modAdd  micro_ecc_lib_nrf52.lib(micro_ecc_lib_uECC.c.o)
    0x00078b42   0x0000010c   Code   RO         3391    .text.uECC_vli_modInv  micro_ecc_lib_nrf52.lib(micro_ecc_lib_uECC.c.o)
    0x00078c4e   0x00000024   Code   RO         3380    .text.uECC_vli_modMult  micro_ecc_lib_nrf52.lib(micro_ecc_lib_uECC.c.o)
    0x00078c72   0x00000020   Code   RO         3381    .text.uECC_vli_modMult_fast  micro_ecc_lib_nrf52.lib(micro_ecc_lib_uECC.c.o)
    0x00078c92   0x00000020   Code   RO         3383    .text.uECC_vli_modSquare_fast  micro_ecc_lib_nrf52.lib(micro_ecc_lib_uECC.c.o)
    0x00078cb2   0x00000024   Code   RO         3378    .text.uECC_vli_modSub  micro_ecc_lib_nrf52.lib(micro_ecc_lib_uECC.c.o)
    0x00078cd6   0x00000312   Code   RO         3354    .text.uECC_vli_mult  micro_ecc_lib_nrf52.lib(micro_ecc_lib_uECC.c.o)
    0x00078fe8   0x00000044   Code   RO         3366    .text.uECC_vli_numBits  micro_ecc_lib_nrf52.lib(micro_ecc_lib_uECC.c.o)
    0x0007902c   0x0000001a   Code   RO         3373    .text.uECC_vli_rshift1  micro_ecc_lib_nrf52.lib(micro_ecc_lib_uECC.c.o)
    0x00079046   0x0000001a   Code   RO         3367    .text.uECC_vli_set  micro_ecc_lib_nrf52.lib(micro_ecc_lib_uECC.c.o)
    0x00079060   0x0000028c   Code   RO         3355    .text.uECC_vli_square  micro_ecc_lib_nrf52.lib(micro_ecc_lib_uECC.c.o)
    0x000792ec   0x00000004   PAD
    0x000792f0   0x00000060   Code   RO         3353    .text.uECC_vli_sub  micro_ecc_lib_nrf52.lib(micro_ecc_lib_uECC.c.o)
    0x00079350   0x00000012   Code   RO         3364    .text.uECC_vli_testBit  micro_ecc_lib_nrf52.lib(micro_ecc_lib_uECC.c.o)
    0x00079362   0x00000002   PAD
    0x00079364   0x000001b0   Code   RO         3370    .text.vli_mmod_fast_secp256r1  micro_ecc_lib_nrf52.lib(micro_ecc_lib_uECC.c.o)
    0x00079514   0x0000003a   Code   RO         3374    .text.vli_modInv_update  micro_ecc_lib_nrf52.lib(micro_ecc_lib_uECC.c.o)
    0x0007954e   0x0000005a   Code   RO         3384    .text.x_side_default  micro_ecc_lib_nrf52.lib(micro_ecc_lib_uECC.c.o)
    0x000795a8   0x00000016   Code   RO         1700    i.NVIC_ClearPendingIRQ  app_timer.o
    0x000795be   0x00000016   Code   RO         2445    i.NVIC_DisableIRQ   softdevice_handler.o
    0x000795d4   0x00000016   Code   RO         1701    i.NVIC_EnableIRQ    app_timer.o
    0x000795ea   0x00000016   Code   RO         2446    i.NVIC_EnableIRQ    softdevice_handler.o
    0x00079600   0x00000016   Code   RO         1702    i.NVIC_SetPendingIRQ  app_timer.o
    0x00079616   0x00000020   Code   RO         1703    i.NVIC_SetPriority  app_timer.o
    0x00079636   0x00000002   PAD
    0x00079638   0x00000024   Code   RO          334    i.NVIC_SystemReset  main.o
    0x0007965c   0x00000064   Code   RO         1470    i.RNG_IRQHandler    nrf_drv_rng.o
    0x000796c0   0x00000024   Code   RO         1704    i.RTC1_IRQHandler   app_timer.o
    0x000796e4   0x00000004   Code   RO         1705    i.SWI0_EGU0_IRQHandler  app_timer.o
    0x000796e8   0x00000024   Code   RO         2447    i.SWI2_EGU2_IRQHandler  softdevice_handler.o
    0x0007970c   0x000002cc   Code   RO         3310    i.SystemInit        system_nrf52.o
    0x000799d8   0x0000000e   Code   RO         3485    i.__scatterload_copy  mc_w.l(handlers.o)
    0x000799e6   0x00000002   Code   RO         3486    i.__scatterload_null  mc_w.l(handlers.o)
    0x000799e8   0x0000000e   Code   RO         3487    i.__scatterload_zeroinit  mc_w.l(handlers.o)
    0x000799f6   0x00000002   PAD
    0x000799f8   0x00000024   Code   RO         2448    i.__sd_nvic_app_accessible_irq  softdevice_handler.o
    0x00079a1c   0x00000070   Code   RO          779    i.advertising_init  nrf_ble_dfu.o
    0x00079a8c   0x00000064   Code   RO          780    i.advertising_start  nrf_ble_dfu.o
    0x00079af0   0x00000004   Code   RO          335    i.app_error_fault_handler  main.o
    0x00079af4   0x00000004   Code   RO          336    i.app_error_handler_bare  main.o
    0x00079af8   0x000000a0   Code   RO         1649    i.app_sched_event_put  app_scheduler.o
    0x00079b98   0x00000040   Code   RO         1650    i.app_sched_execute  app_scheduler.o
    0x00079bd8   0x0000002c   Code   RO         1651    i.app_sched_init    app_scheduler.o
    0x00079c04   0x00000024   Code   RO         1708    i.app_timer_create  app_timer.o
    0x00079c28   0x00000054   Code   RO         1709    i.app_timer_init    app_timer.o
    0x00079c7c   0x00000088   Code   RO         1712    i.app_timer_start   app_timer.o
    0x00079d04   0x00000020   Code   RO         1713    i.app_timer_stop    app_timer.o
    0x00079d24   0x00000048   Code   RO         1874    i.app_util_critical_region_enter  app_util_platform.o
    0x00079d6c   0x00000034   Code   RO         1875    i.app_util_critical_region_exit  app_util_platform.o
    0x00079da0   0x00000058   Code   RO          642    i.ble_conn_params_init  ble_conn_params.o
    0x00079df8   0x00000084   Code   RO          643    i.ble_conn_params_on_ble_evt  ble_conn_params.o
    0x00079e7c   0x0000000c   Code   RO          644    i.ble_conn_params_stop  ble_conn_params.o
    0x00079e88   0x0000006c   Code   RO          781    i.ble_dfu_init      nrf_ble_dfu.o
    0x00079ef4   0x00000040   Code   RO          782    i.ble_dfu_transport_close  nrf_ble_dfu.o
    0x00079f34   0x00000090   Code   RO          783    i.ble_dfu_transport_init  nrf_ble_dfu.o
    0x00079fc4   0x00000012   Code   RO          784    i.ble_evt_dispatch  nrf_ble_dfu.o
    0x00079fd6   0x00000008   Code   RO          718    i.ble_srv_is_notification_enabled  ble_srv_common.o
    0x00079fde   0x00000002   PAD
    0x00079fe0   0x00000080   Code   RO          785    i.ble_stack_init    nrf_ble_dfu.o
    0x0007a060   0x00000010   Code   RO          423    i.bsp_board_led_off  boards.o
    0x0007a070   0x00000010   Code   RO          424    i.bsp_board_led_on  boards.o
    0x0007a080   0x0000002c   Code   RO          426    i.bsp_board_leds_init  boards.o
    0x0007a0ac   0x00000012   Code   RO          427    i.bsp_board_leds_off  boards.o
    0x0007a0be   0x0000001c   Code   RO         3126    i.buf_read          pb_decode.o
    0x0007a0da   0x00000002   PAD
    0x0007a0dc   0x00000020   Code   RO         1966    i.check_config      fstorage.o
    0x0007a0fc   0x000000ac   Code   RO         1715    i.compare_reg_update  app_timer.o
    0x0007a1a8   0x00000004   Code   RO          786    i.conn_params_error_handler  nrf_ble_dfu.o
    0x0007a1ac   0x0000005c   Code   RO          645    i.conn_params_negotiation  ble_conn_params.o
    0x0007a208   0x0000003c   Code   RO         1942    i.crc32_compute     crc32.o
    0x0007a244   0x0000007e   Code   RO         3127    i.decode_callback_field  pb_decode.o
    0x0007a2c2   0x0000001a   Code   RO         3128    i.decode_field      pb_decode.o
    0x0007a2dc   0x000000e0   Code   RO         3129    i.decode_static_field  pb_decode.o
    0x0007a3bc   0x00000014   Code   RO         1257    i.delay_operation   nrf_dfu_settings.o
    0x0007a3d0   0x00000084   Code   RO          787    i.dfu_ctrl_pt_add   nrf_ble_dfu.o
    0x0007a454   0x00000010   Code   RO           51    i.dfu_data_write_handler  dfu_req_handling.o
    0x0007a464   0x00000054   Code   RO           52    i.dfu_decode_commmand  dfu_req_handling.o
    0x0007a4b8   0x000001a8   Code   RO           53    i.dfu_handle_prevalidate  dfu_req_handling.o
    0x0007a660   0x00000082   Code   RO          788    i.dfu_pkt_char_add  nrf_ble_dfu.o
    0x0007a6e2   0x00000002   PAD
    0x0007a6e4   0x00000018   Code   RO         1258    i.dfu_settings_write_callback  nrf_dfu_settings.o
    0x0007a6fc   0x00000040   Code   RO         1716    i.elapsed_ticks_acquire  app_timer.o
    0x0007a73c   0x00000010   Code   RO         1167    i.ext_error_get     nrf_dfu_handling_error.o
    0x0007a74c   0x0000000c   Code   RO         1168    i.ext_error_set     nrf_dfu_handling_error.o
    0x0007a758   0x00000074   Code   RO         1967    i.fs_erase          fstorage.o
    0x0007a7cc   0x00000028   Code   RO         1098    i.fs_evt_handler    nrf_dfu_flash.o
    0x0007a7f4   0x00000014   Code   RO         1968    i.fs_fake_init      fstorage.o
    0x0007a808   0x00000014   Code   RO         1971    i.fs_queue_is_full  fstorage.o
    0x0007a81c   0x00000080   Code   RO         1973    i.fs_store          fstorage.o
    0x0007a89c   0x00000068   Code   RO         1974    i.fs_sys_event_handler  fstorage.o
    0x0007a904   0x0000006c   Code   RO          789    i.gap_params_init   nrf_ble_dfu.o
    0x0007a970   0x0000007c   Code   RO         2449    i.intern_softdevice_events_execute  softdevice_handler.o
    0x0007a9ec   0x0000001c   Code   RO          646    i.is_conn_params_ok  ble_conn_params.o
    0x0007aa08   0x0000000c   Code   RO         2896    i.is_word_aligned   micro_ecc_lib_ecdsa.o
    0x0007aa14   0x0000002e   Code   RO         3130    i.iter_from_extension  pb_decode.o
    0x0007aa42   0x00000002   PAD
    0x0007aa44   0x000000f8   Code   RO         1717    i.list_insertions_handler  app_timer.o
    0x0007ab3c   0x00000034   Code   RO          337    i.main              main.o
    0x0007ab70   0x0000002a   Code   RO          982    i.nrf_bootloader_app_start  nrf_bootloader_app_start.o
    0x0007ab9a   0x00000008   Code   RO          946    i.nrf_bootloader_init  nrf_bootloader.o
    0x0007aba2   0x00000078   Code   RO         2653    i.nrf_crypto_ecdsa_sizes_get  nrf_crypto_ecdsa.o
    0x0007ac1a   0x00000092   Code   RO         2897    i.nrf_crypto_ecdsa_verify_hash  micro_ecc_lib_ecdsa.o
    0x0007acac   0x00000074   Code   RO         3038    i.nrf_crypto_hash_compute  nrf_crypto_sw_hash.o
    0x0007ad20   0x00000046   Code   RO         3039    i.nrf_crypto_hash_finalize  nrf_crypto_sw_hash.o
    0x0007ad66   0x00000028   Code   RO         3040    i.nrf_crypto_hash_init  nrf_crypto_sw_hash.o
    0x0007ad8e   0x0000002e   Code   RO         2699    i.nrf_crypto_hash_size_get  nrf_crypto_hash.o
    0x0007adbc   0x00000018   Code   RO         3041    i.nrf_crypto_hash_update  nrf_crypto_sw_hash.o
    0x0007add4   0x0000008c   Code   RO         1259    i.nrf_delay_us      nrf_dfu_settings.o
    0x0007ae60   0x0000008c   Code   RO         1718    i.nrf_delay_us      app_timer.o
    0x0007aeec   0x000000a8   Code   RO         1366    i.nrf_dfu_app_continue  nrf_dfu_utils.o
    0x0007af94   0x00000030   Code   RO         1367    i.nrf_dfu_app_is_valid  nrf_dfu_utils.o
    0x0007afc4   0x00000044   Code   RO         1368    i.nrf_dfu_bl_continue  nrf_dfu_utils.o
    0x0007b008   0x00000130   Code   RO           54    i.nrf_dfu_command_req  dfu_req_handling.o
    0x0007b138   0x00000034   Code   RO         1369    i.nrf_dfu_continue  nrf_dfu_utils.o
    0x0007b16c   0x00000078   Code   RO         1370    i.nrf_dfu_continue_bank  nrf_dfu_utils.o
    0x0007b1e4   0x00000278   Code   RO           55    i.nrf_dfu_data_req  dfu_req_handling.o
    0x0007b45c   0x00000044   Code   RO         1037    i.nrf_dfu_enter_check  nrf_dfu.o
    0x0007b4a0   0x00000070   Code   RO         1371    i.nrf_dfu_find_cache  nrf_dfu_utils.o
    0x0007b510   0x00000098   Code   RO         1099    i.nrf_dfu_flash_erase  nrf_dfu_flash.o
    0x0007b5a8   0x0000002c   Code   RO         1101    i.nrf_dfu_flash_init  nrf_dfu_flash.o
    0x0007b5d4   0x0000008c   Code   RO         1102    i.nrf_dfu_flash_store  nrf_dfu_flash.o
    0x0007b660   0x00000090   Code   RO         1038    i.nrf_dfu_init      nrf_dfu.o
    0x0007b6f0   0x00000018   Code   RO         1372    i.nrf_dfu_invalidate_bank  nrf_dfu_utils.o
    0x0007b708   0x0000001c   Code   RO         1205    i.nrf_dfu_mbr_compare  nrf_dfu_mbr.o
    0x0007b724   0x00000016   Code   RO         1206    i.nrf_dfu_mbr_copy_bl  nrf_dfu_mbr.o
    0x0007b73a   0x00000002   PAD
    0x0007b73c   0x00000024   Code   RO         1207    i.nrf_dfu_mbr_copy_sd  nrf_dfu_mbr.o
    0x0007b760   0x00000018   Code   RO         1208    i.nrf_dfu_mbr_init_sd  nrf_dfu_mbr.o
    0x0007b778   0x000001a8   Code   RO           56    i.nrf_dfu_postvalidate  dfu_req_handling.o
    0x0007b920   0x00000058   Code   RO           57    i.nrf_dfu_req_handler_init  dfu_req_handling.o
    0x0007b978   0x00000040   Code   RO           58    i.nrf_dfu_req_handler_on_req  dfu_req_handling.o
    0x0007b9b8   0x0000001c   Code   RO           59    i.nrf_dfu_req_handler_reset_if_dfu_complete  dfu_req_handling.o
    0x0007b9d4   0x0000008c   Code   RO         1373    i.nrf_dfu_sd_continue_impl  nrf_dfu_utils.o
    0x0007ba60   0x00000010   Code   RO         1260    i.nrf_dfu_settings_calculate_crc  nrf_dfu_settings.o
    0x0007ba70   0x00000054   Code   RO         1261    i.nrf_dfu_settings_init  nrf_dfu_settings.o
    0x0007bac4   0x00000078   Code   RO         1262    i.nrf_dfu_settings_write  nrf_dfu_settings.o
    0x0007bb3c   0x0000002c   Code   RO         1332    i.nrf_dfu_transports_close  nrf_dfu_transport.o
    0x0007bb68   0x0000002c   Code   RO         1333    i.nrf_dfu_transports_init  nrf_dfu_transport.o
    0x0007bb94   0x00000006   Code   RO         1039    i.nrf_dfu_wait      nrf_dfu.o
    0x0007bb9a   0x00000002   PAD
    0x0007bb9c   0x00000014   Code   RO         1478    i.nrf_drv_rng_stop  nrf_drv_rng.o
    0x0007bbb0   0x00000024   Code   RO          431    i.nrf_gpio_cfg      boards.o
    0x0007bbd4   0x00000010   Code   RO          790    i.nrf_gpio_cfg_output  nrf_ble_dfu.o
    0x0007bbe4   0x0000000e   Code   RO          791    i.nrf_gpio_pin_set  nrf_ble_dfu.o
    0x0007bbf2   0x00000016   Code   RO          432    i.nrf_gpio_pin_write  boards.o
    0x0007bc08   0x00000030   Code   RO         1577    i.nrf_nvmc_page_erase  nrf_nvmc.o
    0x0007bc38   0x0000003c   Code   RO         1581    i.nrf_nvmc_write_words  nrf_nvmc.o
    0x0007bc74   0x0000001e   Code   RO         2256    i.nrf_queue_is_full  nrf_queue.o
    0x0007bc92   0x0000000e   Code   RO         2258    i.nrf_queue_next_idx  nrf_queue.o
    0x0007bca0   0x000000b2   Code   RO         2260    i.nrf_queue_push    nrf_queue.o
    0x0007bd52   0x00000002   PAD
    0x0007bd54   0x00000114   Code   RO          792    i.on_ble_evt        nrf_ble_dfu.o
    0x0007be68   0x000000f8   Code   RO          793    i.on_ctrl_pt_write  nrf_ble_dfu.o
    0x0007bf60   0x00000018   Code   RO           60    i.on_dfu_complete   dfu_req_handling.o
    0x0007bf78   0x00000054   Code   RO         1975    i.on_operation_success  fstorage.o
    0x0007bfcc   0x00000094   Code   RO          794    i.on_rw_authorize_req  nrf_ble_dfu.o
    0x0007c060   0x00000060   Code   RO          795    i.on_write          nrf_ble_dfu.o
    0x0007c0c0   0x00000040   Code   RO         3132    i.pb_dec_bytes      pb_decode.o
    0x0007c100   0x00000006   Code   RO         3133    i.pb_dec_fixed32    pb_decode.o
    0x0007c106   0x00000006   Code   RO         3134    i.pb_dec_fixed64    pb_decode.o
    0x0007c10c   0x0000003e   Code   RO         3135    i.pb_dec_string     pb_decode.o
    0x0007c14a   0x00000040   Code   RO         3136    i.pb_dec_submessage  pb_decode.o
    0x0007c18a   0x00000058   Code   RO         3137    i.pb_dec_svarint    pb_decode.o
    0x0007c1e2   0x00000058   Code   RO         3138    i.pb_dec_uvarint    pb_decode.o
    0x0007c23a   0x0000005a   Code   RO         3139    i.pb_dec_varint     pb_decode.o
    0x0007c294   0x0000001e   Code   RO         3140    i.pb_decode         pb_decode.o
    0x0007c2b2   0x00000020   Code   RO         3142    i.pb_decode_fixed32  pb_decode.o
    0x0007c2d2   0x0000005c   Code   RO         3143    i.pb_decode_fixed64  pb_decode.o
    0x0007c32e   0x00000002   PAD
    0x0007c330   0x00000186   Code   RO         3144    i.pb_decode_noinit  pb_decode.o
    0x0007c4b6   0x0000003a   Code   RO         3145    i.pb_decode_svarint  pb_decode.o
    0x0007c4f0   0x00000042   Code   RO         3146    i.pb_decode_tag     pb_decode.o
    0x0007c532   0x0000004a   Code   RO         3147    i.pb_decode_varint  pb_decode.o
    0x0007c57c   0x0000004c   Code   RO         3148    i.pb_decode_varint32  pb_decode.o
    0x0007c5c8   0x00000024   Code   RO           61    i.pb_decoding_callback  dfu_req_handling.o
    0x0007c5ec   0x00000022   Code   RO         3099    i.pb_field_iter_begin  pb_common.o
    0x0007c60e   0x0000002e   Code   RO         3100    i.pb_field_iter_find  pb_common.o
    0x0007c63c   0x00000080   Code   RO         3101    i.pb_field_iter_next  pb_common.o
    0x0007c6bc   0x000000a4   Code   RO         3149    i.pb_field_set_to_default  pb_decode.o
    0x0007c760   0x00000014   Code   RO         3150    i.pb_istream_from_buffer  pb_decode.o
    0x0007c774   0x00000036   Code   RO         3151    i.pb_make_string_substream  pb_decode.o
    0x0007c7aa   0x00000026   Code   RO         3152    i.pb_message_set_to_defaults  pb_decode.o
    0x0007c7d0   0x00000058   Code   RO         3153    i.pb_read           pb_decode.o
    0x0007c828   0x00000020   Code   RO         3154    i.pb_readbyte       pb_decode.o
    0x0007c848   0x0000005a   Code   RO         3155    i.pb_skip_field     pb_decode.o
    0x0007c8a2   0x00000002   PAD
    0x0007c8a4   0x0000002c   Code   RO         1976    i.queue_advance     fstorage.o
    0x0007c8d0   0x00000038   Code   RO         1977    i.queue_get_next_free  fstorage.o
    0x0007c908   0x00000070   Code   RO         1978    i.queue_process     fstorage.o
    0x0007c978   0x0000001c   Code   RO         1979    i.queue_start       fstorage.o
    0x0007c994   0x00000018   Code   RO         2266    i.queue_utilization_get  nrf_queue.o
    0x0007c9ac   0x00000062   Code   RO         3156    i.read_raw_value    pb_decode.o
    0x0007ca0e   0x00000002   PAD
    0x0007ca10   0x00000024   Code   RO         1040    i.reset_delay_timer_handler  nrf_dfu.o
    0x0007ca34   0x00000028   Code   RO           62    i.reset_device      dfu_req_handling.o
    0x0007ca5c   0x0000002c   Code   RO         1374    i.reset_device_callback  nrf_dfu_utils.o
    0x0007ca88   0x00000060   Code   RO          796    i.response_crc_cmd_send  nrf_ble_dfu.o
    0x0007cae8   0x0000006c   Code   RO          797    i.response_select_object_cmd_send  nrf_ble_dfu.o
    0x0007cb54   0x0000005c   Code   RO          798    i.response_send     nrf_ble_dfu.o
    0x0007cbb0   0x0000003c   Code   RO         1719    i.rtc1_stop         app_timer.o
    0x0007cbec   0x00000070   Code   RO         2450    i.sd_nvic_EnableIRQ  softdevice_handler.o
    0x0007cc5c   0x0000004c   Code   RO         1980    i.send_event        fstorage.o
    0x0007cca8   0x00000028   Code   RO          799    i.send_hvx          nrf_ble_dfu.o
    0x0007ccd0   0x00000110   Code   RO         2395    i.sha256_final      sha256.o
    0x0007cde0   0x00000054   Code   RO         2396    i.sha256_init       sha256.o
    0x0007ce34   0x0000012c   Code   RO         2397    i.sha256_transform  sha256.o
    0x0007cf60   0x00000054   Code   RO         2398    i.sha256_update     sha256.o
    0x0007cfb4   0x00000014   Code   RO         2451    i.softdevice_app_ram_start_get  softdevice_handler.o
    0x0007cfc8   0x00000014   Code   RO         2452    i.softdevice_ble_evt_handler_set  softdevice_handler.o
    0x0007cfdc   0x0000000c   Code   RO         2453    i.softdevice_enable  softdevice_handler.o
    0x0007cfe8   0x00000012   Code   RO         2581    i.softdevice_evt_get  softdevice_handler_appsh.o
    0x0007cffa   0x00000002   PAD
    0x0007cffc   0x00000010   Code   RO         2582    i.softdevice_evt_schedule  softdevice_handler_appsh.o
    0x0007d00c   0x00000004   Code   RO         2454    i.softdevice_fault_handler  softdevice_handler.o
    0x0007d010   0x00000060   Code   RO         2455    i.softdevice_handler_init  softdevice_handler.o
    0x0007d070   0x0000000c   Code   RO         2456    i.softdevice_handler_is_enabled  softdevice_handler.o
    0x0007d07c   0x00000014   Code   RO         2461    i.softdevice_sys_evt_handler_set  softdevice_handler.o
    0x0007d090   0x00000018   Code   RO         1720    i.timeout_handler_scheduled_exec  app_timer.o
    0x0007d0a8   0x00000080   Code   RO         1721    i.timer_list_handler  app_timer.o
    0x0007d128   0x0000003c   Code   RO         1722    i.timer_list_insert  app_timer.o
    0x0007d164   0x00000060   Code   RO         1723    i.timer_list_remove  app_timer.o
    0x0007d1c4   0x00000048   Code   RO         1724    i.timer_stop_op_schedule  app_timer.o
    0x0007d20c   0x00000088   Code   RO         1725    i.timer_timeouts_check  app_timer.o
    0x0007d294   0x00000012   Code   RO          800    i.uint32_encode     nrf_ble_dfu.o
    0x0007d2a6   0x00000002   PAD
    0x0007d2a8   0x00000060   Code   RO          647    i.update_timeout_handler  ble_conn_params.o
    0x0007d308   0x00000030   Code   RO         1726    i.user_op_alloc     app_timer.o
    0x0007d338   0x00000012   Code   RO         1263    i.wait_for_queue    nrf_dfu_settings.o
    0x0007d34a   0x00000001   Data   RO            1    .constdata          dfu-cc.pb.o
    0x0007d34b   0x00000001   PAD
    0x0007d34c   0x00000024   Data   RO            2    .constdata          dfu-cc.pb.o
    0x0007d370   0x00000078   Data   RO            3    .constdata          dfu-cc.pb.o
    0x0007d3e8   0x00000018   Data   RO            4    .constdata          dfu-cc.pb.o
    0x0007d400   0x00000030   Data   RO            5    .constdata          dfu-cc.pb.o
    0x0007d430   0x00000030   Data   RO            6    .constdata          dfu-cc.pb.o
    0x0007d460   0x00000024   Data   RO            7    .constdata          dfu-cc.pb.o
    0x0007d484   0x00000040   Data   RO           36    .constdata          dfu_public_key.o
    0x0007d4c4   0x00000005   Data   RO           67    .constdata          dfu_req_handling.o
    0x0007d4c9   0x00000008   Data   RO          433    .constdata          boards.o
    0x0007d4d1   0x00000003   PAD
    0x0007d4d4   0x00000004   Data   RO          650    .constdata          ble_conn_params.o
    0x0007d4d8   0x00000014   Data   RO          802    .constdata          nrf_ble_dfu.o
    0x0007d4ec   0x00000010   Data   RO         1104    .constdata          nrf_dfu_flash.o
    0x0007d4fc   0x00000040   Data   RO         1210    .constdata          nrf_dfu_mbr.o
    0x0007d53c   0x00000004   Data   RO         1376    .constdata          nrf_dfu_utils.o
    0x0007d540   0x00000018   Data   RO         1482    .constdata          nrf_drv_rng.o
    0x0007d558   0x00000100   Data   RO         2399    .constdata          sha256.o
    0x0007d658   0x00000008   Data   RO         3042    .constdata          nrf_crypto_sw_hash.o
    0x0007d660   0x00000024   Data   RO         3157    .constdata          pb_decode.o
    0x0007d684   0x000000b0   Data   RO         3425    .rodata.curve_secp256r1  micro_ecc_lib_nrf52.lib(micro_ecc_lib_uECC.c.o)
    0x0007d734   0x00000020   Data   RO         3483    Region$$Table       anon$$obj.o
    0x0007d754   0x00000008   Data   RO          804    dfu_trans           nrf_ble_dfu.o


    Execution Region RW_IRAM1 (Base: 0x20002060, Size: 0x00002d08, Max: 0x0000da70, ABSOLUTE)

    Base Addr    Size         Type   Attr      Idx    E Section Name        Object

    0x20002060   0x0000003c   Data   RW           68    .data               dfu_req_handling.o
    0x2000209c   0x00000014   Data   RW          651    .data               ble_conn_params.o
    0x200020b0   0x0000000c   Data   RW          803    .data               nrf_ble_dfu.o
    0x200020bc   0x00000004   Data   RW         1105    .data               nrf_dfu_flash.o
    0x200020c0   0x00000001   Data   RW         1169    .data               nrf_dfu_handling_error.o
    0x200020c1   0x00000003   PAD
    0x200020c4   0x00000008   Data   RW         1268    .data               nrf_dfu_settings.o
    0x200020cc   0x00000010   Data   RW         1653    .data               app_scheduler.o
    0x200020dc   0x00000014   Data   RW         1728    .data               app_timer.o
    0x200020f0   0x00000002   Data   RW         1982    .data               fstorage.o
    0x200020f2   0x00000002   PAD
    0x200020f4   0x00000014   Data   RW         2462    .data               softdevice_handler.o
    0x20002108   0x00000004   Data   RW         3311    .data               system_nrf52.o
    0x2000210c   0x00000010   Data   RW         1106    fs_data             nrf_dfu_flash.o
    0x2000211c   0x0000053c   Zero   RW           63    .bss                dfu_req_handling.o
    0x20002658   0x00000040   Zero   RW           64    .bss                dfu_req_handling.o
    0x20002698   0x00000020   Zero   RW           65    .bss                dfu_req_handling.o
    0x200026b8   0x00000020   Zero   RW           66    .bss                dfu_req_handling.o
    0x200026d8   0x00000020   Zero   RW          648    .bss                ble_conn_params.o
    0x200026f8   0x0000001c   Zero   RW          649    .bss                ble_conn_params.o
    0x20002714   0x00000075   Zero   RW          801    .bss                nrf_ble_dfu.o
    0x20002789   0x00000003   PAD
    0x2000278c   0x00000150   Zero   RW         1041    .bss                nrf_dfu.o
    0x200028dc   0x000002b8   Zero   RW         1267    .bss                nrf_dfu_settings.o
    0x20002b94   0x00000020   Zero   RW         1375    .bss                nrf_dfu_utils.o
    0x20002bb4   0x00000021   Zero   RW         1480    .bss                nrf_drv_rng.o
    0x20002bd5   0x00000003   PAD
    0x20002bd8   0x0000000c   Zero   RW         1481    .bss                nrf_drv_rng.o
    0x20002be4   0x0000010c   Zero   RW         1727    .bss                app_timer.o
    0x20002cf0   0x0000000c   Zero   RW         1880    .bss                app_util_platform.o
    0x20002cfc   0x00000068   Zero   RW         1981    .bss                fstorage.o
    0x20002d64   0x00000004   PAD
    0x20002d68   0x00002000   Zero   RW         3299    STACK               arm_startup_nrf52.o



  Load Region LR$$.ARM.__AT_0x0007E000 (Base: 0x0007e000, Size: 0x00000000, Max: 0x00001000, ABSOLUTE)

    Execution Region ER$$.ARM.__AT_0x0007E000 (Base: 0x0007e000, Size: 0x00001000, Max: 0x00001000, ABSOLUTE, UNINIT)

    Base Addr    Size         Type   Attr      Idx    E Section Name        Object

    0x0007e000   0x00001000   Zero   RW         1264    .ARM.__AT_0x0007E000  nrf_dfu_settings.o



  Load Region LR$$.ARM.__AT_0x0007F000 (Base: 0x0007f000, Size: 0x00000000, Max: 0x00001000, ABSOLUTE)

    Execution Region ER$$.ARM.__AT_0x0007F000 (Base: 0x0007f000, Size: 0x00001000, Max: 0x00001000, ABSOLUTE, UNINIT)

    Base Addr    Size         Type   Attr      Idx    E Section Name        Object

    0x0007f000   0x00001000   Zero   RW         1265    .ARM.__AT_0x0007F000  nrf_dfu_settings.o



  Load Region LR$$.ARM.__AT_0x10001014 (Base: 0x10001014, Size: 0x00000004, Max: 0x00000004, ABSOLUTE)

    Execution Region ER$$.ARM.__AT_0x10001014 (Base: 0x10001014, Size: 0x00000004, Max: 0x00000004, ABSOLUTE, UNINIT)

    Base Addr    Size         Type   Attr      Idx    E Section Name        Object

    0x10001014   0x00000004   Data   RW         1016    .ARM.__AT_0x10001014  nrf_bootloader_info.o



  Load Region LR$$.ARM.__AT_0x10001018 (Base: 0x10001018, Size: 0x00000004, Max: 0x00000004, ABSOLUTE)

    Execution Region ER$$.ARM.__AT_0x10001018 (Base: 0x10001018, Size: 0x00000004, Max: 0x00000004, ABSOLUTE, UNINIT)

    Base Addr    Size         Type   Attr      Idx    E Section Name        Object

    0x10001018   0x00000004   Data   RW         1266    .ARM.__AT_0x10001018  nrf_dfu_settings.o


==============================================================================

Image component sizes


      Code (inc. data)   RO Data    RW Data    ZI Data      Debug   Object Name

       268         16          0         16          0      25543   app_scheduler.o
      1674        124          0         20        268      48775   app_timer.o
       124         14          0          0         12       9426   app_util_platform.o
        36          8        512          0       8192        940   arm_startup_nrf52.o
         0          0          0          0          0      42460   ble_advdata.o
       448         58          4         20         60       9035   ble_conn_params.o
         8          0          0          0          0       1454   ble_srv_common.o
       152         18          8          0          0       8638   boards.o
        60          6          0          0          0       1512   crc32.o
         0          0        313          0          0      13876   dfu-cc.pb.o
         0          0         64          0          0        817   dfu_public_key.o
      2164        160          5         60       1468     100816   dfu_req_handling.o
       820         68          0          2        104      12470   fstorage.o
        96         18          0          0          0       6918   main.o
       158          0          0          0          0       3991   micro_ecc_lib_ecdsa.o
      2200        136         28         12        117      51438   nrf_ble_dfu.o
         8          0          0          0          0        698   nrf_bootloader.o
        42          0          0          0          0        811   nrf_bootloader_app_start.o
        64          2          0          0          0        628   nrf_bootloader_app_start_asm.o
         0          0          0          4          0        382   nrf_bootloader_info.o
       120         10          0          0          0       1665   nrf_crypto_ecdsa.o
        46          8          0          0          0       1495   nrf_crypto_hash.o
       250          6          8          0          0       9109   nrf_crypto_sw_hash.o
       254         38          0          0        336       9216   nrf_dfu.o
       376         34         16         20          0       9461   nrf_dfu_flash.o
        28         10          0          1          0       3160   nrf_dfu_handling_error.o
       110         14         64          0          0       5424   nrf_dfu_mbr.o
       422         58          0         12       8888       7890   nrf_dfu_settings.o
        88         18          0          0          0       3440   nrf_dfu_transport.o
       776         58          4          0         32       9981   nrf_dfu_utils.o
       120         24         24          0         45      13277   nrf_drv_rng.o
       108         18          0          0          0       2097   nrf_nvmc.o
       246          0          0          0          0       4394   nrf_queue.o
       208          0          0          0          0       3548   pb_common.o
      2320         14         36          0          0      28578   pb_decode.o
       740         40        256          0          0       5880   sha256.o
       536         50          0         20          0      43372   softdevice_handler.o
        34          6          0          0          0       2219   softdevice_handler_appsh.o
       716         62          0          4          0       2847   system_nrf52.o

    ----------------------------------------------------------------------
     15846       1096       1378        196      19532     507681   Object Totals
         0          0         32          0          0          0   (incl. Generated)
        26          0          4          5         10          0   (incl. Padding)

    ----------------------------------------------------------------------

      Code (inc. data)   RO Data    RW Data    ZI Data      Debug   Library Member Name

         0          0          0          0          0          0   entry.o
         0          0          0          0          0          0   entry10a.o
         0          0          0          0          0          0   entry11a.o
         8          4          0          0          0          0   entry2.o
         4          0          0          0          0          0   entry5.o
         0          0          0          0          0          0   entry7b.o
         0          0          0          0          0          0   entry8b.o
         8          4          0          0          0          0   entry9a.o
        30          0          0          0          0          0   handlers.o
        36          8          0          0          0         68   init.o
        30          0          0          0          0         68   llshl.o
        26          0          0          0          0         80   memcmp.o
        36          0          0          0          0         68   memcpya.o
        36          0          0          0          0        108   memseta.o
      4732         12        176          0          0      88600   micro_ecc_lib_uECC.c.o

    ----------------------------------------------------------------------
      4964         28        176          0          0      88992   Library Totals
        18          0          0          0          0          0   (incl. Padding)

    ----------------------------------------------------------------------

      Code (inc. data)   RO Data    RW Data    ZI Data      Debug   Library Name

       214         16          0          0          0        392   mc_w.l
      4732         12        176          0          0      88600   micro_ecc_lib_nrf52.lib

    ----------------------------------------------------------------------
      4964         28        176          0          0      88992   Library Totals

    ----------------------------------------------------------------------

==============================================================================


      Code (inc. data)   RO Data    RW Data    ZI Data      Debug   

     20810       1124       1554        196      19532     577921   Grand Totals
     20810       1124       1554        196      19532     577921   ELF Image Totals
     20810       1124       1554        196          0          0   ROM Totals

==============================================================================

    Total RO  Size (Code + RO Data)                22364 (  21.84kB)
    Total RW  Size (RW Data + ZI Data)             19728 (  19.27kB)
    Total ROM Size (Code + RO Data + RW Data)      22560 (  22.03kB)

==============================================================================

