Component: ARM Compiler 5.06 update 4 (build 422) Tool: armlink [4d35d2]

==============================================================================

Section Cross References

    dfu-cc.pb.o(.constdata) refers to dfu-cc.pb.o(.constdata) for dfu_hash_fields
    dfu-cc.pb.o(.constdata) refers to dfu-cc.pb.o(.constdata) for dfu_init_command_is_debug_default
    dfu-cc.pb.o(.constdata) refers to dfu-cc.pb.o(.constdata) for dfu_init_command_fields
    dfu-cc.pb.o(.constdata) refers to dfu-cc.pb.o(.constdata) for dfu_reset_command_fields
    dfu-cc.pb.o(.constdata) refers to dfu-cc.pb.o(.constdata) for dfu_command_fields
    dfu-cc.pb.o(.constdata) refers to dfu-cc.pb.o(.constdata) for dfu_command_fields
    dfu-cc.pb.o(.constdata) refers to dfu-cc.pb.o(.constdata) for dfu_signed_command_fields
    dfu_req_handling.o(i.dfu_data_write_handler) refers to dfu_req_handling.o(.data) for .data
    dfu_req_handling.o(i.dfu_decode_commmand) refers to pb_decode.o(i.pb_istream_from_buffer) for pb_istream_from_buffer
    dfu_req_handling.o(i.dfu_decode_commmand) refers to pb_decode.o(i.pb_decode) for pb_decode
    dfu_req_handling.o(i.dfu_decode_commmand) refers to nrf_log_frontend.o(i.nrf_log_frontend_std_0) for nrf_log_frontend_std_0
    dfu_req_handling.o(i.dfu_decode_commmand) refers to nrf_dfu_settings.o(.bss) for s_dfu_settings
    dfu_req_handling.o(i.dfu_decode_commmand) refers to dfu_req_handling.o(.bss) for .bss
    dfu_req_handling.o(i.dfu_decode_commmand) refers to dfu_req_handling.o(i.pb_decoding_callback) for pb_decoding_callback
    dfu_req_handling.o(i.dfu_decode_commmand) refers to dfu_req_handling.o(.data) for .data
    dfu_req_handling.o(i.dfu_decode_commmand) refers to dfu-cc.pb.o(.constdata) for dfu_packet_fields
    dfu_req_handling.o(i.dfu_handle_prevalidate) refers to nrf_log_frontend.o(i.nrf_log_frontend_std_0) for nrf_log_frontend_std_0
    dfu_req_handling.o(i.dfu_handle_prevalidate) refers to nrf_log_frontend.o(i.nrf_log_frontend_std_2) for nrf_log_frontend_std_2
    dfu_req_handling.o(i.dfu_handle_prevalidate) refers to nrf_dfu_handling_error.o(i.ext_error_set) for ext_error_set
    dfu_req_handling.o(i.dfu_handle_prevalidate) refers to nrf_crypto_sw_hash.o(i.nrf_crypto_hash_compute) for nrf_crypto_hash_compute
    dfu_req_handling.o(i.dfu_handle_prevalidate) refers to memcpya.o(.text) for __aeabi_memcpy
    dfu_req_handling.o(i.dfu_handle_prevalidate) refers to micro_ecc_lib_ecdsa.o(i.nrf_crypto_ecdsa_verify_hash) for nrf_crypto_ecdsa_verify_hash
    dfu_req_handling.o(i.dfu_handle_prevalidate) refers to nrf_dfu_utils.o(i.nrf_dfu_find_cache) for nrf_dfu_find_cache
    dfu_req_handling.o(i.dfu_handle_prevalidate) refers to nrf_log_frontend.o(i.nrf_log_frontend_std_1) for nrf_log_frontend_std_1
    dfu_req_handling.o(i.dfu_handle_prevalidate) refers to nrf_dfu_settings.o(.bss) for s_dfu_settings
    dfu_req_handling.o(i.dfu_handle_prevalidate) refers to dfu_req_handling.o(.constdata) for .constdata
    dfu_req_handling.o(i.dfu_handle_prevalidate) refers to dfu_req_handling.o(.data) for .data
    dfu_req_handling.o(i.dfu_handle_signed_command) refers to dfu_req_handling.o(i.dfu_handle_prevalidate) for dfu_handle_prevalidate
    dfu_req_handling.o(i.dfu_handle_signed_command) refers to nrf_log_frontend.o(i.nrf_log_frontend_std_0) for nrf_log_frontend_std_0
    dfu_req_handling.o(i.dfu_handle_signed_command) refers to nrf_dfu_settings.o(i.nrf_dfu_settings_write) for nrf_dfu_settings_write
    dfu_req_handling.o(i.dfu_handle_signed_command) refers to dfu_req_handling.o(.data) for .data
    dfu_req_handling.o(i.nrf_dfu_command_req) refers to nrf_log_frontend.o(i.nrf_log_frontend_std_0) for nrf_log_frontend_std_0
    dfu_req_handling.o(i.nrf_dfu_command_req) refers to app_timer.o(i.app_timer_stop) for app_timer_stop
    dfu_req_handling.o(i.nrf_dfu_command_req) refers to main.o(i.app_error_handler_bare) for app_error_handler_bare
    dfu_req_handling.o(i.nrf_dfu_command_req) refers to memseta.o(.text) for __aeabi_memclr4
    dfu_req_handling.o(i.nrf_dfu_command_req) refers to memcpya.o(.text) for __aeabi_memcpy
    dfu_req_handling.o(i.nrf_dfu_command_req) refers to crc32.o(i.crc32_compute) for crc32_compute
    dfu_req_handling.o(i.nrf_dfu_command_req) refers to dfu_req_handling.o(i.dfu_decode_commmand) for dfu_decode_commmand
    dfu_req_handling.o(i.nrf_dfu_command_req) refers to dfu_req_handling.o(i.dfu_handle_signed_command) for dfu_handle_signed_command
    dfu_req_handling.o(i.nrf_dfu_command_req) refers to nrf_dfu_handling_error.o(i.ext_error_set) for ext_error_set
    dfu_req_handling.o(i.nrf_dfu_command_req) refers to nrf_dfu_settings.o(.bss) for s_dfu_settings
    dfu_req_handling.o(i.nrf_dfu_command_req) refers to dfu_req_handling.o(.data) for .data
    dfu_req_handling.o(i.nrf_dfu_command_req) refers to nrf_dfu_utils.o(.constdata) for nrf_dfu_utils_reset_delay_timer
    dfu_req_handling.o(i.nrf_dfu_command_req) refers to dfu_req_handling.o(.bss) for .bss
[...]
    pb_dec_svarint                           0x00079563   Thumb Code    88  pb_decode.o(i.pb_dec_svarint)
    i.pb_dec_uvarint                         0x000795ba   Section        0  pb_decode.o(i.pb_dec_uvarint)
    pb_dec_uvarint                           0x000795bb   Thumb Code    88  pb_decode.o(i.pb_dec_uvarint)
    i.pb_dec_varint                          0x00079612   Section        0  pb_decode.o(i.pb_dec_varint)
    pb_dec_varint                            0x00079613   Thumb Code    90  pb_decode.o(i.pb_dec_varint)
    i.pb_decode                              0x0007966c   Section        0  pb_decode.o(i.pb_decode)
    i.pb_decode_fixed32                      0x0007968a   Section        0  pb_decode.o(i.pb_decode_fixed32)
    i.pb_decode_fixed64                      0x000796aa   Section        0  pb_decode.o(i.pb_decode_fixed64)
    i.pb_decode_noinit                       0x00079708   Section        0  pb_decode.o(i.pb_decode_noinit)
    i.pb_decode_svarint                      0x0007988e   Section        0  pb_decode.o(i.pb_decode_svarint)
    i.pb_decode_tag                          0x000798c8   Section        0  pb_decode.o(i.pb_decode_tag)
    i.pb_decode_varint                       0x0007990a   Section        0  pb_decode.o(i.pb_decode_varint)
    i.pb_decode_varint32                     0x00079954   Section        0  pb_decode.o(i.pb_decode_varint32)
    pb_decode_varint32                       0x00079955   Thumb Code    76  pb_decode.o(i.pb_decode_varint32)
    i.pb_decoding_callback                   0x000799a0   Section        0  dfu_req_handling.o(i.pb_decoding_callback)
    pb_decoding_callback                     0x000799a1   Thumb Code    34  dfu_req_handling.o(i.pb_decoding_callback)
    i.pb_field_iter_begin                    0x000799f4   Section        0  pb_common.o(i.pb_field_iter_begin)
    i.pb_field_iter_find                     0x00079a16   Section        0  pb_common.o(i.pb_field_iter_find)
    i.pb_field_iter_next                     0x00079a44   Section        0  pb_common.o(i.pb_field_iter_next)
    i.pb_field_set_to_default                0x00079ac4   Section        0  pb_decode.o(i.pb_field_set_to_default)
    pb_field_set_to_default                  0x00079ac5   Thumb Code   164  pb_decode.o(i.pb_field_set_to_default)
    i.pb_istream_from_buffer                 0x00079b68   Section        0  pb_decode.o(i.pb_istream_from_buffer)
    i.pb_make_string_substream               0x00079b7c   Section        0  pb_decode.o(i.pb_make_string_substream)
    i.pb_message_set_to_defaults             0x00079bb2   Section        0  pb_decode.o(i.pb_message_set_to_defaults)
    pb_message_set_to_defaults               0x00079bb3   Thumb Code    38  pb_decode.o(i.pb_message_set_to_defaults)
    i.pb_read                                0x00079bd8   Section        0  pb_decode.o(i.pb_read)
    i.pb_readbyte                            0x00079c30   Section        0  pb_decode.o(i.pb_readbyte)
    pb_readbyte                              0x00079c31   Thumb Code    32  pb_decode.o(i.pb_readbyte)
    i.pb_skip_field                          0x00079c50   Section        0  pb_decode.o(i.pb_skip_field)
    i.pins_to_default                        0x00079cac   Section        0  nrf_drv_uart.o(i.pins_to_default)
    pins_to_default                          0x00079cad   Thumb Code   114  nrf_drv_uart.o(i.pins_to_default)
    i.queue_utilization_get                  0x00079d24   Section        0  nrf_queue.o(i.queue_utilization_get)
    queue_utilization_get                    0x00079d25   Thumb Code    24  nrf_queue.o(i.queue_utilization_get)
    i.read_raw_value                         0x00079d3c   Section        0  pb_decode.o(i.read_raw_value)
    read_raw_value                           0x00079d3d   Thumb Code    98  pb_decode.o(i.read_raw_value)
    i.reset_delay_timer_handler              0x00079da0   Section        0  nrf_dfu.o(i.reset_delay_timer_handler)
    reset_delay_timer_handler                0x00079da1   Thumb Code    40  nrf_dfu.o(i.reset_delay_timer_handler)
    i.reset_device                           0x00079e04   Section        0  dfu_req_handling.o(i.reset_device)
    reset_device                             0x00079e05   Thumb Code    38  dfu_req_handling.o(i.reset_device)
    i.reset_device_callback                  0x00079e50   Section        0  nrf_dfu_utils.o(i.reset_device_callback)
    reset_device_callback                    0x00079e51   Thumb Code    46  nrf_dfu_utils.o(i.reset_device_callback)
    i.response_send                          0x00079ea8   Section        0  nrf_serial_dfu.o(i.response_send)
    response_send                            0x00079ea9   Thumb Code   158  nrf_serial_dfu.o(i.response_send)
    i.rtc1_stop                              0x00079f74   Section        0  app_timer.o(i.rtc1_stop)
    rtc1_stop                                0x00079f75   Thumb Code    52  app_timer.o(i.rtc1_stop)
    i.rx_byte                                0x00079fb0   Section        0  nrf_drv_uart.o(i.rx_byte)
    rx_byte                                  0x00079fb1   Thumb Code    50  nrf_drv_uart.o(i.rx_byte)
    i.rx_done_event                          0x00079fe2   Section        0  nrf_drv_uart.o(i.rx_done_event)
    rx_done_event                            0x00079fe3   Thumb Code    24  nrf_drv_uart.o(i.rx_done_event)
    i.rx_enable                              0x00079ffa   Section        0  nrf_drv_uart.o(i.rx_enable)
    rx_enable                                0x00079ffb   Thumb Code    32  nrf_drv_uart.o(i.rx_enable)
    i.serial_dfu_transport_close             0x0007a01c   Section        0  nrf_serial_dfu.o(i.serial_dfu_transport_close)
    i.serial_dfu_transport_init              0x0007a02c   Section        0  nrf_serial_dfu.o(i.serial_dfu_transport_init)
    i.serial_tx                              0x0007a140   Section        0  nrf_log_backend_serial.o(i.serial_tx)
    serial_tx                                0x0007a141   Thumb Code    46  nrf_log_backend_serial.o(i.serial_tx)
    i.sha256_final                           0x0007a16e   Section        0  sha256.o(i.sha256_final)
    i.sha256_init                            0x0007a280   Section        0  sha256.o(i.sha256_init)
    i.sha256_transform                       0x0007a2d4   Section        0  sha256.o(i.sha256_transform)
    i.sha256_update                          0x0007a400   Section        0  sha256.o(i.sha256_update)
    i.slip_decode_add_byte                   0x0007a454   Section        0  slip.o(i.slip_decode_add_byte)
    i.slip_encode                            0x0007a4c2   Section        0  slip.o(i.slip_encode)
    i.softdevice_handler_is_enabled          0x0007a518   Section        0  softdevice_handler.o(i.softdevice_handler_is_enabled)
    i.timeout_handler_scheduled_exec         0x0007a524   Section        0  app_timer.o(i.timeout_handler_scheduled_exec)
    timeout_handler_scheduled_exec           0x0007a525   Thumb Code    24  app_timer.o(i.timeout_handler_scheduled_exec)
    i.timer_list_handler                     0x0007a53c   Section        0  app_timer.o(i.timer_list_handler)
    timer_list_handler                       0x0007a53d   Thumb Code   122  app_timer.o(i.timer_list_handler)
    i.timer_list_insert                      0x0007a5bc   Section        0  app_timer.o(i.timer_list_insert)
    timer_list_insert                        0x0007a5bd   Thumb Code    56  app_timer.o(i.timer_list_insert)
    i.timer_list_remove                      0x0007a5f8   Section        0  app_timer.o(i.timer_list_remove)
    timer_list_remove                        0x0007a5f9   Thumb Code    88  app_timer.o(i.timer_list_remove)
    i.timer_stop_op_schedule                 0x0007a658   Section        0  app_timer.o(i.timer_stop_op_schedule)
    timer_stop_op_schedule                   0x0007a659   Thumb Code    68  app_timer.o(i.timer_stop_op_schedule)
    i.timer_timeouts_check                   0x0007a6a0   Section        0  app_timer.o(i.timer_timeouts_check)
    timer_timeouts_check                     0x0007a6a1   Thumb Code   124  app_timer.o(i.timer_timeouts_check)
    i.timestamp_process                      0x0007a728   Section        0  nrf_log_backend_serial.o(i.timestamp_process)
    timestamp_process                        0x0007a729   Thumb Code    44  nrf_log_backend_serial.o(i.timestamp_process)
    i.tx_byte                                0x0007a75c   Section        0  nrf_drv_uart.o(i.tx_byte)
    tx_byte                                  0x0007a75d   Thumb Code    32  nrf_drv_uart.o(i.tx_byte)
    i.tx_done_event                          0x0007a77c   Section        0  nrf_drv_uart.o(i.tx_done_event)
    tx_done_event                            0x0007a77d   Thumb Code    28  nrf_drv_uart.o(i.tx_done_event)
    i.uart_event_handler                     0x0007a798   Section        0  nrf_serial_dfu.o(i.uart_event_handler)
    uart_event_handler                       0x0007a799   Thumb Code    78  nrf_serial_dfu.o(i.uart_event_handler)
    i.uart_irq_handler                       0x0007a7ec   Section        0  nrf_drv_uart.o(i.uart_irq_handler)
    uart_irq_handler                         0x0007a7ed   Thumb Code   286  nrf_drv_uart.o(i.uart_irq_handler)
    i.uarte_irq_handler                      0x0007a90a   Section        0  nrf_drv_uart.o(i.uarte_irq_handler)
    uarte_irq_handler                        0x0007a90b   Thumb Code   240  nrf_drv_uart.o(i.uarte_irq_handler)
    i.uint32_encode                          0x0007a9fa   Section        0  nrf_serial_dfu.o(i.uint32_encode)
    uint32_encode                            0x0007a9fb   Thumb Code    18  nrf_serial_dfu.o(i.uint32_encode)
    i.user_op_alloc                          0x0007aa0c   Section        0  app_timer.o(i.user_op_alloc)
    user_op_alloc                            0x0007aa0d   Thumb Code    42  app_timer.o(i.user_op_alloc)
    .constdata                               0x0007aa3c   Section        1  dfu-cc.pb.o(.constdata)
    .constdata                               0x0007aa40   Section       36  dfu-cc.pb.o(.constdata)
    .constdata                               0x0007aa64   Section      120  dfu-cc.pb.o(.constdata)
    .constdata                               0x0007aadc   Section       24  dfu-cc.pb.o(.constdata)
    .constdata                               0x0007aaf4   Section       48  dfu-cc.pb.o(.constdata)
    .constdata                               0x0007ab24   Section       48  dfu-cc.pb.o(.constdata)
    .constdata                               0x0007ab54   Section       36  dfu-cc.pb.o(.constdata)
    .constdata                               0x0007ab78   Section       64  dfu_public_key.o(.constdata)
    .constdata                               0x0007abb8   Section        5  dfu_req_handling.o(.constdata)
    .constdata                               0x0007abbd   Section        8  boards.o(.constdata)
    m_board_led_list                         0x0007abbd   Data           4  boards.o(.constdata)
    m_board_btn_list                         0x0007abc1   Data           4  boards.o(.constdata)
    .constdata                               0x0007abc8   Section       16  nrf_dfu_flash.o(.constdata)
    .constdata                               0x0007abd8   Section       64  nrf_dfu_mbr.o(.constdata)
    .constdata                               0x0007ac18   Section        4  nrf_dfu_utils.o(.constdata)
    .constdata                               0x0007ac1c   Section        4  nrf_drv_gpiote.o(.constdata)
    .constdata                               0x0007ac20   Section       24  nrf_drv_rng.o(.constdata)
    m_default_config                         0x0007ac20   Data           2  nrf_drv_rng.o(.constdata)
    m_rand_pool                              0x0007ac24   Data          20  nrf_drv_rng.o(.constdata)
    .constdata                               0x0007ac38   Section      256  sha256.o(.constdata)
    k                                        0x0007ac38   Data         256  sha256.o(.constdata)
    .constdata                               0x0007ad38   Section       40  nrf_serial_dfu.o(.constdata)
    .constdata                               0x0007ad60   Section        8  nrf_crypto_sw_hash.o(.constdata)
    .constdata                               0x0007ad68   Section       36  pb_decode.o(.constdata)
    PB_DECODERS                              0x0007ad68   Data          36  pb_decode.o(.constdata)
    .constdata                               0x0007ad8c   Section      129  ctype_o.o(.constdata)
    .constdata                               0x0007ae10   Section        4  ctype_o.o(.constdata)
    table                                    0x0007ae10   Data           4  ctype_o.o(.constdata)
    .conststring                             0x0007ae14   Section      578  dfu_req_handling.o(.conststring)
    .conststring                             0x0007b058   Section       67  nrf_dfu_settings.o(.conststring)
    .conststring                             0x0007b09c   Section      505  nrf_dfu_utils.o(.conststring)
    [Anonymous Symbol]                       0x0007b298   Section        0  micro_ecc_lib_uECC.c.o(.rodata.curve_secp256r1)
    curve_secp256r1                          0x0007b298   Data         176  micro_ecc_lib_uECC.c.o(.rodata.curve_secp256r1)
    dfu_trans                                0x0007b368   Section        8  nrf_serial_dfu.o(dfu_trans)
    __tagsym$$used                           0x0007b368   Number         0  nrf_serial_dfu.o(dfu_trans)
    dfu_trans                                0x0007b368   Data           8  nrf_serial_dfu.o(dfu_trans)
    .ARM.__AT_0x0007E000                     0x0007e000   Section     4096  nrf_dfu_settings.o(.ARM.__AT_0x0007E000)
    __tagsym$$used                           0x0007e000   Number         0  nrf_dfu_settings.o(.ARM.__AT_0x0007E000)
    .ARM.__AT_0x0007F000                     0x0007f000   Section     4096  nrf_dfu_settings.o(.ARM.__AT_0x0007F000)
    __tagsym$$used                           0x0007f000   Number         0  nrf_dfu_settings.o(.ARM.__AT_0x0007F000)
    .ARM.__AT_0x10001014                     0x10001014   Section        4  nrf_bootloader_info.o(.ARM.__AT_0x10001014)
    .ARM.__AT_0x10001018                     0x10001018   Section        4  nrf_dfu_settings.o(.ARM.__AT_0x10001018)
    .data                                    0x20002c00   Section       60  dfu_req_handling.o(.data)
    cur_obj_type                             0x20002c00   Data           1  dfu_req_handling.o(.data)
    m_current_data_buffer                    0x20002c01   Data           1  dfu_req_handling.o(.data)
    m_valid_init_packet_present              0x20002c02   Data           1  dfu_req_handling.o(.data)
    m_is_dfu_complete_response_sent          0x20002c03   Data           1  dfu_req_handling.o(.data)
    m_dfu_finished_settings_write_state      0x20002c04   Data           1  dfu_req_handling.o(.data)
    m_data_buf_pos                           0x20002c06   Data           2  dfu_req_handling.o(.data)
    m_flash_operations_pending               0x20002c08   Data           4  dfu_req_handling.o(.data)
    m_firmware_start_addr                    0x20002c0c   Data           4  dfu_req_handling.o(.data)
    m_firmware_size_req                      0x20002c10   Data           4  dfu_req_handling.o(.data)
    crypto_key_pk                            0x20002c14   Data           8  dfu_req_handling.o(.data)
    crypto_sig                               0x20002c1c   Data           8  dfu_req_handling.o(.data)
    init_packet_hash                         0x20002c24   Data           8  dfu_req_handling.o(.data)
    fw_hash                                  0x20002c2c   Data           8  dfu_req_handling.o(.data)
    init_packet_data                         0x20002c34   Data           8  dfu_req_handling.o(.data)
    .data                                    0x20002c3c   Section        4  nrf_dfu_flash.o(.data)
    m_flags                                  0x20002c3c   Data           4  nrf_dfu_flash.o(.data)
    .data                                    0x20002c40   Section        1  nrf_dfu_handling_error.o(.data)
    m_last_error                             0x20002c40   Data           1  nrf_dfu_handling_error.o(.data)
    .data                                    0x20002c44   Section        8  nrf_dfu_settings.o(.data)
    flash_operation_pending                  0x20002c44   Data           1  nrf_dfu_settings.o(.data)
    m_callback                               0x20002c48   Data           4  nrf_dfu_settings.o(.data)
    .data                                    0x20002c4c   Section       16  app_scheduler.o(.data)
    m_queue_start_index                      0x20002c4c   Data           1  app_scheduler.o(.data)
    m_queue_end_index                        0x20002c4d   Data           1  app_scheduler.o(.data)
    m_queue_event_size                       0x20002c4e   Data           2  app_scheduler.o(.data)
    m_queue_size                             0x20002c50   Data           2  app_scheduler.o(.data)
    m_queue_event_headers                    0x20002c54   Data           4  app_scheduler.o(.data)
    m_queue_event_data                       0x20002c58   Data           4  app_scheduler.o(.data)
    .data                                    0x20002c5c   Section       20  app_timer.o(.data)
    m_ticks_elapsed_q_read_ind               0x20002c5c   Data           1  app_timer.o(.data)
    m_ticks_elapsed_q_write_ind              0x20002c5d   Data           1  app_timer.o(.data)
    m_rtc1_running                           0x20002c5e   Data           1  app_timer.o(.data)
    m_rtc1_reset                             0x20002c5f   Data           1  app_timer.o(.data)
    mp_timer_id_head                         0x20002c60   Data           4  app_timer.o(.data)
    m_ticks_latest                           0x20002c64   Data           4  app_timer.o(.data)
    m_ticks_elapsed                          0x20002c68   Data           8  app_timer.o(.data)
    .data                                    0x20002c70   Section        2  nrf_log_backend_serial.o(.data)
    m_initialized                            0x20002c70   Data           1  nrf_log_backend_serial.o(.data)
    m_blocking_mode                          0x20002c71   Data           1  nrf_log_backend_serial.o(.data)
    .data                                    0x20002c74   Section       12  softdevice_handler.o(.data)
    m_softdevice_enabled                     0x20002c74   Data           1  softdevice_handler.o(.data)
    m_suspended                              0x20002c75   Data           1  softdevice_handler.o(.data)
    m_evt_schedule_func                      0x20002c78   Data           4  softdevice_handler.o(.data)
    m_sys_evt_handler                        0x20002c7c   Data           4  softdevice_handler.o(.data)
    .data                                    0x20002c80   Section        4  system_nrf52.o(.data)
    __tagsym$$used                           0x20002c80   Number         0  system_nrf52.o(.data)
    .bss                                     0x20002c84   Section     1340  dfu_req_handling.o(.bss)
    packet                                   0x20002c84   Data         300  dfu_req_handling.o(.bss)
    m_data_buf                               0x20002db0   Data        1024  dfu_req_handling.o(.bss)
    stream                                   0x200031b0   Data          16  dfu_req_handling.o(.bss)
    .bss                                     0x200031c0   Section       64  dfu_req_handling.o(.bss)
    crypto_sig_buffer                        0x200031c0   Data          64  dfu_req_handling.o(.bss)
    .bss                                     0x20003200   Section       32  dfu_req_handling.o(.bss)
    init_packet_hash_buffer                  0x20003200   Data          32  dfu_req_handling.o(.bss)
    .bss                                     0x20003220   Section       32  dfu_req_handling.o(.bss)
    fw_hash_buffer                           0x20003220   Data          32  dfu_req_handling.o(.bss)
    .bss                                     0x20003240   Section      336  nrf_dfu.o(.bss)
    APP_SCHED_BUF                            0x20003240   Data         336  nrf_dfu.o(.bss)
    .bss                                     0x20003390   Section      696  nrf_dfu_settings.o(.bss)
    temp_dfu_settings                        0x20003390   Data         348  nrf_dfu_settings.o(.bss)
    .bss                                     0x20003648   Section       32  nrf_dfu_utils.o(.bss)
    nrf_dfu_utils_reset_delay_timer_data     0x20003648   Data          32  nrf_dfu_utils.o(.bss)
    .bss                                     0x20003668   Section       20  nrf_drv_clock.o(.bss)
    m_clock_cb                               0x20003668   Data          20  nrf_drv_clock.o(.bss)
    .bss                                     0x2000367c   Section       88  nrf_drv_gpiote.o(.bss)
    m_cb                                     0x2000367c   Data          88  nrf_drv_gpiote.o(.bss)
    .bss                                     0x200036d4   Section       33  nrf_drv_rng.o(.bss)
    m_rand_pool_nrf_queue_buffer             0x200036d4   Data          33  nrf_drv_rng.o(.bss)
    .bss                                     0x200036f8   Section       12  nrf_drv_rng.o(.bss)
    m_rand_pool_nrf_queue_cb                 0x200036f8   Data          12  nrf_drv_rng.o(.bss)
    .bss                                     0x20003704   Section       32  nrf_drv_uart.o(.bss)
    m_cb                                     0x20003704   Data          32  nrf_drv_uart.o(.bss)
    .bss                                     0x20003724   Section      268  app_timer.o(.bss)
    m_op_queue                               0x20003724   Data         268  app_timer.o(.bss)
    .bss                                     0x20003830   Section       12  app_util_platform.o(.bss)
    .bss                                     0x2000383c   Section       28  nrf_log_frontend.o(.bss)
    m_log_data                               0x2000383c   Data          28  nrf_log_frontend.o(.bss)
    .bss                                     0x20003858   Section      288  nrf_serial_dfu.o(.bss)
    m_dfu                                    0x20003858   Data         288  nrf_serial_dfu.o(.bss)
    .bss                                     0x20003978   Section      648  segger_rtt.o(.bss)
    _acUpBuffer                              0x20003978   Data         512  segger_rtt.o(.bss)
    _acDownBuffer                            0x20003b78   Data          16  segger_rtt.o(.bss)
    STACK                                    0x20003c00   Section     8192  arm_startup_nrf52.o(STACK)

    Global Symbols

    Symbol Name                              Value     Ov Type        Size  Object(Section)

    BuildAttributes$$THM_ISAv4$E$P$D$K$B$S$7EM$VFPi3$EXTD16$VFPS$VFMA$PE$A:L22UL41UL21$X:L11$S22US41US21$IEEE1$IW$USESV6$~STKCKD$USESV7$~SHL$OSPACE$ROPI$IEEEX$EBA8$MICROLIB$REQ8$PRES8$EABIv2 0x00000000   Number         0  anon$$obj.o ABSOLUTE
    __ARM_use_no_argv                        0x00000000   Number         0  main.o ABSOLUTE
    _printf_a                                0x00000000   Number         0  stubs.o ABSOLUTE
    _printf_c                                0x00000000   Number         0  stubs.o ABSOLUTE
    _printf_charcount                        0x00000000   Number         0  stubs.o ABSOLUTE
    _printf_d                                0x00000000   Number         0  stubs.o ABSOLUTE
    _printf_e                                0x00000000   Number         0  stubs.o ABSOLUTE
    _printf_f                                0x00000000   Number         0  stubs.o ABSOLUTE
    _printf_flags                            0x00000000   Number         0  stubs.o ABSOLUTE
    _printf_fp_dec                           0x00000000   Number         0  stubs.o ABSOLUTE
    _printf_fp_hex                           0x00000000   Number         0  stubs.o ABSOLUTE
    _printf_g                                0x00000000   Number         0  stubs.o ABSOLUTE
    _printf_i                                0x00000000   Number         0  stubs.o ABSOLUTE
    _printf_int_dec                          0x00000000   Number         0  stubs.o ABSOLUTE
    _printf_l                                0x00000000   Number         0  stubs.o ABSOLUTE
    _printf_lc                               0x00000000   Number         0  stubs.o ABSOLUTE
    _printf_ll                               0x00000000   Number         0  stubs.o ABSOLUTE
    _printf_lld                              0x00000000   Number         0  stubs.o ABSOLUTE
    _printf_lli                              0x00000000   Number         0  stubs.o ABSOLUTE
    _printf_llo                              0x00000000   Number         0  stubs.o ABSOLUTE
    _printf_llu                              0x00000000   Number         0  stubs.o ABSOLUTE
    _printf_llx                              0x00000000   Number         0  stubs.o ABSOLUTE
    _printf_longlong_dec                     0x00000000   Number         0  stubs.o ABSOLUTE
    _printf_longlong_hex                     0x00000000   Number         0  stubs.o ABSOLUTE
    _printf_longlong_oct                     0x00000000   Number         0  stubs.o ABSOLUTE
    _printf_ls                               0x00000000   Number         0  stubs.o ABSOLUTE
    _printf_mbtowc                           0x00000000   Number         0  stubs.o ABSOLUTE
    _printf_n                                0x00000000   Number         0  stubs.o ABSOLUTE
    _printf_o                                0x00000000   Number         0  stubs.o ABSOLUTE
    _printf_p                                0x00000000   Number         0  stubs.o ABSOLUTE
    _printf_percent                          0x00000000   Number         0  stubs.o ABSOLUTE
    _printf_pre_padding                      0x00000000   Number         0  stubs.o ABSOLUTE
    _printf_return_value                     0x00000000   Number         0  stubs.o ABSOLUTE
    _printf_s                                0x00000000   Number         0  stubs.o ABSOLUTE
    _printf_sizespec                         0x00000000   Number         0  stubs.o ABSOLUTE
    _printf_str                              0x00000000   Number         0  stubs.o ABSOLUTE
    _printf_truncate_signed                  0x00000000   Number         0  stubs.o ABSOLUTE
    _printf_truncate_unsigned                0x00000000   Number         0  stubs.o ABSOLUTE
    _printf_u                                0x00000000   Number         0  stubs.o ABSOLUTE
    _printf_wc                               0x00000000   Number         0  stubs.o ABSOLUTE
    _printf_wctomb                           0x00000000   Number         0  stubs.o ABSOLUTE
    _printf_widthprec                        0x00000000   Number         0  stubs.o ABSOLUTE
    _printf_x                                0x00000000   Number         0  stubs.o ABSOLUTE
    __cpp_initialize__aeabi_                  - Undefined Weak Reference
    __cxa_finalize                            - Undefined Weak Reference
    __decompress                              - Undefined Weak Reference
    _clock_init                               - Undefined Weak Reference
    _microlib_exit                            - Undefined Weak Reference
    __Vectors_Size                           0x00000200   Number         0  arm_startup_nrf52.o ABSOLUTE
    Image$$ER_IROM1$$Base                    0x00073000   Number         0  anon$$obj.o ABSOLUTE
    __Vectors                                0x00073000   Data           4  arm_startup_nrf52.o(RESET)
    __Vectors_End                            0x00073200   Data           0  arm_startup_nrf52.o(RESET)
    __main                                   0x00073201   Thumb Code     0  entry.o(.ARM.Collect$$$$00000000)
    _main_stk                                0x00073201   Thumb Code     0  entry2.o(.ARM.Collect$$$$00000001)
    _main_scatterload                        0x00073205   Thumb Code     0  entry5.o(.ARM.Collect$$$$00000004)
    __main_after_scatterload                 0x00073209   Thumb Code     0  entry5.o(.ARM.Collect$$$$00000004)
    _main_clock                              0x00073209   Thumb Code     0  entry7b.o(.ARM.Collect$$$$00000008)
    _main_cpp_init                           0x00073209   Thumb Code     0  entry8b.o(.ARM.Collect$$$$0000000A)
    _main_init                               0x00073209   Thumb Code     0  entry9a.o(.ARM.Collect$$$$0000000B)
    __rt_final_cpp                           0x00073211   Thumb Code     0  entry10a.o(.ARM.Collect$$$$0000000D)
    __rt_final_exit                          0x00073211   Thumb Code     0  entry11a.o(.ARM.Collect$$$$0000000F)
    nrf_bootloader_app_start_impl            0x00073215   Thumb Code    64  nrf_bootloader_app_start_asm.o(.emb_text)
    Reset_Handler                            0x00073255   Thumb Code     8  arm_startup_nrf52.o(.text)
    NMI_Handler                              0x0007325d   Thumb Code     2  arm_startup_nrf52.o(.text)
    HardFault_Handler                        0x0007325f   Thumb Code     2  arm_startup_nrf52.o(.text)
    MemoryManagement_Handler                 0x00073261   Thumb Code     2  arm_startup_nrf52.o(.text)
    BusFault_Handler                         0x00073263   Thumb Code     2  arm_startup_nrf52.o(.text)
    UsageFault_Handler                       0x00073265   Thumb Code     2  arm_startup_nrf52.o(.text)
    SVC_Handler                              0x00073267   Thumb Code     2  arm_startup_nrf52.o(.text)
    DebugMon_Handler                         0x00073269   Thumb Code     2  arm_startup_nrf52.o(.text)
    PendSV_Handler                           0x0007326b   Thumb Code     2  arm_startup_nrf52.o(.text)
    SysTick_Handler                          0x0007326d   Thumb Code     2  arm_startup_nrf52.o(.text)
    CCM_AAR_IRQHandler                       0x0007326f   Thumb Code     0  arm_startup_nrf52.o(.text)
    COMP_LPCOMP_IRQHandler                   0x0007326f   Thumb Code     0  arm_startup_nrf52.o(.text)
    ECB_IRQHandler                           0x0007326f   Thumb Code     0  arm_startup_nrf52.o(.text)
    FPU_IRQHandler                           0x0007326f   Thumb Code     0  arm_startup_nrf52.o(.text)
    I2S_IRQHandler                           0x0007326f   Thumb Code     0  arm_startup_nrf52.o(.text)
    MWU_IRQHandler                           0x0007326f   Thumb Code     0  arm_startup_nrf52.o(.text)
    NFCT_IRQHandler                          0x0007326f   Thumb Code     0  arm_startup_nrf52.o(.text)
    PDM_IRQHandler                           0x0007326f   Thumb Code     0  arm_startup_nrf52.o(.text)
    PWM0_IRQHandler                          0x0007326f   Thumb Code     0  arm_startup_nrf52.o(.text)
    PWM1_IRQHandler                          0x0007326f   Thumb Code     0  arm_startup_nrf52.o(.text)
    PWM2_IRQHandler                          0x0007326f   Thumb Code     0  arm_startup_nrf52.o(.text)
    QDEC_IRQHandler                          0x0007326f   Thumb Code     0  arm_startup_nrf52.o(.text)
    RADIO_IRQHandler                         0x0007326f   Thumb Code     0  arm_startup_nrf52.o(.text)
    RTC0_IRQHandler                          0x0007326f   Thumb Code     0  arm_startup_nrf52.o(.text)
    RTC2_IRQHandler                          0x0007326f   Thumb Code     0  arm_startup_nrf52.o(.text)
    SAADC_IRQHandler                         0x0007326f   Thumb Code     0  arm_startup_nrf52.o(.text)
    SPIM0_SPIS0_TWIM0_TWIS0_SPI0_TWI0_IRQHandler 0x0007326f   Thumb Code     0  arm_startup_nrf52.o(.text)
    SPIM1_SPIS1_TWIM1_TWIS1_SPI1_TWI1_IRQHandler 0x0007326f   Thumb Code     0  arm_startup_nrf52.o(.text)
    SPIM2_SPIS2_SPI2_IRQHandler              0x0007326f   Thumb Code     0  arm_startup_nrf52.o(.text)
    SWI1_EGU1_IRQHandler                     0x0007326f   Thumb Code     0  arm_startup_nrf52.o(.text)
    SWI3_EGU3_IRQHandler                     0x0007326f   Thumb Code     0  arm_startup_nrf52.o(.text)
    SWI4_EGU4_IRQHandler                     0x0007326f   Thumb Code     0  arm_startup_nrf52.o(.text)
    SWI5_EGU5_IRQHandler                     0x0007326f   Thumb Code     0  arm_startup_nrf52.o(.text)
    TEMP_IRQHandler                          0x0007326f   Thumb Code     0  arm_startup_nrf52.o(.text)
    TIMER0_IRQHandler                        0x0007326f   Thumb Code     0  arm_startup_nrf52.o(.text)
    TIMER1_IRQHandler                        0x0007326f   Thumb Code     0  arm_startup_nrf52.o(.text)
    TIMER2_IRQHandler                        0x0007326f   Thumb Code     0  arm_startup_nrf52.o(.text)
    TIMER3_IRQHandler                        0x0007326f   Thumb Code     0  arm_startup_nrf52.o(.text)
    TIMER4_IRQHandler                        0x0007326f   Thumb Code     0  arm_startup_nrf52.o(.text)
    WDT_IRQHandler                           0x0007326f   Thumb Code     0  arm_startup_nrf52.o(.text)
    __aeabi_uldivmod                         0x00073279   Thumb Code    98  uldiv.o(.text)
    __aeabi_llsl                             0x000732db   Thumb Code    30  llshl.o(.text)
    _ll_shift_l                              0x000732db   Thumb Code     0  llshl.o(.text)
    __rt_ctype_table                         0x000732f9   Thumb Code     4  ctype_o.o(.text)
    __aeabi_memcpy                           0x00073301   Thumb Code    36  memcpya.o(.text)
    __aeabi_memcpy4                          0x00073301   Thumb Code     0  memcpya.o(.text)
    __aeabi_memcpy8                          0x00073301   Thumb Code     0  memcpya.o(.text)
    __aeabi_memset                           0x00073325   Thumb Code    14  memseta.o(.text)
    __aeabi_memset4                          0x00073325   Thumb Code     0  memseta.o(.text)
    __aeabi_memset8                          0x00073325   Thumb Code     0  memseta.o(.text)
    __aeabi_memclr                           0x00073333   Thumb Code     4  memseta.o(.text)
    __aeabi_memclr4                          0x00073333   Thumb Code     0  memseta.o(.text)
    __aeabi_memclr8                          0x00073333   Thumb Code     0  memseta.o(.text)
    memset                                   0x00073337   Thumb Code    18  memseta.o(.text)
    strlen                                   0x00073349   Thumb Code    14  strlen.o(.text)
    memcmp                                   0x00073357   Thumb Code    26  memcmp.o(.text)
    strcpy                                   0x00073371   Thumb Code    18  strcpy.o(.text)
    __aeabi_llsr                             0x00073383   Thumb Code    32  llushr.o(.text)
    _ll_ushift_r                             0x00073383   Thumb Code     0  llushr.o(.text)
    __scatterload                            0x000733a5   Thumb Code    28  init.o(.text)
    __scatterload_rt2                        0x000733a5   Thumb Code     0  init.o(.text)
    uECC_secp256r1                           0x000736b9   Thumb Code     8  micro_ecc_lib_uECC.c.o(.text.uECC_secp256r1)
    uECC_verify                              0x000736c1   Thumb Code   724  micro_ecc_lib_uECC.c.o(.text.uECC_verify)
    uECC_vli_add                             0x000739a1   Thumb Code    88  micro_ecc_lib_uECC.c.o(.text.uECC_vli_add)
    uECC_vli_clear                           0x000739f9   Thumb Code    24  micro_ecc_lib_uECC.c.o(.text.uECC_vli_clear)
    uECC_vli_equal                           0x00073a3b   Thumb Code    42  micro_ecc_lib_uECC.c.o(.text.uECC_vli_equal)
    uECC_vli_isZero                          0x00073a65   Thumb Code    30  micro_ecc_lib_uECC.c.o(.text.uECC_vli_isZero)
    uECC_vli_mmod                            0x00073a85   Thumb Code   316  micro_ecc_lib_uECC.c.o(.text.uECC_vli_mmod)
    uECC_vli_modAdd                          0x00073bc1   Thumb Code    50  micro_ecc_lib_uECC.c.o(.text.uECC_vli_modAdd)
    uECC_vli_modInv                          0x00073bf3   Thumb Code   268  micro_ecc_lib_uECC.c.o(.text.uECC_vli_modInv)
    uECC_vli_modMult                         0x00073cff   Thumb Code    36  micro_ecc_lib_uECC.c.o(.text.uECC_vli_modMult)
    uECC_vli_modMult_fast                    0x00073d23   Thumb Code    32  micro_ecc_lib_uECC.c.o(.text.uECC_vli_modMult_fast)
    uECC_vli_modSquare_fast                  0x00073d43   Thumb Code    32  micro_ecc_lib_uECC.c.o(.text.uECC_vli_modSquare_fast)
    uECC_vli_modSub                          0x00073d63   Thumb Code    36  micro_ecc_lib_uECC.c.o(.text.uECC_vli_modSub)
    uECC_vli_mult                            0x00073d87   Thumb Code   786  micro_ecc_lib_uECC.c.o(.text.uECC_vli_mult)
    uECC_vli_numBits                         0x00074099   Thumb Code    68  micro_ecc_lib_uECC.c.o(.text.uECC_vli_numBits)
    uECC_vli_rshift1                         0x000740dd   Thumb Code    26  micro_ecc_lib_uECC.c.o(.text.uECC_vli_rshift1)
    uECC_vli_set                             0x000740f7   Thumb Code    26  micro_ecc_lib_uECC.c.o(.text.uECC_vli_set)
    uECC_vli_square                          0x00074111   Thumb Code   652  micro_ecc_lib_uECC.c.o(.text.uECC_vli_square)
    uECC_vli_sub                             0x000743a1   Thumb Code    94  micro_ecc_lib_uECC.c.o(.text.uECC_vli_sub)
    uECC_vli_testBit                         0x00074401   Thumb Code    18  micro_ecc_lib_uECC.c.o(.text.uECC_vli_testBit)
    GPIOTE_IRQHandler                        0x00074659   Thumb Code   362  nrf_drv_gpiote.o(i.GPIOTE_IRQHandler)
    POWER_CLOCK_IRQHandler                   0x00074855   Thumb Code    84  nrf_drv_clock.o(i.POWER_CLOCK_IRQHandler)
    RNG_IRQHandler                           0x000748ad   Thumb Code    82  nrf_drv_rng.o(i.RNG_IRQHandler)
    RTC1_IRQHandler                          0x00074911   Thumb Code    32  app_timer.o(i.RTC1_IRQHandler)
    SEGGER_RTT_Init                          0x00074935   Thumb Code    14  segger_rtt.o(i.SEGGER_RTT_Init)
    SEGGER_RTT_WriteNoLock                   0x00074949   Thumb Code    86  segger_rtt.o(i.SEGGER_RTT_WriteNoLock)
    SWI0_EGU0_IRQHandler                     0x000749a5   Thumb Code     4  app_timer.o(i.SWI0_EGU0_IRQHandler)
    SWI2_EGU2_IRQHandler                     0x000749a9   Thumb Code    32  softdevice_handler.o(i.SWI2_EGU2_IRQHandler)
    SystemInit                               0x000749cd   Thumb Code   654  system_nrf52.o(i.SystemInit)
    UARTE0_UART0_IRQHandler                  0x00074c99   Thumb Code    20  nrf_drv_uart.o(i.UARTE0_UART0_IRQHandler)
    __0snprintf$8                            0x00074dcd   Thumb Code    44  printf8.o(i.__0snprintf$8)
    __1snprintf$8                            0x00074dcd   Thumb Code     0  printf8.o(i.__0snprintf$8)
    __2snprintf                              0x00074dcd   Thumb Code     0  printf8.o(i.__0snprintf$8)
    __scatterload_copy                       0x00074dfd   Thumb Code    14  handlers.o(i.__scatterload_copy)
    __scatterload_null                       0x00074e0b   Thumb Code     2  handlers.o(i.__scatterload_null)
    __scatterload_zeroinit                   0x00074e0d   Thumb Code    14  handlers.o(i.__scatterload_zeroinit)
    app_error_handler_bare                   0x00075295   Thumb Code    14  main.o(i.app_error_handler_bare)
    app_sched_event_put                      0x000752c9   Thumb Code   154  app_scheduler.o(i.app_sched_event_put)
    app_sched_execute                        0x00075369   Thumb Code    58  app_scheduler.o(i.app_sched_execute)
    app_sched_init                           0x000753a9   Thumb Code    40  app_scheduler.o(i.app_sched_init)
    app_timer_create                         0x000753d5   Thumb Code    32  app_timer.o(i.app_timer_create)
    app_timer_init                           0x000753f9   Thumb Code    70  app_timer.o(i.app_timer_init)
    app_timer_start                          0x0007544d   Thumb Code   128  app_timer.o(i.app_timer_start)
    app_timer_stop                           0x000754d5   Thumb Code    26  app_timer.o(i.app_timer_stop)
    app_util_critical_region_enter           0x000754f5   Thumb Code    64  app_util_platform.o(i.app_util_critical_region_enter)
    app_util_critical_region_exit            0x0007553d   Thumb Code    46  app_util_platform.o(i.app_util_critical_region_exit)
    bsp_board_led_off                        0x00075629   Thumb Code    10  boards.o(i.bsp_board_led_off)
    bsp_board_led_on                         0x00075639   Thumb Code    10  boards.o(i.bsp_board_led_on)
    bsp_board_leds_init                      0x00075649   Thumb Code    38  boards.o(i.bsp_board_leds_init)
    bsp_board_leds_off                       0x00075675   Thumb Code    18  boards.o(i.bsp_board_leds_off)
    crc32_compute                            0x00075799   Thumb Code    54  crc32.o(i.crc32_compute)
    ext_error_set                            0x00076019   Thumb Code     8  nrf_dfu_handling_error.o(i.ext_error_set)
    intern_softdevice_events_execute         0x00076025   Thumb Code    52  softdevice_handler.o(i.intern_softdevice_events_execute)
    main                                     0x00076209   Thumb Code    66  main.o(i.main)
    nrf_bootloader_app_start                 0x0007628d   Thumb Code    82  nrf_bootloader_app_start.o(i.nrf_bootloader_app_start)
    nrf_bootloader_init                      0x000763d9   Thumb Code    30  nrf_bootloader.o(i.nrf_bootloader_init)
    nrf_crypto_ecdsa_sizes_get               0x0007645b   Thumb Code   120  nrf_crypto_ecdsa.o(i.nrf_crypto_ecdsa_sizes_get)
    nrf_crypto_ecdsa_verify_hash             0x000764d3   Thumb Code   146  micro_ecc_lib_ecdsa.o(i.nrf_crypto_ecdsa_verify_hash)
    nrf_crypto_hash_compute                  0x00076565   Thumb Code   110  nrf_crypto_sw_hash.o(i.nrf_crypto_hash_compute)
    nrf_crypto_hash_finalize                 0x000765d9   Thumb Code    70  nrf_crypto_sw_hash.o(i.nrf_crypto_hash_finalize)
    nrf_crypto_hash_init                     0x0007661f   Thumb Code    40  nrf_crypto_sw_hash.o(i.nrf_crypto_hash_init)
    nrf_crypto_hash_size_get                 0x00076647   Thumb Code    46  nrf_crypto_hash.o(i.nrf_crypto_hash_size_get)
    nrf_crypto_hash_update                   0x00076675   Thumb Code    24  nrf_crypto_sw_hash.o(i.nrf_crypto_hash_update)
    nrf_dfu_app_is_valid                     0x000769ad   Thumb Code    70  nrf_dfu_utils.o(i.nrf_dfu_app_is_valid)
    nrf_dfu_continue                         0x00076f75   Thumb Code    60  nrf_dfu_utils.o(i.nrf_dfu_continue)
    nrf_dfu_enter_check                      0x00077609   Thumb Code    58  nrf_dfu.o(i.nrf_dfu_enter_check)
    nrf_dfu_find_cache                       0x0007764d   Thumb Code   248  nrf_dfu_utils.o(i.nrf_dfu_find_cache)
    nrf_dfu_flash_erase                      0x000778fd   Thumb Code   102  nrf_dfu_flash.o(i.nrf_dfu_flash_erase)
    nrf_dfu_flash_init                       0x000779a9   Thumb Code     8  nrf_dfu_flash.o(i.nrf_dfu_flash_init)
    nrf_dfu_flash_store                      0x000779b5   Thumb Code    82  nrf_dfu_flash.o(i.nrf_dfu_flash_store)
    nrf_dfu_init                             0x00077a31   Thumb Code   194  nrf_dfu.o(i.nrf_dfu_init)
    nrf_dfu_mbr_compare                      0x00077c29   Thumb Code    24  nrf_dfu_mbr.o(i.nrf_dfu_mbr_compare)
    nrf_dfu_mbr_copy_bl                      0x00077c45   Thumb Code    22  nrf_dfu_mbr.o(i.nrf_dfu_mbr_copy_bl)
    nrf_dfu_mbr_copy_sd                      0x00077c5d   Thumb Code    32  nrf_dfu_mbr.o(i.nrf_dfu_mbr_copy_sd)
    nrf_dfu_mbr_init_sd                      0x00077c81   Thumb Code    18  nrf_dfu_mbr.o(i.nrf_dfu_mbr_init_sd)
    nrf_dfu_req_handler_init                 0x00077fbd   Thumb Code    80  dfu_req_handling.o(i.nrf_dfu_req_handler_init)
    nrf_dfu_req_handler_on_req               0x00078015   Thumb Code    68  dfu_req_handling.o(i.nrf_dfu_req_handler_on_req)
    nrf_dfu_req_handler_reset_if_dfu_complete 0x0007807d   Thumb Code    24  dfu_req_handling.o(i.nrf_dfu_req_handler_reset_if_dfu_complete)
    nrf_dfu_settings_calculate_crc           0x000783f1   Thumb Code    10  nrf_dfu_settings.o(i.nrf_dfu_settings_calculate_crc)
    nrf_dfu_settings_init                    0x00078401   Thumb Code    88  nrf_dfu_settings.o(i.nrf_dfu_settings_init)
    nrf_dfu_settings_write                   0x00078491   Thumb Code   148  nrf_dfu_settings.o(i.nrf_dfu_settings_write)
    nrf_dfu_transports_close                 0x00078639   Thumb Code    68  nrf_dfu_transport.o(i.nrf_dfu_transports_close)
    nrf_dfu_transports_init                  0x000786f1   Thumb Code    66  nrf_dfu_transport.o(i.nrf_dfu_transports_init)
    nrf_dfu_wait                             0x000787a5   Thumb Code     6  nrf_dfu.o(i.nrf_dfu_wait)
    nrf_drv_clock_on_soc_event               0x000787ab   Thumb Code    10  nrf_drv_clock.o(i.nrf_drv_clock_on_soc_event)
    nrf_drv_common_irq_enable                0x000787cb   Thumb Code    56  nrf_drv_common.o(i.nrf_drv_common_irq_enable)
    nrf_drv_uart_init                        0x0007882d   Thumb Code    98  nrf_drv_uart.o(i.nrf_drv_uart_init)
    nrf_drv_uart_rx                          0x00078895   Thumb Code   170  nrf_drv_uart.o(i.nrf_drv_uart_rx)
    nrf_drv_uart_rx_enable                   0x00078945   Thumb Code    42  nrf_drv_uart.o(i.nrf_drv_uart_rx_enable)
    nrf_drv_uart_tx                          0x00078acd   Thumb Code   262  nrf_drv_uart.o(i.nrf_drv_uart_tx)
    nrf_drv_uart_tx_in_progress              0x00078bd9   Thumb Code    18  nrf_drv_uart.o(i.nrf_drv_uart_tx_in_progress)
    nrf_drv_uart_uninit                      0x00078bf1   Thumb Code    74  nrf_drv_uart.o(i.nrf_drv_uart_uninit)
    nrf_log_backend_hexdump_handler_get      0x00078d59   Thumb Code     4  nrf_log_backend_serial.o(i.nrf_log_backend_hexdump_handler_get)
    nrf_log_backend_init                     0x00078d61   Thumb Code    30  nrf_log_backend_serial.o(i.nrf_log_backend_init)
    nrf_log_backend_std_handler_get          0x00078fa9   Thumb Code     4  nrf_log_backend_serial.o(i.nrf_log_backend_std_handler_get)
    nrf_log_frontend_std_0                   0x00078fc9   Thumb Code     8  nrf_log_frontend.o(i.nrf_log_frontend_std_0)
    nrf_log_frontend_std_1                   0x00078fd1   Thumb Code    14  nrf_log_frontend.o(i.nrf_log_frontend_std_1)
    nrf_log_frontend_std_2                   0x00078fdf   Thumb Code    16  nrf_log_frontend.o(i.nrf_log_frontend_std_2)
    nrf_log_frontend_std_3                   0x00078fef   Thumb Code    18  nrf_log_frontend.o(i.nrf_log_frontend_std_3)
    nrf_log_frontend_std_5                   0x00079001   Thumb Code    28  nrf_log_frontend.o(i.nrf_log_frontend_std_5)
    nrf_log_handlers_set                     0x0007901d   Thumb Code     8  nrf_log_frontend.o(i.nrf_log_handlers_set)
    nrf_log_init                             0x00079029   Thumb Code    34  nrf_log_frontend.o(i.nrf_log_init)
    nrf_nvmc_page_erase                      0x0007904d   Thumb Code    38  nrf_nvmc.o(i.nrf_nvmc_page_erase)
    nrf_nvmc_write_words                     0x0007907d   Thumb Code    52  nrf_nvmc.o(i.nrf_nvmc_write_words)
    nrf_queue_is_full                        0x000790b9   Thumb Code    30  nrf_queue.o(i.nrf_queue_is_full)
    nrf_queue_push                           0x000790e5   Thumb Code   178  nrf_queue.o(i.nrf_queue_push)
    pb_decode                                0x0007966d   Thumb Code    30  pb_decode.o(i.pb_decode)
    pb_decode_fixed32                        0x0007968b   Thumb Code    32  pb_decode.o(i.pb_decode_fixed32)
    pb_decode_fixed64                        0x000796ab   Thumb Code    92  pb_decode.o(i.pb_decode_fixed64)
    pb_decode_noinit                         0x00079709   Thumb Code   390  pb_decode.o(i.pb_decode_noinit)
    pb_decode_svarint                        0x0007988f   Thumb Code    58  pb_decode.o(i.pb_decode_svarint)
    pb_decode_tag                            0x000798c9   Thumb Code    66  pb_decode.o(i.pb_decode_tag)
    pb_decode_varint                         0x0007990b   Thumb Code    74  pb_decode.o(i.pb_decode_varint)
    pb_field_iter_begin                      0x000799f5   Thumb Code    34  pb_common.o(i.pb_field_iter_begin)
    pb_field_iter_find                       0x00079a17   Thumb Code    46  pb_common.o(i.pb_field_iter_find)
    pb_field_iter_next                       0x00079a45   Thumb Code   128  pb_common.o(i.pb_field_iter_next)
    pb_istream_from_buffer                   0x00079b69   Thumb Code    14  pb_decode.o(i.pb_istream_from_buffer)
    pb_make_string_substream                 0x00079b7d   Thumb Code    54  pb_decode.o(i.pb_make_string_substream)
    pb_read                                  0x00079bd9   Thumb Code    84  pb_decode.o(i.pb_read)
    pb_skip_field                            0x00079c51   Thumb Code    90  pb_decode.o(i.pb_skip_field)
    serial_dfu_transport_close               0x0007a01d   Thumb Code    12  nrf_serial_dfu.o(i.serial_dfu_transport_close)
    serial_dfu_transport_init                0x0007a02d   Thumb Code   166  nrf_serial_dfu.o(i.serial_dfu_transport_init)
    sha256_final                             0x0007a16f   Thumb Code   272  sha256.o(i.sha256_final)
    sha256_init                              0x0007a281   Thumb Code    50  sha256.o(i.sha256_init)
    sha256_transform                         0x0007a2d5   Thumb Code   294  sha256.o(i.sha256_transform)
    sha256_update                            0x0007a401   Thumb Code    84  sha256.o(i.sha256_update)
    slip_decode_add_byte                     0x0007a455   Thumb Code   110  slip.o(i.slip_decode_add_byte)
    slip_encode                              0x0007a4c3   Thumb Code    86  slip.o(i.slip_encode)
    softdevice_handler_is_enabled            0x0007a519   Thumb Code     6  softdevice_handler.o(i.softdevice_handler_is_enabled)
    dfu_init_command_is_debug_default        0x0007aa3c   Data           1  dfu-cc.pb.o(.constdata)
    dfu_hash_fields                          0x0007aa40   Data          36  dfu-cc.pb.o(.constdata)
    dfu_init_command_fields                  0x0007aa64   Data         120  dfu-cc.pb.o(.constdata)
    dfu_reset_command_fields                 0x0007aadc   Data          24  dfu-cc.pb.o(.constdata)
    dfu_command_fields                       0x0007aaf4   Data          48  dfu-cc.pb.o(.constdata)
    dfu_signed_command_fields                0x0007ab24   Data          48  dfu-cc.pb.o(.constdata)
    dfu_packet_fields                        0x0007ab54   Data          36  dfu-cc.pb.o(.constdata)
    pk                                       0x0007ab78   Data          64  dfu_public_key.o(.constdata)
    hash_info_sha256                         0x0007abb8   Data           2  dfu_req_handling.o(.constdata)
    sig_info_p256                            0x0007abba   Data           3  dfu_req_handling.o(.constdata)
    nrf_dfu_utils_reset_delay_timer          0x0007ac18   Data           4  nrf_dfu_utils.o(.constdata)
    __ctype_table                            0x0007ad8c   Data         129  ctype_o.o(.constdata)
    Region$$Table$$Base                      0x0007b348   Number         0  anon$$obj.o(Region$$Table)
    Region$$Table$$Limit                     0x0007b368   Number         0  anon$$obj.o(Region$$Table)
    dfu_trans$$Base                          0x0007b368   Number         0  nrf_serial_dfu.o(dfu_trans)
    dfu_trans$$Limit                         0x0007b370   Number         0  nrf_serial_dfu.o(dfu_trans)
    m_mbr_params_page                        0x0007e000   Data        4096  nrf_dfu_settings.o(.ARM.__AT_0x0007E000)
    m_dfu_settings_buffer                    0x0007f000   Data        4096  nrf_dfu_settings.o(.ARM.__AT_0x0007F000)
    m_uicr_bootloader_start_address          0x10001014   Data           4  nrf_bootloader_info.o(.ARM.__AT_0x10001014)
    m_uicr_mbr_params_page_address           0x10001018   Data           4  nrf_dfu_settings.o(.ARM.__AT_0x10001018)
    SystemCoreClock                          0x20002c80   Data           4  system_nrf52.o(.data)
    s_dfu_settings                           0x200034ec   Data         348  nrf_dfu_settings.o(.bss)
    nrf_nvic_state                           0x20003830   Data          12  app_util_platform.o(.bss)
    _SEGGER_RTT                              0x20003b88   Data         120  segger_rtt.o(.bss)
    __initial_sp                             0x20005c00   Data           0  arm_startup_nrf52.o(STACK)



==============================================================================

Memory Map of the image

  Image Entry point : 0x00073201

  Load Region LR_IROM1 (Base: 0x00073000, Size: 0x000083f4, Max: 0x0000b000, ABSOLUTE)

    Execution Region ER_IROM1 (Base: 0x00073000, Size: 0x00008370, Max: 0x0000b000, ABSOLUTE)

    Base Addr    Size         Type   Attr      Idx    E Section Name        Object

    0x00073000   0x00000200   Data   RO         4330    RESET               arm_startup_nrf52.o
    0x00073200   0x00000000   Code   RO         4479  * .ARM.Collect$$$$00000000  mc_w.l(entry.o)
    0x00073200   0x00000004   Code   RO         4789    .ARM.Collect$$$$00000001  mc_w.l(entry2.o)
    0x00073204   0x00000004   Code   RO         4792    .ARM.Collect$$$$00000004  mc_w.l(entry5.o)
    0x00073208   0x00000000   Code   RO         4794    .ARM.Collect$$$$00000008  mc_w.l(entry7b.o)
    0x00073208   0x00000000   Code   RO         4796    .ARM.Collect$$$$0000000A  mc_w.l(entry8b.o)
    0x00073208   0x00000008   Code   RO         4797    .ARM.Collect$$$$0000000B  mc_w.l(entry9a.o)
    0x00073210   0x00000000   Code   RO         4799    .ARM.Collect$$$$0000000D  mc_w.l(entry10a.o)
    0x00073210   0x00000000   Code   RO         4801    .ARM.Collect$$$$0000000F  mc_w.l(entry11a.o)
    0x00073210   0x00000004   Code   RO         4790    .ARM.Collect$$$$00002712  mc_w.l(entry2.o)
    0x00073214   0x00000040   Code   RO         1053    .emb_text           nrf_bootloader_app_start_asm.o
    0x00073254   0x00000024   Code   RO         4331    .text               arm_startup_nrf52.o
    0x00073278   0x00000062   Code   RO         4482    .text               mc_w.l(uldiv.o)
    0x000732da   0x0000001e   Code   RO         4484    .text               mc_w.l(llshl.o)
    0x000732f8   0x00000008   Code   RO         4486    .text               mc_w.l(ctype_o.o)
    0x00073300   0x00000024   Code   RO         4514    .text               mc_w.l(memcpya.o)
    0x00073324   0x00000024   Code   RO         4518    .text               mc_w.l(memseta.o)
    0x00073348   0x0000000e   Code   RO         4520    .text               mc_w.l(strlen.o)
    0x00073356   0x0000001a   Code   RO         4522    .text               mc_w.l(memcmp.o)
    0x00073370   0x00000012   Code   RO         4524    .text               mc_w.l(strcpy.o)
    0x00073382   0x00000020   Code   RO         4808    .text               mc_w.l(llushr.o)
    0x000733a2   0x00000002   PAD
    0x000733a4   0x00000024   Code   RO         4821    .text               mc_w.l(init.o)
    0x000733c8   0x000000ca   Code   RO         4418    .text.XYcZ_add      micro_ecc_lib_nrf52.lib(micro_ecc_lib_uECC.c.o)
    0x00073492   0x0000003e   Code   RO         4419    .text.apply_z       micro_ecc_lib_nrf52.lib(micro_ecc_lib_uECC.c.o)
    0x000734d0   0x0000000c   Code   RO         4374    .text.bcopy         micro_ecc_lib_nrf52.lib(micro_ecc_lib_uECC.c.o)
    0x000734dc   0x00000088   Code   RO         4391    .text.bits2int      micro_ecc_lib_nrf52.lib(micro_ecc_lib_uECC.c.o)
    0x00073564   0x00000154   Code   RO         4414    .text.double_jacobian_default  micro_ecc_lib_nrf52.lib(micro_ecc_lib_uECC.c.o)
    0x000736b8   0x00000008   Code   RO         4426    .text.uECC_secp256r1  micro_ecc_lib_nrf52.lib(micro_ecc_lib_uECC.c.o)
    0x000736c0   0x000002d4   Code   RO         4439    .text.uECC_verify   micro_ecc_lib_nrf52.lib(micro_ecc_lib_uECC.c.o)
    0x00073994   0x0000000c   PAD
    0x000739a0   0x00000058   Code   RO         4380    .text.uECC_vli_add  micro_ecc_lib_nrf52.lib(micro_ecc_lib_uECC.c.o)
    0x000739f8   0x00000018   Code   RO         4389    .text.uECC_vli_clear  micro_ecc_lib_nrf52.lib(micro_ecc_lib_uECC.c.o)
    0x00073a10   0x0000002a   Code   RO         4375    .text.uECC_vli_cmp_unsafe  micro_ecc_lib_nrf52.lib(micro_ecc_lib_uECC.c.o)
    0x00073a3a   0x0000002a   Code   RO         4400    .text.uECC_vli_equal  micro_ecc_lib_nrf52.lib(micro_ecc_lib_uECC.c.o)
    0x00073a64   0x0000001e   Code   RO         4392    .text.uECC_vli_isZero  micro_ecc_lib_nrf52.lib(micro_ecc_lib_uECC.c.o)
    0x00073a82   0x00000002   PAD
    0x00073a84   0x0000013c   Code   RO         4408    .text.uECC_vli_mmod  micro_ecc_lib_nrf52.lib(micro_ecc_lib_uECC.c.o)
    0x00073bc0   0x00000032   Code   RO         4406    .text.uECC_vli_modAdd  micro_ecc_lib_nrf52.lib(micro_ecc_lib_uECC.c.o)
    0x00073bf2   0x0000010c   Code   RO         4420    .text.uECC_vli_modInv  micro_ecc_lib_nrf52.lib(micro_ecc_lib_uECC.c.o)
    0x00073cfe   0x00000024   Code   RO         4409    .text.uECC_vli_modMult  micro_ecc_lib_nrf52.lib(micro_ecc_lib_uECC.c.o)
    0x00073d22   0x00000020   Code   RO         4410    .text.uECC_vli_modMult_fast  micro_ecc_lib_nrf52.lib(micro_ecc_lib_uECC.c.o)
    0x00073d42   0x00000020   Code   RO         4412    .text.uECC_vli_modSquare_fast  micro_ecc_lib_nrf52.lib(micro_ecc_lib_uECC.c.o)
    0x00073d62   0x00000024   Code   RO         4407    .text.uECC_vli_modSub  micro_ecc_lib_nrf52.lib(micro_ecc_lib_uECC.c.o)
    0x00073d86   0x00000312   Code   RO         4383    .text.uECC_vli_mult  micro_ecc_lib_nrf52.lib(micro_ecc_lib_uECC.c.o)
    0x00074098   0x00000044   Code   RO         4395    .text.uECC_vli_numBits  micro_ecc_lib_nrf52.lib(micro_ecc_lib_uECC.c.o)
    0x000740dc   0x0000001a   Code   RO         4402    .text.uECC_vli_rshift1  micro_ecc_lib_nrf52.lib(micro_ecc_lib_uECC.c.o)
    0x000740f6   0x0000001a   Code   RO         4396    .text.uECC_vli_set  micro_ecc_lib_nrf52.lib(micro_ecc_lib_uECC.c.o)
    0x00074110   0x0000028c   Code   RO         4384    .text.uECC_vli_square  micro_ecc_lib_nrf52.lib(micro_ecc_lib_uECC.c.o)
    0x0007439c   0x00000004   PAD
    0x000743a0   0x00000060   Code   RO         4382    .text.uECC_vli_sub  micro_ecc_lib_nrf52.lib(micro_ecc_lib_uECC.c.o)
    0x00074400   0x00000012   Code   RO         4393    .text.uECC_vli_testBit  micro_ecc_lib_nrf52.lib(micro_ecc_lib_uECC.c.o)
    0x00074412   0x00000002   PAD
    0x00074414   0x000001b0   Code   RO         4399    .text.vli_mmod_fast_secp256r1  micro_ecc_lib_nrf52.lib(micro_ecc_lib_uECC.c.o)
    0x000745c4   0x0000003a   Code   RO         4403    .text.vli_modInv_update  micro_ecc_lib_nrf52.lib(micro_ecc_lib_uECC.c.o)
    0x000745fe   0x0000005a   Code   RO         4413    .text.x_side_default  micro_ecc_lib_nrf52.lib(micro_ecc_lib_uECC.c.o)
    0x00074658   0x00000174   Code   RO         1712    i.GPIOTE_IRQHandler  nrf_drv_gpiote.o
    0x000747cc   0x00000016   Code   RO         2472    i.NVIC_ClearPendingIRQ  app_timer.o
    0x000747e2   0x00000016   Code   RO         2473    i.NVIC_EnableIRQ    app_timer.o
    0x000747f8   0x00000016   Code   RO         2474    i.NVIC_SetPendingIRQ  app_timer.o
    0x0007480e   0x00000020   Code   RO         2475    i.NVIC_SetPriority  app_timer.o
    0x0007482e   0x00000002   PAD
    0x00074830   0x00000024   Code   RO          343    i.NVIC_SystemReset  main.o
    0x00074854   0x00000058   Code   RO         1493    i.POWER_CLOCK_IRQHandler  nrf_drv_clock.o
    0x000748ac   0x00000064   Code   RO         1955    i.RNG_IRQHandler    nrf_drv_rng.o
    0x00074910   0x00000024   Code   RO         2476    i.RTC1_IRQHandler   app_timer.o
    0x00074934   0x00000014   Code   RO         3363    i.SEGGER_RTT_Init   segger_rtt.o
    0x00074948   0x0000005c   Code   RO         3372    i.SEGGER_RTT_WriteNoLock  segger_rtt.o
    0x000749a4   0x00000004   Code   RO         2477    i.SWI0_EGU0_IRQHandler  app_timer.o
    0x000749a8   0x00000024   Code   RO         3514    i.SWI2_EGU2_IRQHandler  softdevice_handler.o
    0x000749cc   0x000002cc   Code   RO         4339    i.SystemInit        system_nrf52.o
    0x00074c98   0x0000001c   Code   RO         2050    i.UARTE0_UART0_IRQHandler  nrf_drv_uart.o
    0x00074cb4   0x00000068   Code   RO         3375    i._DoInit           segger_rtt.o
    0x00074d1c   0x00000016   Code   RO         3376    i._GetAvailWriteSpace  segger_rtt.o
    0x00074d32   0x0000005a   Code   RO         3378    i._WriteBlocking    segger_rtt.o
    0x00074d8c   0x0000003e   Code   RO         3379    i._WriteNoCheck     segger_rtt.o
    0x00074dca   0x00000002   PAD
    0x00074dcc   0x00000030   Code   RO         4736    i.__0snprintf$8     mc_w.l(printf8.o)
    0x00074dfc   0x0000000e   Code   RO         4831    i.__scatterload_copy  mc_w.l(handlers.o)
    0x00074e0a   0x00000002   Code   RO         4832    i.__scatterload_null  mc_w.l(handlers.o)
    0x00074e0c   0x0000000e   Code   RO         4833    i.__scatterload_zeroinit  mc_w.l(handlers.o)
    0x00074e1a   0x00000002   PAD
    0x00074e1c   0x00000410   Code   RO         4742    i._printf_core      mc_w.l(printf8.o)
    0x0007522c   0x00000024   Code   RO         4743    i._printf_post_padding  mc_w.l(printf8.o)
    0x00075250   0x0000002e   Code   RO         4744    i._printf_pre_padding  mc_w.l(printf8.o)
    0x0007527e   0x00000016   Code   RO         4745    i._snputc           mc_w.l(printf8.o)
    0x00075294   0x00000034   Code   RO          345    i.app_error_handler_bare  main.o
    0x000752c8   0x000000a0   Code   RO         2424    i.app_sched_event_put  app_scheduler.o
    0x00075368   0x00000040   Code   RO         2425    i.app_sched_execute  app_scheduler.o
    0x000753a8   0x0000002c   Code   RO         2426    i.app_sched_init    app_scheduler.o
    0x000753d4   0x00000024   Code   RO         2480    i.app_timer_create  app_timer.o
    0x000753f8   0x00000054   Code   RO         2481    i.app_timer_init    app_timer.o
    0x0007544c   0x00000088   Code   RO         2484    i.app_timer_start   app_timer.o
    0x000754d4   0x00000020   Code   RO         2485    i.app_timer_stop    app_timer.o
    0x000754f4   0x00000048   Code   RO         2646    i.app_util_critical_region_enter  app_util_platform.o
    0x0007553c   0x00000034   Code   RO         2647    i.app_util_critical_region_exit  app_util_platform.o
    0x00075570   0x000000b8   Code   RO         2051    i.apply_config      nrf_drv_uart.o
    0x00075628   0x00000010   Code   RO          432    i.bsp_board_led_off  boards.o
    0x00075638   0x00000010   Code   RO          433    i.bsp_board_led_on  boards.o
    0x00075648   0x0000002c   Code   RO          435    i.bsp_board_leds_init  boards.o
    0x00075674   0x00000012   Code   RO          436    i.bsp_board_leds_off  boards.o
    0x00075686   0x00000012   Code   RO         3068    i.buf_len_update    nrf_log_backend_serial.o
    0x00075698   0x0000001c   Code   RO         4155    i.buf_read          pb_decode.o
    0x000756b4   0x00000010   Code   RO         1715    i.channel_port_get  nrf_drv_gpiote.o
    0x000756c4   0x00000028   Code   RO         1494    i.clock_clk_started_notify  nrf_drv_clock.o
    0x000756ec   0x000000ac   Code   RO         2487    i.compare_reg_update  app_timer.o
    0x00075798   0x0000003c   Code   RO         2714    i.crc32_compute     crc32.o
    0x000757d4   0x0000007e   Code   RO         4156    i.decode_callback_field  pb_decode.o
    0x00075852   0x0000001a   Code   RO         4157    i.decode_field      pb_decode.o
    0x0007586c   0x000000e0   Code   RO         4158    i.decode_static_field  pb_decode.o
    0x0007594c   0x00000010   Code   RO           51    i.dfu_data_write_handler  dfu_req_handling.o
    0x0007595c   0x00000094   Code   RO           52    i.dfu_decode_commmand  dfu_req_handling.o
    0x000759f0   0x00000530   Code   RO           53    i.dfu_handle_prevalidate  dfu_req_handling.o
    0x00075f20   0x000000a0   Code   RO           54    i.dfu_handle_signed_command  dfu_req_handling.o
    0x00075fc0   0x00000018   Code   RO         1312    i.dfu_settings_write_callback  nrf_dfu_settings.o
    0x00075fd8   0x00000040   Code   RO         2488    i.elapsed_ticks_acquire  app_timer.o
    0x00076018   0x0000000c   Code   RO         1223    i.ext_error_set     nrf_dfu_handling_error.o
    0x00076024   0x00000038   Code   RO         3516    i.intern_softdevice_events_execute  softdevice_handler.o
    0x0007605c   0x00000078   Code   RO         2052    i.interrupts_enable  nrf_drv_uart.o
    0x000760d4   0x0000000c   Code   RO         3925    i.is_word_aligned   micro_ecc_lib_ecdsa.o
    0x000760e0   0x0000002e   Code   RO         4159    i.iter_from_extension  pb_decode.o
    0x0007610e   0x00000002   PAD
    0x00076110   0x000000f8   Code   RO         2489    i.list_insertions_handler  app_timer.o
    0x00076208   0x00000074   Code   RO          346    i.main              main.o
    0x0007627c   0x00000010   Code   RO         1716    i.nrf_bitmask_bit_is_set  nrf_drv_gpiote.o
    0x0007628c   0x0000014c   Code   RO         1029    i.nrf_bootloader_app_start  nrf_bootloader_app_start.o
    0x000763d8   0x00000064   Code   RO          993    i.nrf_bootloader_init  nrf_bootloader.o
    0x0007643c   0x0000000e   Code   RO         1498    i.nrf_clock_event_check  nrf_drv_clock.o
    0x0007644a   0x00000010   Code   RO         1499    i.nrf_clock_event_clear  nrf_drv_clock.o
    0x0007645a   0x00000078   Code   RO         3682    i.nrf_crypto_ecdsa_sizes_get  nrf_crypto_ecdsa.o
    0x000764d2   0x00000092   Code   RO         3926    i.nrf_crypto_ecdsa_verify_hash  micro_ecc_lib_ecdsa.o
    0x00076564   0x00000074   Code   RO         4067    i.nrf_crypto_hash_compute  nrf_crypto_sw_hash.o
    0x000765d8   0x00000046   Code   RO         4068    i.nrf_crypto_hash_finalize  nrf_crypto_sw_hash.o
    0x0007661e   0x00000028   Code   RO         4069    i.nrf_crypto_hash_init  nrf_crypto_sw_hash.o
    0x00076646   0x0000002e   Code   RO         3728    i.nrf_crypto_hash_size_get  nrf_crypto_hash.o
    0x00076674   0x00000018   Code   RO         4070    i.nrf_crypto_hash_update  nrf_crypto_sw_hash.o
    0x0007668c   0x0000008c   Code   RO         1087    i.nrf_delay_us      nrf_dfu.o
    0x00076718   0x0000008c   Code   RO         1313    i.nrf_delay_us      nrf_dfu_settings.o
    0x000767a4   0x0000008c   Code   RO         2490    i.nrf_delay_us      app_timer.o
    0x00076830   0x0000017c   Code   RO         1409    i.nrf_dfu_app_continue  nrf_dfu_utils.o
    0x000769ac   0x000000e0   Code   RO         1410    i.nrf_dfu_app_is_valid  nrf_dfu_utils.o
    0x00076a8c   0x00000138   Code   RO         1411    i.nrf_dfu_bl_continue  nrf_dfu_utils.o
    0x00076bc4   0x000003b0   Code   RO           55    i.nrf_dfu_command_req  dfu_req_handling.o
    0x00076f74   0x00000060   Code   RO         1412    i.nrf_dfu_continue  nrf_dfu_utils.o
    0x00076fd4   0x000000fc   Code   RO         1413    i.nrf_dfu_continue_bank  nrf_dfu_utils.o
    0x000770d0   0x00000538   Code   RO           56    i.nrf_dfu_data_req  dfu_req_handling.o
    0x00077608   0x00000044   Code   RO         1088    i.nrf_dfu_enter_check  nrf_dfu.o
    0x0007764c   0x000002b0   Code   RO         1414    i.nrf_dfu_find_cache  nrf_dfu_utils.o
    0x000778fc   0x000000ac   Code   RO         1159    i.nrf_dfu_flash_erase  nrf_dfu_flash.o
    0x000779a8   0x0000000c   Code   RO         1161    i.nrf_dfu_flash_init  nrf_dfu_flash.o
    0x000779b4   0x0000007c   Code   RO         1162    i.nrf_dfu_flash_store  nrf_dfu_flash.o
    0x00077a30   0x000001e0   Code   RO         1089    i.nrf_dfu_init      nrf_dfu.o
    0x00077c10   0x00000018   Code   RO         1415    i.nrf_dfu_invalidate_bank  nrf_dfu_utils.o
    0x00077c28   0x0000001c   Code   RO         1260    i.nrf_dfu_mbr_compare  nrf_dfu_mbr.o
    0x00077c44   0x00000016   Code   RO         1261    i.nrf_dfu_mbr_copy_bl  nrf_dfu_mbr.o
    0x00077c5a   0x00000002   PAD
    0x00077c5c   0x00000024   Code   RO         1262    i.nrf_dfu_mbr_copy_sd  nrf_dfu_mbr.o
    0x00077c80   0x00000018   Code   RO         1263    i.nrf_dfu_mbr_init_sd  nrf_dfu_mbr.o
    0x00077c98   0x00000324   Code   RO           57    i.nrf_dfu_postvalidate  dfu_req_handling.o
    0x00077fbc   0x00000058   Code   RO           58    i.nrf_dfu_req_handler_init  dfu_req_handling.o
    0x00078014   0x00000068   Code   RO           59    i.nrf_dfu_req_handler_on_req  dfu_req_handling.o
    0x0007807c   0x0000001c   Code   RO           60    i.nrf_dfu_req_handler_reset_if_dfu_complete  dfu_req_handling.o
    0x00078098   0x000000a0   Code   RO         1416    i.nrf_dfu_sd_bl_continue  nrf_dfu_utils.o
    0x00078138   0x0000008c   Code   RO         1417    i.nrf_dfu_sd_continue  nrf_dfu_utils.o
    0x000781c4   0x0000022c   Code   RO         1418    i.nrf_dfu_sd_continue_impl  nrf_dfu_utils.o
    0x000783f0   0x00000010   Code   RO         1314    i.nrf_dfu_settings_calculate_crc  nrf_dfu_settings.o
    0x00078400   0x00000090   Code   RO         1315    i.nrf_dfu_settings_init  nrf_dfu_settings.o
    0x00078490   0x000001a8   Code   RO         1316    i.nrf_dfu_settings_write  nrf_dfu_settings.o
    0x00078638   0x000000b8   Code   RO         1375    i.nrf_dfu_transports_close  nrf_dfu_transport.o
    0x000786f0   0x000000b4   Code   RO         1376    i.nrf_dfu_transports_init  nrf_dfu_transport.o
    0x000787a4   0x00000006   Code   RO         1090    i.nrf_dfu_wait      nrf_dfu.o
    0x000787aa   0x0000000a   Code   RO         1514    i.nrf_drv_clock_on_soc_event  nrf_drv_clock.o
    0x000787b4   0x00000016   Code   RO         2053    i.nrf_drv_common_irq_disable  nrf_drv_uart.o
    0x000787ca   0x00000038   Code   RO         1676    i.nrf_drv_common_irq_enable  nrf_drv_common.o
    0x00078802   0x00000006   Code   RO         2054    i.nrf_drv_get_IRQn  nrf_drv_uart.o
    0x00078808   0x00000010   Code   RO         2055    i.nrf_drv_is_in_RAM  nrf_drv_uart.o
    0x00078818   0x00000014   Code   RO         1963    i.nrf_drv_rng_stop  nrf_drv_rng.o
    0x0007882c   0x00000068   Code   RO         2057    i.nrf_drv_uart_init  nrf_drv_uart.o
    0x00078894   0x000000b0   Code   RO         2058    i.nrf_drv_uart_rx   nrf_drv_uart.o
    0x00078944   0x00000030   Code   RO         2061    i.nrf_drv_uart_rx_enable  nrf_drv_uart.o
    0x00078974   0x000000a8   Code   RO         2062    i.nrf_drv_uart_rx_for_uart  nrf_drv_uart.o
    0x00078a1c   0x000000b0   Code   RO         2063    i.nrf_drv_uart_rx_for_uarte  nrf_drv_uart.o
    0x00078acc   0x0000010c   Code   RO         2065    i.nrf_drv_uart_tx   nrf_drv_uart.o
    0x00078bd8   0x00000018   Code   RO         2067    i.nrf_drv_uart_tx_in_progress  nrf_drv_uart.o
    0x00078bf0   0x00000054   Code   RO         2068    i.nrf_drv_uart_uninit  nrf_drv_uart.o
    0x00078c44   0x00000024   Code   RO          440    i.nrf_gpio_cfg      boards.o
    0x00078c68   0x00000024   Code   RO         2069    i.nrf_gpio_cfg      nrf_drv_uart.o
    0x00078c8c   0x00000012   Code   RO         2070    i.nrf_gpio_cfg_default  nrf_drv_uart.o
    0x00078c9e   0x00000012   Code   RO         2071    i.nrf_gpio_cfg_input  nrf_drv_uart.o
    0x00078cb0   0x00000014   Code   RO         2072    i.nrf_gpio_cfg_output  nrf_drv_uart.o
    0x00078cc4   0x00000010   Code   RO         3277    i.nrf_gpio_cfg_output  nrf_serial_dfu.o
    0x00078cd4   0x00000022   Code   RO         1742    i.nrf_gpio_cfg_sense_set  nrf_drv_gpiote.o
    0x00078cf6   0x00000016   Code   RO          441    i.nrf_gpio_pin_write  boards.o
    0x00078d0c   0x00000028   Code   RO         1743    i.nrf_gpio_ports_read  nrf_drv_gpiote.o
    0x00078d34   0x00000014   Code   RO         1744    i.nrf_gpiote_event_clear  nrf_drv_gpiote.o
    0x00078d48   0x00000010   Code   RO         1745    i.nrf_gpiote_event_is_set  nrf_drv_gpiote.o
    0x00078d58   0x00000008   Code   RO         3070    i.nrf_log_backend_hexdump_handler_get  nrf_log_backend_serial.o
    0x00078d60   0x00000024   Code   RO         3071    i.nrf_log_backend_init  nrf_log_backend_serial.o
    0x00078d84   0x0000011c   Code   RO         3072    i.nrf_log_backend_serial_hexdump_handler  nrf_log_backend_serial.o
    0x00078ea0   0x00000108   Code   RO         3073    i.nrf_log_backend_serial_std_handler  nrf_log_backend_serial.o
    0x00078fa8   0x00000008   Code   RO         3074    i.nrf_log_backend_std_handler_get  nrf_log_backend_serial.o
    0x00078fb0   0x00000018   Code   RO         3160    i.nrf_log_direct_feed  nrf_log_frontend.o
    0x00078fc8   0x00000008   Code   RO         3164    i.nrf_log_frontend_std_0  nrf_log_frontend.o
    0x00078fd0   0x0000000e   Code   RO         3165    i.nrf_log_frontend_std_1  nrf_log_frontend.o
    0x00078fde   0x00000010   Code   RO         3166    i.nrf_log_frontend_std_2  nrf_log_frontend.o
    0x00078fee   0x00000012   Code   RO         3167    i.nrf_log_frontend_std_3  nrf_log_frontend.o
    0x00079000   0x0000001c   Code   RO         3169    i.nrf_log_frontend_std_5  nrf_log_frontend.o
    0x0007901c   0x0000000c   Code   RO         3172    i.nrf_log_handlers_set  nrf_log_frontend.o
    0x00079028   0x00000022   Code   RO         3173    i.nrf_log_init      nrf_log_frontend.o
    0x0007904a   0x00000002   PAD
    0x0007904c   0x00000030   Code   RO         2284    i.nrf_nvmc_page_erase  nrf_nvmc.o
    0x0007907c   0x0000003c   Code   RO         2288    i.nrf_nvmc_write_words  nrf_nvmc.o
    0x000790b8   0x0000001e   Code   RO         2849    i.nrf_queue_is_full  nrf_queue.o
    0x000790d6   0x0000000e   Code   RO         2851    i.nrf_queue_next_idx  nrf_queue.o
    0x000790e4   0x000000b2   Code   RO         2853    i.nrf_queue_push    nrf_queue.o
    0x00079196   0x0000000a   Code   RO         2073    i.nrf_uart_event_check  nrf_drv_uart.o
    0x000791a0   0x0000000c   Code   RO         2074    i.nrf_uart_event_clear  nrf_drv_uart.o
    0x000791ac   0x0000000c   Code   RO         2075    i.nrf_uart_int_enable_check  nrf_drv_uart.o
    0x000791b8   0x0000000a   Code   RO         2076    i.nrf_uarte_event_check  nrf_drv_uart.o
    0x000791c2   0x0000000c   Code   RO         2077    i.nrf_uarte_event_clear  nrf_drv_uart.o
    0x000791ce   0x00000002   PAD
    0x000791d0   0x00000018   Code   RO           61    i.on_dfu_complete   dfu_req_handling.o
    0x000791e8   0x000002b0   Code   RO         3278    i.on_packet_received  nrf_serial_dfu.o
    0x00079498   0x00000040   Code   RO         4161    i.pb_dec_bytes      pb_decode.o
    0x000794d8   0x00000006   Code   RO         4162    i.pb_dec_fixed32    pb_decode.o
    0x000794de   0x00000006   Code   RO         4163    i.pb_dec_fixed64    pb_decode.o
    0x000794e4   0x0000003e   Code   RO         4164    i.pb_dec_string     pb_decode.o
    0x00079522   0x00000040   Code   RO         4165    i.pb_dec_submessage  pb_decode.o
    0x00079562   0x00000058   Code   RO         4166    i.pb_dec_svarint    pb_decode.o
    0x000795ba   0x00000058   Code   RO         4167    i.pb_dec_uvarint    pb_decode.o
    0x00079612   0x0000005a   Code   RO         4168    i.pb_dec_varint     pb_decode.o
    0x0007966c   0x0000001e   Code   RO         4169    i.pb_decode         pb_decode.o
    0x0007968a   0x00000020   Code   RO         4171    i.pb_decode_fixed32  pb_decode.o
    0x000796aa   0x0000005c   Code   RO         4172    i.pb_decode_fixed64  pb_decode.o
    0x00079706   0x00000002   PAD
    0x00079708   0x00000186   Code   RO         4173    i.pb_decode_noinit  pb_decode.o
    0x0007988e   0x0000003a   Code   RO         4174    i.pb_decode_svarint  pb_decode.o
    0x000798c8   0x00000042   Code   RO         4175    i.pb_decode_tag     pb_decode.o
    0x0007990a   0x0000004a   Code   RO         4176    i.pb_decode_varint  pb_decode.o
    0x00079954   0x0000004c   Code   RO         4177    i.pb_decode_varint32  pb_decode.o
    0x000799a0   0x00000054   Code   RO           62    i.pb_decoding_callback  dfu_req_handling.o
    0x000799f4   0x00000022   Code   RO         4128    i.pb_field_iter_begin  pb_common.o
    0x00079a16   0x0000002e   Code   RO         4129    i.pb_field_iter_find  pb_common.o
    0x00079a44   0x00000080   Code   RO         4130    i.pb_field_iter_next  pb_common.o
    0x00079ac4   0x000000a4   Code   RO         4178    i.pb_field_set_to_default  pb_decode.o
    0x00079b68   0x00000014   Code   RO         4179    i.pb_istream_from_buffer  pb_decode.o
    0x00079b7c   0x00000036   Code   RO         4180    i.pb_make_string_substream  pb_decode.o
    0x00079bb2   0x00000026   Code   RO         4181    i.pb_message_set_to_defaults  pb_decode.o
    0x00079bd8   0x00000058   Code   RO         4182    i.pb_read           pb_decode.o
    0x00079c30   0x00000020   Code   RO         4183    i.pb_readbyte       pb_decode.o
    0x00079c50   0x0000005a   Code   RO         4184    i.pb_skip_field     pb_decode.o
    0x00079caa   0x00000002   PAD
    0x00079cac   0x00000078   Code   RO         2078    i.pins_to_default   nrf_drv_uart.o
    0x00079d24   0x00000018   Code   RO         2859    i.queue_utilization_get  nrf_queue.o
    0x00079d3c   0x00000062   Code   RO         4185    i.read_raw_value    pb_decode.o
    0x00079d9e   0x00000002   PAD
    0x00079da0   0x00000064   Code   RO         1091    i.reset_delay_timer_handler  nrf_dfu.o
    0x00079e04   0x0000004c   Code   RO           63    i.reset_device      dfu_req_handling.o
    0x00079e50   0x00000058   Code   RO         1419    i.reset_device_callback  nrf_dfu_utils.o
    0x00079ea8   0x000000cc   Code   RO         3279    i.response_send     nrf_serial_dfu.o
    0x00079f74   0x0000003c   Code   RO         2491    i.rtc1_stop         app_timer.o
    0x00079fb0   0x00000032   Code   RO         2079    i.rx_byte           nrf_drv_uart.o
    0x00079fe2   0x00000018   Code   RO         2080    i.rx_done_event     nrf_drv_uart.o
    0x00079ffa   0x00000020   Code   RO         2081    i.rx_enable         nrf_drv_uart.o
    0x0007a01a   0x00000002   PAD
    0x0007a01c   0x00000010   Code   RO         3280    i.serial_dfu_transport_close  nrf_serial_dfu.o
    0x0007a02c   0x00000114   Code   RO         3281    i.serial_dfu_transport_init  nrf_serial_dfu.o
    0x0007a140   0x0000002e   Code   RO         3075    i.serial_tx         nrf_log_backend_serial.o
    0x0007a16e   0x00000110   Code   RO         2985    i.sha256_final      sha256.o
    0x0007a27e   0x00000002   PAD
    0x0007a280   0x00000054   Code   RO         2986    i.sha256_init       sha256.o
    0x0007a2d4   0x0000012c   Code   RO         2987    i.sha256_transform  sha256.o
    0x0007a400   0x00000054   Code   RO         2988    i.sha256_update     sha256.o
    0x0007a454   0x0000006e   Code   RO         3035    i.slip_decode_add_byte  slip.o
    0x0007a4c2   0x00000056   Code   RO         3036    i.slip_encode       slip.o
    0x0007a518   0x0000000c   Code   RO         3521    i.softdevice_handler_is_enabled  softdevice_handler.o
    0x0007a524   0x00000018   Code   RO         2492    i.timeout_handler_scheduled_exec  app_timer.o
    0x0007a53c   0x00000080   Code   RO         2493    i.timer_list_handler  app_timer.o
    0x0007a5bc   0x0000003c   Code   RO         2494    i.timer_list_insert  app_timer.o
    0x0007a5f8   0x00000060   Code   RO         2495    i.timer_list_remove  app_timer.o
    0x0007a658   0x00000048   Code   RO         2496    i.timer_stop_op_schedule  app_timer.o
    0x0007a6a0   0x00000088   Code   RO         2497    i.timer_timeouts_check  app_timer.o
    0x0007a728   0x00000034   Code   RO         3076    i.timestamp_process  nrf_log_backend_serial.o
    0x0007a75c   0x00000020   Code   RO         2082    i.tx_byte           nrf_drv_uart.o
    0x0007a77c   0x0000001c   Code   RO         2083    i.tx_done_event     nrf_drv_uart.o
    0x0007a798   0x00000054   Code   RO         3282    i.uart_event_handler  nrf_serial_dfu.o
    0x0007a7ec   0x0000011e   Code   RO         2084    i.uart_irq_handler  nrf_drv_uart.o
    0x0007a90a   0x000000f0   Code   RO         2085    i.uarte_irq_handler  nrf_drv_uart.o
    0x0007a9fa   0x00000012   Code   RO         3283    i.uint32_encode     nrf_serial_dfu.o
    0x0007aa0c   0x00000030   Code   RO         2498    i.user_op_alloc     app_timer.o
    0x0007aa3c   0x00000001   Data   RO            1    .constdata          dfu-cc.pb.o
    0x0007aa3d   0x00000003   PAD
    0x0007aa40   0x00000024   Data   RO            2    .constdata          dfu-cc.pb.o
    0x0007aa64   0x00000078   Data   RO            3    .constdata          dfu-cc.pb.o
    0x0007aadc   0x00000018   Data   RO            4    .constdata          dfu-cc.pb.o
    0x0007aaf4   0x00000030   Data   RO            5    .constdata          dfu-cc.pb.o
    0x0007ab24   0x00000030   Data   RO            6    .constdata          dfu-cc.pb.o
    0x0007ab54   0x00000024   Data   RO            7    .constdata          dfu-cc.pb.o
    0x0007ab78   0x00000040   Data   RO           36    .constdata          dfu_public_key.o
    0x0007abb8   0x00000005   Data   RO           68    .constdata          dfu_req_handling.o
    0x0007abbd   0x00000008   Data   RO          442    .constdata          boards.o
    0x0007abc5   0x00000003   PAD
    0x0007abc8   0x00000010   Data   RO         1164    .constdata          nrf_dfu_flash.o
    0x0007abd8   0x00000040   Data   RO         1265    .constdata          nrf_dfu_mbr.o
    0x0007ac18   0x00000004   Data   RO         1421    .constdata          nrf_dfu_utils.o
    0x0007ac1c   0x00000004   Data   RO         1749    .constdata          nrf_drv_gpiote.o
    0x0007ac20   0x00000018   Data   RO         1967    .constdata          nrf_drv_rng.o
    0x0007ac38   0x00000100   Data   RO         2989    .constdata          sha256.o
    0x0007ad38   0x00000028   Data   RO         3285    .constdata          nrf_serial_dfu.o
    0x0007ad60   0x00000008   Data   RO         4071    .constdata          nrf_crypto_sw_hash.o
    0x0007ad68   0x00000024   Data   RO         4186    .constdata          pb_decode.o
    0x0007ad8c   0x00000081   Data   RO         4487    .constdata          mc_w.l(ctype_o.o)
    0x0007ae0d   0x00000003   PAD
    0x0007ae10   0x00000004   Data   RO         4488    .constdata          mc_w.l(ctype_o.o)
    0x0007ae14   0x00000242   Data   RO           69    .conststring        dfu_req_handling.o
    0x0007b056   0x00000002   PAD
    0x0007b058   0x00000043   Data   RO         1321    .conststring        nrf_dfu_settings.o
    0x0007b09b   0x00000001   PAD
    0x0007b09c   0x000001f9   Data   RO         1422    .conststring        nrf_dfu_utils.o
    0x0007b295   0x00000003   PAD
    0x0007b298   0x000000b0   Data   RO         4454    .rodata.curve_secp256r1  micro_ecc_lib_nrf52.lib(micro_ecc_lib_uECC.c.o)
    0x0007b348   0x00000020   Data   RO         4829    Region$$Table       anon$$obj.o
    0x0007b368   0x00000008   Data   RO         3286    dfu_trans           nrf_serial_dfu.o


    Execution Region RW_IRAM1 (Base: 0x20002c00, Size: 0x00003000, Max: 0x0000d380, ABSOLUTE)

    Base Addr    Size         Type   Attr      Idx    E Section Name        Object

    0x20002c00   0x0000003c   Data   RW           70    .data               dfu_req_handling.o
    0x20002c3c   0x00000004   Data   RW         1165    .data               nrf_dfu_flash.o
    0x20002c40   0x00000001   Data   RW         1224    .data               nrf_dfu_handling_error.o
    0x20002c41   0x00000003   PAD
    0x20002c44   0x00000008   Data   RW         1322    .data               nrf_dfu_settings.o
    0x20002c4c   0x00000010   Data   RW         2428    .data               app_scheduler.o
    0x20002c5c   0x00000014   Data   RW         2500    .data               app_timer.o
    0x20002c70   0x00000002   Data   RW         3078    .data               nrf_log_backend_serial.o
    0x20002c72   0x00000002   PAD
    0x20002c74   0x0000000c   Data   RW         3527    .data               softdevice_handler.o
    0x20002c80   0x00000004   Data   RW         4340    .data               system_nrf52.o
    0x20002c84   0x0000053c   Zero   RW           64    .bss                dfu_req_handling.o
    0x200031c0   0x00000040   Zero   RW           65    .bss                dfu_req_handling.o
    0x20003200   0x00000020   Zero   RW           66    .bss                dfu_req_handling.o
    0x20003220   0x00000020   Zero   RW           67    .bss                dfu_req_handling.o
    0x20003240   0x00000150   Zero   RW         1092    .bss                nrf_dfu.o
    0x20003390   0x000002b8   Zero   RW         1320    .bss                nrf_dfu_settings.o
    0x20003648   0x00000020   Zero   RW         1420    .bss                nrf_dfu_utils.o
    0x20003668   0x00000014   Zero   RW         1516    .bss                nrf_drv_clock.o
    0x2000367c   0x00000058   Zero   RW         1748    .bss                nrf_drv_gpiote.o
    0x200036d4   0x00000021   Zero   RW         1965    .bss                nrf_drv_rng.o
    0x200036f5   0x00000003   PAD
    0x200036f8   0x0000000c   Zero   RW         1966    .bss                nrf_drv_rng.o
    0x20003704   0x00000020   Zero   RW         2086    .bss                nrf_drv_uart.o
    0x20003724   0x0000010c   Zero   RW         2499    .bss                app_timer.o
    0x20003830   0x0000000c   Zero   RW         2652    .bss                app_util_platform.o
    0x2000383c   0x0000001c   Zero   RW         3175    .bss                nrf_log_frontend.o
    0x20003858   0x00000120   Zero   RW         3284    .bss                nrf_serial_dfu.o
    0x20003978   0x00000288   Zero   RW         3380    .bss                segger_rtt.o
    0x20003c00   0x00002000   Zero   RW         4328    STACK               arm_startup_nrf52.o



  Load Region LR$$.ARM.__AT_0x0007E000 (Base: 0x0007e000, Size: 0x00000000, Max: 0x00001000, ABSOLUTE)

    Execution Region ER$$.ARM.__AT_0x0007E000 (Base: 0x0007e000, Size: 0x00001000, Max: 0x00001000, ABSOLUTE, UNINIT)

    Base Addr    Size         Type   Attr      Idx    E Section Name        Object

    0x0007e000   0x00001000   Zero   RW         1317    .ARM.__AT_0x0007E000  nrf_dfu_settings.o



  Load Region LR$$.ARM.__AT_0x0007F000 (Base: 0x0007f000, Size: 0x00000000, Max: 0x00001000, ABSOLUTE)

    Execution Region ER$$.ARM.__AT_0x0007F000 (Base: 0x0007f000, Size: 0x00001000, Max: 0x00001000, ABSOLUTE, UNINIT)

    Base Addr    Size         Type   Attr      Idx    E Section Name        Object

    0x0007f000   0x00001000   Zero   RW         1318    .ARM.__AT_0x0007F000  nrf_dfu_settings.o



  Load Region LR$$.ARM.__AT_0x10001014 (Base: 0x10001014, Size: 0x00000004, Max: 0x00000004, ABSOLUTE)

    Execution Region ER$$.ARM.__AT_0x10001014 (Base: 0x10001014, Size: 0x00000004, Max: 0x00000004, ABSOLUTE, UNINIT)

    Base Addr    Size         Type   Attr      Idx    E Section Name        Object

    0x10001014   0x00000004   Data   RW         1066    .ARM.__AT_0x10001014  nrf_bootloader_info.o



  Load Region LR$$.ARM.__AT_0x10001018 (Base: 0x10001018, Size: 0x00000004, Max: 0x00000004, ABSOLUTE)

    Execution Region ER$$.ARM.__AT_0x10001018 (Base: 0x10001018, Size: 0x00000004, Max: 0x00000004, ABSOLUTE, UNINIT)

    Base Addr    Size         Type   Attr      Idx    E Section Name        Object

    0x10001018   0x00000004   Data   RW         1319    .ARM.__AT_0x10001018  nrf_dfu_settings.o


==============================================================================

Image component sizes


      Code (inc. data)   RO Data    RW Data    ZI Data      Debug   Object Name

       268         16          0         16          0      25663   app_scheduler.o
      1674        124          0         20        268      49263   app_timer.o
       124         14          0          0         12       9530   app_util_platform.o
        36          8        512          0       8192        952   arm_startup_nrf52.o
         0          0          0          0          0        384   ble_advdata.o
         0          0          0          0          0       1468   ble_conn_params.o
       152         18          8          0          0       8838   boards.o
        60          6          0          0          0       1556   crc32.o
         0          0        313          0          0      13936   dfu-cc.pb.o
         0          0         64          0          0        877   dfu_public_key.o
      5140       2474        583         60       1468     101476   dfu_req_handling.o
       204         98          0          0          0       7760   main.o
       158          0          0          0          0       4083   micro_ecc_lib_ecdsa.o
       100         70          0          0          0        746   nrf_bootloader.o
       332        250          0          0          0        863   nrf_bootloader_app_start.o
        64          2          0          0          0        648   nrf_bootloader_app_start_asm.o
         0          0          0          4          0        398   nrf_bootloader_info.o
       120         10          0          0          0       1713   nrf_crypto_ecdsa.o
        46          8          0          0          0       1547   nrf_crypto_hash.o
       250          6          8          0          0       9249   nrf_crypto_sw_hash.o
       794        364          0          0        336      10948   nrf_dfu.o
       308        116         16          4          0       8333   nrf_dfu_flash.o
        12          4          0          1          0       3724   nrf_dfu_handling_error.o
       110         14         64          0          0       5552   nrf_dfu_mbr.o
       748        352         67         12       8888       6314   nrf_dfu_settings.o
       364        230          0          0          0       3508   nrf_dfu_transport.o
      2920       1594        509          0         32      11769   nrf_dfu_utils.o
       168         10          0          0         20      10758   nrf_drv_clock.o
        56          0          0          0          0      29291   nrf_drv_common.o
       514         30          4          0         88      21184   nrf_drv_gpiote.o
       120         24         24          0         45      38356   nrf_drv_rng.o
      2384         82          0          0         32      47095   nrf_drv_uart.o
       716         30          0          2          0      10103   nrf_log_backend_serial.o
       154          8          0          0         28       9545   nrf_log_frontend.o
       108         18          0          0          0       2157   nrf_nvmc.o
       246          0          0          0          0       4490   nrf_queue.o
      1302        452         48          0        288      40637   nrf_serial_dfu.o
       208          0          0          0          0       3660   pb_common.o
      2320         14         36          0          0      29186   pb_decode.o
       390         40          0          0        648       8809   segger_rtt.o
       740         40        256          0          0       6024   sha256.o
       196          0          0          0          0       3349   slip.o
       104         14          0         12          0       4374   softdevice_handler.o
       716         62          0          4          0       2891   system_nrf52.o

    ----------------------------------------------------------------------
     24448       6602       2556        140      20348     563007   Object Totals
         0          0         32          0          0          0   (incl. Generated)
        22          0         12          5          3          0   (incl. Padding)

    ----------------------------------------------------------------------

      Code (inc. data)   RO Data    RW Data    ZI Data      Debug   Library Member Name

         8          4        133          0          0         68   ctype_o.o
         0          0          0          0          0          0   entry.o
         0          0          0          0          0          0   entry10a.o
         0          0          0          0          0          0   entry11a.o
         8          4          0          0          0          0   entry2.o
         4          0          0          0          0          0   entry5.o
         0          0          0          0          0          0   entry7b.o
         0          0          0          0          0          0   entry8b.o
         8          4          0          0          0          0   entry9a.o
        30          0          0          0          0          0   handlers.o
        36          8          0          0          0         68   init.o
        30          0          0          0          0         68   llshl.o
        32          0          0          0          0         68   llushr.o
        26          0          0          0          0         80   memcmp.o
        36          0          0          0          0         68   memcpya.o
        36          0          0          0          0        108   memseta.o
      1192         48          0          0          0        420   printf8.o
        18          0          0          0          0         68   strcpy.o
        14          0          0          0          0         68   strlen.o
        98          0          0          0          0         92   uldiv.o
      4732         12        176          0          0      88600   micro_ecc_lib_uECC.c.o

    ----------------------------------------------------------------------
      6332         80        312          0          0      89776   Library Totals
        24          0          3          0          0          0   (incl. Padding)

    ----------------------------------------------------------------------

      Code (inc. data)   RO Data    RW Data    ZI Data      Debug   Library Name

      1576         68        133          0          0       1176   mc_w.l
      4732         12        176          0          0      88600   micro_ecc_lib_nrf52.lib

    ----------------------------------------------------------------------
      6332         80        312          0          0      89776   Library Totals

    ----------------------------------------------------------------------

==============================================================================


      Code (inc. data)   RO Data    RW Data    ZI Data      Debug   

     30780       6682       2868        140      20348     631567   Grand Totals
     30780       6682       2868        140      20348     631567   ELF Image Totals
     30780       6682       2868        140          0          0   ROM Totals

==============================================================================

    Total RO  Size (Code + RO Data)                33648 (  32.86kB)
    Total RW  Size (RW Data + ZI Data)             20488 (  20.01kB)
    Total ROM Size (Code + RO Data + RW Data)      33788 (  33.00kB)

==============================================================================

